Archive member included to satisfy reference by file (symbol)

C:/ST/STM32CubeIDE_1.17.0/STM32CubeIDE/plugins/com.st.stm32cube.ide.mcu.externaltools.gnu-tools-for-stm32.14.3.rel1.win32_1.0.100.202602081740/tools/bin/../lib/gcc/arm-none-eabi/14.3.1/../../../../arm-none-eabi/lib/thumb/v7e-m+fp/hard\libc_nano.a(libc_a-exit.o)
                              C:/ST/STM32CubeIDE_1.17.0/STM32CubeIDE/plugins/com.st.stm32cube.ide.mcu.externaltools.gnu-tools-for-stm32.14.3.rel1.win32_1.0.100.202602081740/tools/bin/../lib/gcc/arm-none-eabi/14.3.1/../../../../arm-none-eabi/lib/thumb/v7e-m+fp/hard/crt0.o (exit)
C:/ST/STM32CubeIDE_1.17.0/STM32CubeIDE/plugins/com.st.stm32cube.ide.mcu.externaltools.gnu-tools-for-stm32.14.3.rel1.win32_1.0.100.202602081740/tools/bin/../lib/gcc/arm-none-eabi/14.3.1/../../../../arm-none-eabi/lib/thumb/v7e-m+fp/hard\libc_nano.a(libc_a-findfp.o)
                              C:/ST/STM32CubeIDE_1.17.0/STM32CubeIDE/plugins/com.st.stm32cube.ide.mcu.externaltools.gnu-tools-for-stm32.14.3.rel1.win32_1.0.100.202602081740/tools/bin/../lib/gcc/arm-none-eabi/14.3.1/../../../../arm-none-eabi/lib/thumb/v7e-m+fp/hard\libc_nano.a(libc_a-exit.o) (__stdio_exit_handler)
C:/ST/STM32CubeIDE_1.17.0/STM32CubeIDE/plugins/com.st.stm32cube.ide.mcu.externaltools.gnu-tools-for-stm32.14.3.rel1.win32_1.0.100.202602081740/tools/bin/../lib/gcc/arm-none-eabi/14.3.1/../../../../arm-none-eabi/lib/thumb/v7e-m+fp/hard\libc_nano.a(libc_a-fwalk.o)
                              C:/ST/STM32CubeIDE_1.17.0/STM32CubeIDE/plugins/com.st.stm32cube.ide.mcu.externaltools.gnu-tools-for-stm32.14.3.rel1.win32_1.0.100.202602081740/tools/bin/../lib/gcc/arm-none-eabi/14.3.1/../../../../arm-none-eabi/lib/thumb/v7e-m+fp/hard\libc_nano.a(libc_a-findfp.o) (_fwalk_sglue)
C:/ST/STM32CubeIDE_1.17.0/STM32CubeIDE/plugins/com.st.stm32cube.ide.mcu.externaltools.gnu-tools-for-stm32.14.3.rel1.win32_1.0.100.202602081740/tools/bin/../lib/gcc/arm-none-eabi/14.3.1/../../../../arm-none-eabi/lib/thumb/v7e-m+fp/hard\libc_nano.a(libc_a-snprintf.o)
                              ./Core/Src/measurements.o (snprintf)
C:/ST/STM32CubeIDE_1.17.0/STM32CubeIDE/plugins/com.st.stm32cube.ide.mcu.externaltools.gnu-tools-for-stm32.14.3.rel1.win32_1.0.100.202602081740/tools/bin/../lib/gcc/arm-none-eabi/14.3.1/../../../../arm-none-eabi/lib/thumb/v7e-m+fp/hard\libc_nano.a(libc_a-stdio.o)
                              C:/ST/STM32CubeIDE_1.17.0/STM32CubeIDE/plugins/com.st.stm32cube.ide.mcu.externaltools.gnu-tools-for-stm32.14.3.rel1.win32_1.0.100.202602081740/tools/bin/../lib/gcc/arm-none-eabi/14.3.1/../../../../arm-none-eabi/lib/thumb/v7e-m+fp/hard\libc_nano.a(libc_a-findfp.o) (__sread)
C:/ST/STM32CubeIDE_1.17.0/STM32CubeIDE/plugins/com.st.stm32cube.ide.mcu.externaltools.gnu-tools-for-stm32.14.3.rel1.win32_1.0.100.202602081740/tools/bin/../lib/gcc/arm-none-eabi/14.3.1/../../../../arm-none-eabi/lib/thumb/v7e-m+fp/hard\libc_nano.a(libc_a-memset.o)
                              C:/ST/STM32CubeIDE_1.17.0/STM32CubeIDE/plugins/com.st.stm32cube.ide.mcu.externaltools.gnu-tools-for-stm32.14.3.rel1.win32_1.0.100.202602081740/tools/bin/../lib/gcc/arm-none-eabi/14.3.1/../../../../arm-none-eabi/lib/thumb/v7e-m+fp/hard/crt0.o (memset)
C:/ST/STM32CubeIDE_1.17.0/STM32CubeIDE/plugins/com.st.stm32cube.ide.mcu.externaltools.gnu-tools-for-stm32.14.3.rel1.win32_1.0.100.202602081740/tools/bin/../lib/gcc/arm-none-eabi/14.3.1/../../../../arm-none-eabi/lib/thumb/v7e-m+fp/hard\libc_nano.a(libc_a-closer.o)
                              C:/ST/STM32CubeIDE_1.17.0/STM32CubeIDE/plugins/com.st.stm32cube.ide.mcu.externaltools.gnu-tools-for-stm32.14.3.rel1.win32_1.0.100.202602081740/tools/bin/../lib/gcc/arm-none-eabi/14.3.1/../../../../arm-none-eabi/lib/thumb/v7e-m+fp/hard\libc_nano.a(libc_a-stdio.o) (_close_r)
C:/ST/STM32CubeIDE_1.17.0/STM32CubeIDE/plugins/com.st.stm32cube.ide.mcu.externaltools.gnu-tools-for-stm32.14.3.rel1.win32_1.0.100.202602081740/tools/bin/../lib/gcc/arm-none-eabi/14.3.1/../../../../arm-none-eabi/lib/thumb/v7e-m+fp/hard\libc_nano.a(libc_a-reent.o)
                              C:/ST/STM32CubeIDE_1.17.0/STM32CubeIDE/plugins/com.st.stm32cube.ide.mcu.externaltools.gnu-tools-for-stm32.14.3.rel1.win32_1.0.100.202602081740/tools/bin/../lib/gcc/arm-none-eabi/14.3.1/../../../../arm-none-eabi/lib/thumb/v7e-m+fp/hard\libc_nano.a(libc_a-closer.o) (errno)
C:/ST/STM32CubeIDE_1.17.0/STM32CubeIDE/plugins/com.st.stm32cube.ide.mcu.externaltools.gnu-tools-for-stm32.14.3.rel1.win32_1.0.100.202602081740/tools/bin/../lib/gcc/arm-none-eabi/14.3.1/../../../../arm-none-eabi/lib/thumb/v7e-m+fp/hard\libc_nano.a(libc_a-impure.o)
                              C:/ST/STM32CubeIDE_1.17.0/STM32CubeIDE/plugins/com.st.stm32cube.ide.mcu.externaltools.gnu-tools-for-stm32.14.3.rel1.win32_1.0.100.202602081740/tools/bin/../lib/gcc/arm-none-eabi/14.3.1/../../../../arm-none-eabi/lib/thumb/v7e-m+fp/hard\libc_nano.a(libc_a-snprintf.o) (_impure_ptr)
[...]
Memory Configuration

Name             Origin             Length             Attributes
RAM              0x20000000         0x00020000         xrw
FLASH            0x08000000         0x00080000         xr
*default*        0x00000000         0xffffffff

Linker script and memory map

LOAD C:/ST/STM32CubeIDE_1.17.0/STM32CubeIDE/plugins/com.st.stm32cube.ide.mcu.externaltools.gnu-tools-for-stm32.14.3.rel1.win32_1.0.100.202602081740/tools/bin/../lib/gcc/arm-none-eabi/14.3.1/thumb/v7e-m+fp/hard/crti.o
LOAD C:/ST/STM32CubeIDE_1.17.0/STM32CubeIDE/plugins/com.st.stm32cube.ide.mcu.externaltools.gnu-tools-for-stm32.14.3.rel1.win32_1.0.100.202602081740/tools/bin/../lib/gcc/arm-none-eabi/14.3.1/thumb/v7e-m+fp/hard/crtbegin.o
LOAD C:/ST/STM32CubeIDE_1.17.0/STM32CubeIDE/plugins/com.st.stm32cube.ide.mcu.externaltools.gnu-tools-for-stm32.14.3.rel1.win32_1.0.100.202602081740/tools/bin/../lib/gcc/arm-none-eabi/14.3.1/../../../../arm-none-eabi/lib/thumb/v7e-m+fp/hard/crt0.o
LOAD ./Core/Src/adc.o
LOAD ./Core/Src/dma.o
LOAD ./Core/Src/gpio.o
LOAD ./Core/Src/i2c.o
LOAD ./Core/Src/main.o
LOAD ./Core/Src/measurements.o
LOAD ./Core/Src/ssd1306.o
LOAD ./Core/Src/ssd1306_fonts.o
LOAD ./Core/Src/stm32f4xx_hal_msp.o
LOAD ./Core/Src/stm32f4xx_it.o
LOAD ./Core/Src/syscalls.o
LOAD ./Core/Src/sysmem.o
LOAD ./Core/Src/system_stm32f4xx.o
LOAD ./Core/Src/tim.o
LOAD ./Core/Startup/startup_stm32f411ceux.o
LOAD ./Drivers/STM32F4xx_HAL_Driver/Src/stm32f4xx_hal.o
LOAD ./Drivers/STM32F4xx_HAL_Driver/Src/stm32f4xx_hal_adc.o
LOAD ./Drivers/STM32F4xx_HAL_Driver/Src/stm32f4xx_hal_adc_ex.o
LOAD ./Drivers/STM32F4xx_HAL_Driver/Src/stm32f4xx_hal_cortex.o
LOAD ./Drivers/STM32F4xx_HAL_Driver/Src/stm32f4xx_hal_dma.o
LOAD ./Drivers/STM32F4xx_HAL_Driver/Src/stm32f4xx_hal_dma_ex.o
LOAD ./Drivers/STM32F4xx_HAL_Driver/Src/stm32f4xx_hal_exti.o
LOAD ./Drivers/STM32F4xx_HAL_Driver/Src/stm32f4xx_hal_flash.o
LOAD ./Drivers/STM32F4xx_HAL_Driver/Src/stm32f4xx_hal_flash_ex.o
LOAD ./Drivers/STM32F4xx_HAL_Driver/Src/stm32f4xx_hal_flash_ramfunc.o
LOAD ./Drivers/STM32F4xx_HAL_Driver/Src/stm32f4xx_hal_gpio.o
LOAD ./Drivers/STM32F4xx_HAL_Driver/Src/stm32f4xx_hal_i2c.o
LOAD ./Drivers/STM32F4xx_HAL_Driver/Src/stm32f4xx_hal_i2c_ex.o
LOAD ./Drivers/STM32F4xx_HAL_Driver/Src/stm32f4xx_hal_pcd.o
LOAD ./Drivers/STM32F4xx_HAL_Driver/Src/stm32f4xx_hal_pcd_ex.o
LOAD ./Drivers/STM32F4xx_HAL_Driver/Src/stm32f4xx_hal_pwr.o
LOAD ./Drivers/STM32F4xx_HAL_Driver/Src/stm32f4xx_hal_pwr_ex.o
LOAD ./Drivers/STM32F4xx_HAL_Driver/Src/stm32f4xx_hal_rcc.o
LOAD ./Drivers/STM32F4xx_HAL_Driver/Src/stm32f4xx_hal_rcc_ex.o
LOAD ./Drivers/STM32F4xx_HAL_Driver/Src/stm32f4xx_hal_tim.o
LOAD ./Drivers/STM32F4xx_HAL_Driver/Src/stm32f4xx_hal_tim_ex.o
LOAD ./Drivers/STM32F4xx_HAL_Driver/Src/stm32f4xx_ll_usb.o
LOAD ./Middlewares/ST/STM32_USB_Device_Library/Class/CDC/Src/usbd_cdc.o
LOAD ./Middlewares/ST/STM32_USB_Device_Library/Core/Src/usbd_core.o
LOAD ./Middlewares/ST/STM32_USB_Device_Library/Core/Src/usbd_ctlreq.o
LOAD ./Middlewares/ST/STM32_USB_Device_Library/Core/Src/usbd_ioreq.o
LOAD ./USB_DEVICE/App/usb_device.o
LOAD ./USB_DEVICE/App/usbd_cdc_if.o
LOAD ./USB_DEVICE/App/usbd_desc.o
LOAD ./USB_DEVICE/Target/usbd_conf.o
START GROUP
LOAD C:/ST/STM32CubeIDE_1.17.0/STM32CubeIDE/plugins/com.st.stm32cube.ide.mcu.externaltools.gnu-tools-for-stm32.14.3.rel1.win32_1.0.100.202602081740/tools/bin/../lib/gcc/arm-none-eabi/14.3.1/../../../../arm-none-eabi/lib/thumb/v7e-m+fp/hard\libc_nano.a
LOAD C:/ST/STM32CubeIDE_1.17.0/STM32CubeIDE/plugins/com.st.stm32cube.ide.mcu.externaltools.gnu-tools-for-stm32.14.3.rel1.win32_1.0.100.202602081740/tools/bin/../lib/gcc/arm-none-eabi/14.3.1/../../../../arm-none-eabi/lib/thumb/v7e-m+fp/hard\libm.a
END GROUP
START GROUP
LOAD C:/ST/STM32CubeIDE_1.17.0/STM32CubeIDE/plugins/com.st.stm32cube.ide.mcu.externaltools.gnu-tools-for-stm32.14.3.rel1.win32_1.0.100.202602081740/tools/bin/../lib/gcc/arm-none-eabi/14.3.1/thumb/v7e-m+fp/hard\libgcc.a
LOAD C:/ST/STM32CubeIDE_1.17.0/STM32CubeIDE/plugins/com.st.stm32cube.ide.mcu.externaltools.gnu-tools-for-stm32.14.3.rel1.win32_1.0.100.202602081740/tools/bin/../lib/gcc/arm-none-eabi/14.3.1/../../../../arm-none-eabi/lib/thumb/v7e-m+fp/hard\libc_nano.a
END GROUP
START GROUP
LOAD C:/ST/STM32CubeIDE_1.17.0/STM32CubeIDE/plugins/com.st.stm32cube.ide.mcu.externaltools.gnu-tools-for-stm32.14.3.rel1.win32_1.0.100.202602081740/tools/bin/../lib/gcc/arm-none-eabi/14.3.1/thumb/v7e-m+fp/hard\libgcc.a
LOAD C:/ST/STM32CubeIDE_1.17.0/STM32CubeIDE/plugins/com.st.stm32cube.ide.mcu.externaltools.gnu-tools-for-stm32.14.3.rel1.win32_1.0.100.202602081740/tools/bin/../lib/gcc/arm-none-eabi/14.3.1/../../../../arm-none-eabi/lib/thumb/v7e-m+fp/hard\libc_nano.a
LOAD C:/ST/STM32CubeIDE_1.17.0/STM32CubeIDE/plugins/com.st.stm32cube.ide.mcu.externaltools.gnu-tools-for-stm32.14.3.rel1.win32_1.0.100.202602081740/tools/bin/../lib/gcc/arm-none-eabi/14.3.1/../../../../arm-none-eabi/lib/thumb/v7e-m+fp/hard\libnosys.a
END GROUP
START GROUP
LOAD C:/ST/STM32CubeIDE_1.17.0/STM32CubeIDE/plugins/com.st.stm32cube.ide.mcu.externaltools.gnu-tools-for-stm32.14.3.rel1.win32_1.0.100.202602081740/tools/bin/../lib/gcc/arm-none-eabi/14.3.1/thumb/v7e-m+fp/hard\libgcc.a
LOAD C:/ST/STM32CubeIDE_1.17.0/STM32CubeIDE/plugins/com.st.stm32cube.ide.mcu.externaltools.gnu-tools-for-stm32.14.3.rel1.win32_1.0.100.202602081740/tools/bin/../lib/gcc/arm-none-eabi/14.3.1/../../../../arm-none-eabi/lib/thumb/v7e-m+fp/hard\libc_nano.a
LOAD C:/ST/STM32CubeIDE_1.17.0/STM32CubeIDE/plugins/com.st.stm32cube.ide.mcu.externaltools.gnu-tools-for-stm32.14.3.rel1.win32_1.0.100.202602081740/tools/bin/../lib/gcc/arm-none-eabi/14.3.1/../../../../arm-none-eabi/lib/thumb/v7e-m+fp/hard\libnosys.a
END GROUP
LOAD C:/ST/STM32CubeIDE_1.17.0/STM32CubeIDE/plugins/com.st.stm32cube.ide.mcu.externaltools.gnu-tools-for-stm32.14.3.rel1.win32_1.0.100.202602081740/tools/bin/../lib/gcc/arm-none-eabi/14.3.1/thumb/v7e-m+fp/hard/crtend.o
LOAD C:/ST/STM32CubeIDE_1.17.0/STM32CubeIDE/plugins/com.st.stm32cube.ide.mcu.externaltools.gnu-tools-for-stm32.14.3.rel1.win32_1.0.100.202602081740/tools/bin/../lib/gcc/arm-none-eabi/14.3.1/thumb/v7e-m+fp/hard/crtn.o
                0x20020000                        _estack = (ORIGIN (RAM) + LENGTH (RAM))
                0x00000200                        _Min_Heap_Size = 0x200
                0x00000400                        _Min_Stack_Size = 0x400

.isr_vector     0x08000000      0x198
                0x08000000                        . = ALIGN (0x4)
 *(.isr_vector)
 .isr_vector    0x08000000      0x198 ./Core/Startup/startup_stm32f411ceux.o
                0x08000000                g_pfnVectors
                0x08000198                        . = ALIGN (0x4)

.text           0x080001a0     0xb0c4
                0x080001a0                        . = ALIGN (0x4)
 *(.text)
 .text          0x080001a0       0x40 C:/ST/STM32CubeIDE_1.17.0/STM32CubeIDE/plugins/com.st.stm32cube.ide.mcu.externaltools.gnu-tools-for-stm32.14.3.rel1.win32_1.0.100.202602081740/tools/bin/../lib/gcc/arm-none-eabi/14.3.1/thumb/v7e-m+fp/hard/crtbegin.o
 .text          0x080001e0       0xa0 C:/ST/STM32CubeIDE_1.17.0/STM32CubeIDE/plugins/com.st.stm32cube.ide.mcu.externaltools.gnu-tools-for-stm32.14.3.rel1.win32_1.0.100.202602081740/tools/bin/../lib/gcc/arm-none-eabi/14.3.1/../../../../arm-none-eabi/lib/thumb/v7e-m+fp/hard\libc_nano.a(libc_a-memchr.o)
                0x080001e0                memchr
 .text          0x08000280      0x378 C:/ST/STM32CubeIDE_1.17.0/STM32CubeIDE/plugins/com.st.stm32cube.ide.mcu.externaltools.gnu-tools-for-stm32.14.3.rel1.win32_1.0.100.202602081740/tools/bin/../lib/gcc/arm-none-eabi/14.3.1/thumb/v7e-m+fp/hard\libgcc.a(_arm_addsubdf3.o)
                0x08000280                __aeabi_drsub
                0x08000288                __aeabi_dsub
                0x08000288                __subdf3
                0x0800028c                __aeabi_dadd
                0x0800028c                __adddf3
                0x08000504                __floatunsidf
                0x08000504                __aeabi_ui2d
                0x08000524                __floatsidf
                0x08000524                __aeabi_i2d
                0x08000548                __aeabi_f2d
                0x08000548                __extendsfdf2
                0x0800058c                __floatundidf
                0x0800058c                __aeabi_ul2d
                0x0800059c                __floatdidf
                0x0800059c                __aeabi_l2d
 .text          0x080005f8      0x424 C:/ST/STM32CubeIDE_1.17.0/STM32CubeIDE/plugins/com.st.stm32cube.ide.mcu.externaltools.gnu-tools-for-stm32.14.3.rel1.win32_1.0.100.202602081740/tools/bin/../lib/gcc/arm-none-eabi/14.3.1/thumb/v7e-m+fp/hard\libgcc.a(_arm_muldivdf3.o)
                0x080005f8                __aeabi_dmul
                0x080005f8                __muldf3
                0x0800084c                __divdf3
                0x0800084c                __aeabi_ddiv
 .text          0x08000a1c       0xa0 C:/ST/STM32CubeIDE_1.17.0/STM32CubeIDE/plugins/com.st.stm32cube.ide.mcu.externaltools.gnu-tools-for-stm32.14.3.rel1.win32_1.0.100.202602081740/tools/bin/../lib/gcc/arm-none-eabi/14.3.1/thumb/v7e-m+fp/hard\libgcc.a(_arm_truncdfsf2.o)
                0x08000a1c                __truncdfsf2
                0x08000a1c                __aeabi_d2f
 .text          0x08000abc       0x30 C:/ST/STM32CubeIDE_1.17.0/STM32CubeIDE/plugins/com.st.stm32cube.ide.mcu.externaltools.gnu-tools-for-stm32.14.3.rel1.win32_1.0.100.202602081740/tools/bin/../lib/gcc/arm-none-eabi/14.3.1/thumb/v7e-m+fp/hard\libgcc.a(_aeabi_uldivmod.o)
                0x08000abc                __aeabi_uldivmod
 .text          0x08000aec      0x2f8 C:/ST/STM32CubeIDE_1.17.0/STM32CubeIDE/plugins/com.st.stm32cube.ide.mcu.externaltools.gnu-tools-for-stm32.14.3.rel1.win32_1.0.100.202602081740/tools/bin/../lib/gcc/arm-none-eabi/14.3.1/thumb/v7e-m+fp/hard\libgcc.a(_udivmoddi4.o)
                0x08000aec                __udivmoddi4
 .text          0x08000de4        0x4 C:/ST/STM32CubeIDE_1.17.0/STM32CubeIDE/plugins/com.st.stm32cube.ide.mcu.externaltools.gnu-tools-for-stm32.14.3.rel1.win32_1.0.100.202602081740/tools/bin/../lib/gcc/arm-none-eabi/14.3.1/thumb/v7e-m+fp/hard\libgcc.a(_dvmd_tls.o)
                0x08000de4                __aeabi_idiv0
                0x08000de4                __aeabi_ldiv0
 *(.text*)
 .text.MX_ADC1_Init
                0x08000de8       0xd4 ./Core/Src/adc.o
                0x08000de8                MX_ADC1_Init
 .text.HAL_ADC_MspInit
                0x08000ebc       0xf0 ./Core/Src/adc.o
                0x08000ebc                HAL_ADC_MspInit
 .text.MX_DMA_Init
                0x08000fac       0x6c ./Core/Src/dma.o
                0x08000fac                MX_DMA_Init
 .text.MX_GPIO_Init
                0x08001018      0x104 ./Core/Src/gpio.o
                0x08001018                MX_GPIO_Init
 .text.MX_I2C1_Init
                0x0800111c       0x5c ./Core/Src/i2c.o
                0x0800111c                MX_I2C1_Init
 .text.HAL_I2C_MspInit
                0x08001178       0x90 ./Core/Src/i2c.o
                0x08001178                HAL_I2C_MspInit
 .text.main     0x08001208       0x48 ./Core/Src/main.o
                0x08001208                main
 .text.SystemClock_Config
                0x08001250       0xd8 ./Core/Src/main.o
                0x08001250                SystemClock_Config
 .text.Error_Handler
                0x08001328        0xc ./Core/Src/main.o
                0x08001328                Error_Handler
 .text.digitalToAnalogValue
                0x08001334       0x40 ./Core/Src/measurements.o
                0x08001334                digitalToAnalogValue
 .text.updateDisplay
                0x08001374      0x11c ./Core/Src/measurements.o
                0x08001374                updateDisplay
 .text.measure  0x08001490      0x148 ./Core/Src/measurements.o
                0x08001490                measure
 .text.ssd1306_WriteCommand
                0x080015d8       0x30 ./Core/Src/ssd1306.o
                0x080015d8                ssd1306_WriteCommand
 .text.ssd1306_WriteData
                0x08001608       0x34 ./Core/Src/ssd1306.o
                0x08001608                ssd1306_WriteData
 .text.ssd1306_Fill
                0x0800163c       0x30 ./Core/Src/ssd1306.o
                0x0800163c                ssd1306_Fill
 .text.ssd1306_UpdateScreen
                0x0800166c       0x50 ./Core/Src/ssd1306.o
                0x0800166c                ssd1306_UpdateScreen
 .text.ssd1306_DrawPixel
                0x080016bc       0xa8 ./Core/Src/ssd1306.o
                0x080016bc                ssd1306_DrawPixel
 .text.ssd1306_WriteChar
                0x08001764      0x124 ./Core/Src/ssd1306.o
                0x08001764                ssd1306_WriteChar
 .text.ssd1306_WriteString
                0x08001888       0x4c ./Core/Src/ssd1306.o
                0x08001888                ssd1306_WriteString
 .text.ssd1306_SetCursor
                0x080018d4       0x30 ./Core/Src/ssd1306.o
                0x080018d4                ssd1306_SetCursor
 .text.HAL_MspInit
                0x08001904       0x50 ./Core/Src/stm32f4xx_hal_msp.o
                0x08001904                HAL_MspInit
 .text.NMI_Handler
                0x08001954        0x8 ./Core/Src/stm32f4xx_it.o
                0x08001954                NMI_Handler
 .text.HardFault_Handler
                0x0800195c        0x8 ./Core/Src/stm32f4xx_it.o
                0x0800195c                HardFault_Handler
 .text.MemManage_Handler
                0x08001964        0x8 ./Core/Src/stm32f4xx_it.o
                0x08001964                MemManage_Handler
 .text.BusFault_Handler
                0x0800196c        0x8 ./Core/Src/stm32f4xx_it.o
                0x0800196c                BusFault_Handler
 .text.UsageFault_Handler
                0x08001974        0x8 ./Core/Src/stm32f4xx_it.o
                0x08001974                UsageFault_Handler
 .text.SVC_Handler
                0x0800197c        0xe ./Core/Src/stm32f4xx_it.o
                0x0800197c                SVC_Handler
 .text.DebugMon_Handler
                0x0800198a        0xe ./Core/Src/stm32f4xx_it.o
                0x0800198a                DebugMon_Handler
 .text.PendSV_Handler
                0x08001998        0xe ./Core/Src/stm32f4xx_it.o
                0x08001998                PendSV_Handler
 .text.SysTick_Handler
                0x080019a6        0xc ./Core/Src/stm32f4xx_it.o
                0x080019a6                SysTick_Handler
 *fill*         0x080019b2        0x2 
 .text.DMA1_Stream4_IRQHandler
                0x080019b4       0x14 ./Core/Src/stm32f4xx_it.o
                0x080019b4                DMA1_Stream4_IRQHandler
 .text.DMA2_Stream0_IRQHandler
                0x080019c8       0x14 ./Core/Src/stm32f4xx_it.o
                0x080019c8                DMA2_Stream0_IRQHandler
 .text.OTG_FS_IRQHandler
                0x080019dc       0x14 ./Core/Src/stm32f4xx_it.o
                0x080019dc                OTG_FS_IRQHandler
 .text._sbrk    0x080019f0       0x6c ./Core/Src/sysmem.o
                0x080019f0                _sbrk
 .text.SystemInit
                0x08001a5c       0x24 ./Core/Src/system_stm32f4xx.o
                0x08001a5c                SystemInit
 .text.MX_TIM3_Init
                0x08001a80       0xec ./Core/Src/tim.o
                0x08001a80                MX_TIM3_Init
 .text.HAL_TIM_Base_MspInit
                0x08001b6c       0xb4 ./Core/Src/tim.o
                0x08001b6c                HAL_TIM_Base_MspInit
 .text.HAL_TIM_MspPostInit
                0x08001c20       0x74 ./Core/Src/tim.o
                0x08001c20                HAL_TIM_MspPostInit
 .text.Reset_Handler
                0x08001c94       0x50 ./Core/Startup/startup_stm32f411ceux.o
                0x08001c94                Reset_Handler
 .text.Default_Handler
                0x08001ce4        0x2 ./Core/Startup/startup_stm32f411ceux.o
                0x08001ce4                RTC_Alarm_IRQHandler
                0x08001ce4                EXTI2_IRQHandler
                0x08001ce4                SPI4_IRQHandler
                0x08001ce4                TIM1_CC_IRQHandler
                0x08001ce4                DMA2_Stream5_IRQHandler
                0x08001ce4                DMA1_Stream5_IRQHandler
                0x08001ce4                PVD_IRQHandler
                0x08001ce4                SDIO_IRQHandler
                0x08001ce4                TAMP_STAMP_IRQHandler
                0x08001ce4                EXTI3_IRQHandler
                0x08001ce4                TIM1_UP_TIM10_IRQHandler
                0x08001ce4                I2C3_ER_IRQHandler
                0x08001ce4                EXTI0_IRQHandler
                0x08001ce4                I2C2_EV_IRQHandler
                0x08001ce4                DMA1_Stream2_IRQHandler
                0x08001ce4                FPU_IRQHandler
                0x08001ce4                DMA2_Stream2_IRQHandler
                0x08001ce4                SPI1_IRQHandler
                0x08001ce4                TIM1_BRK_TIM9_IRQHandler
                0x08001ce4                DMA2_Stream3_IRQHandler
                0x08001ce4                USART6_IRQHandler
                0x08001ce4                TIM4_IRQHandler
                0x08001ce4                I2C1_EV_IRQHandler
                0x08001ce4                DMA1_Stream6_IRQHandler
                0x08001ce4                DMA1_Stream1_IRQHandler
                0x08001ce4                TIM3_IRQHandler
                0x08001ce4                RCC_IRQHandler
                0x08001ce4                Default_Handler
                0x08001ce4                EXTI15_10_IRQHandler
                0x08001ce4                ADC_IRQHandler
                0x08001ce4                DMA1_Stream7_IRQHandler
                0x08001ce4                SPI5_IRQHandler
                0x08001ce4                TIM5_IRQHandler
                0x08001ce4                DMA2_Stream7_IRQHandler
                0x08001ce4                I2C3_EV_IRQHandler
                0x08001ce4                EXTI9_5_IRQHandler
                0x08001ce4                RTC_WKUP_IRQHandler
                0x08001ce4                SPI2_IRQHandler
                0x08001ce4                DMA1_Stream0_IRQHandler
                0x08001ce4                EXTI4_IRQHandler
                0x08001ce4                WWDG_IRQHandler
                0x08001ce4                TIM2_IRQHandler
                0x08001ce4                OTG_FS_WKUP_IRQHandler
                0x08001ce4                TIM1_TRG_COM_TIM11_IRQHandler
                0x08001ce4                EXTI1_IRQHandler
                0x08001ce4                USART2_IRQHandler
                0x08001ce4                I2C2_ER_IRQHandler
                0x08001ce4                DMA2_Stream1_IRQHandler
                0x08001ce4                FLASH_IRQHandler
                0x08001ce4                DMA2_Stream4_IRQHandler
                0x08001ce4                USART1_IRQHandler
                0x08001ce4                SPI3_IRQHandler
                0x08001ce4                I2C1_ER_IRQHandler
                0x08001ce4                DMA2_Stream6_IRQHandler
                0x08001ce4                DMA1_Stream3_IRQHandler
 *fill*         0x08001ce6        0x2 
 .text.HAL_Init
                0x08001ce8       0x44 ./Drivers/STM32F4xx_HAL_Driver/Src/stm32f4xx_hal.o
                0x08001ce8                HAL_Init
 .text.HAL_InitTick
                0x08001d2c       0x60 ./Drivers/STM32F4xx_HAL_Driver/Src/stm32f4xx_hal.o
                0x08001d2c                HAL_InitTick
 .text.HAL_IncTick
                0x08001d8c       0x28 ./Drivers/STM32F4xx_HAL_Driver/Src/stm32f4xx_hal.o
                0x08001d8c                HAL_IncTick
 .text.HAL_GetTick
                0x08001db4       0x18 ./Drivers/STM32F4xx_HAL_Driver/Src/stm32f4xx_hal.o
                0x08001db4                HAL_GetTick
 .text.HAL_Delay
                0x08001dcc       0x48 ./Drivers/STM32F4xx_HAL_Driver/Src/stm32f4xx_hal.o
                0x08001dcc                HAL_Delay
 .text.HAL_ADC_Init
                0x08001e14       0x86 ./Drivers/STM32F4xx_HAL_Driver/Src/stm32f4xx_hal_adc.o
                0x08001e14                HAL_ADC_Init
 *fill*         0x08001e9a        0x2 
 .text.HAL_ADC_Start_DMA
                0x08001e9c      0x1e8 ./Drivers/STM32F4xx_HAL_Driver/Src/stm32f4xx_hal_adc.o
                0x08001e9c                HAL_ADC_Start_DMA
 .text.HAL_ADC_ConvCpltCallback
                0x08002084       0x14 ./Drivers/STM32F4xx_HAL_Driver/Src/stm32f4xx_hal_adc.o
                0x08002084                HAL_ADC_ConvCpltCallback
 .text.HAL_ADC_ConvHalfCpltCallback
                0x08002098       0x14 ./Drivers/STM32F4xx_HAL_Driver/Src/stm32f4xx_hal_adc.o
                0x08002098                HAL_ADC_ConvHalfCpltCallback
 .text.HAL_ADC_ErrorCallback
                0x080020ac       0x14 ./Drivers/STM32F4xx_HAL_Driver/Src/stm32f4xx_hal_adc.o
                0x080020ac                HAL_ADC_ErrorCallback
 .text.HAL_ADC_ConfigChannel
                0x080020c0      0x264 ./Drivers/STM32F4xx_HAL_Driver/Src/stm32f4xx_hal_adc.o
                0x080020c0                HAL_ADC_ConfigChannel
 .text.ADC_Init
                0x08002324      0x1f8 ./Drivers/STM32F4xx_HAL_Driver/Src/stm32f4xx_hal_adc.o
 .text.ADC_DMAConvCplt
                0x0800251c       0xba ./Drivers/STM32F4xx_HAL_Driver/Src/stm32f4xx_hal_adc.o
 .text.ADC_DMAHalfConvCplt
                0x080025d6       0x1c ./Drivers/STM32F4xx_HAL_Driver/Src/stm32f4xx_hal_adc.o
 .text.ADC_DMAError
                0x080025f2       0x2e ./Drivers/STM32F4xx_HAL_Driver/Src/stm32f4xx_hal_adc.o
 .text.__NVIC_SetPriorityGrouping
                0x08002620       0x48 ./Drivers/STM32F4xx_HAL_Driver/Src/stm32f4xx_hal_cortex.o
 .text.__NVIC_GetPriorityGrouping
                0x08002668       0x1c ./Drivers/STM32F4xx_HAL_Driver/Src/stm32f4xx_hal_cortex.o
 .text.__NVIC_EnableIRQ
                0x08002684       0x3c ./Drivers/STM32F4xx_HAL_Driver/Src/stm32f4xx_hal_cortex.o
 .text.__NVIC_SetPriority
                0x080026c0       0x54 ./Drivers/STM32F4xx_HAL_Driver/Src/stm32f4xx_hal_cortex.o
 .text.NVIC_EncodePriority
                0x08002714       0x66 ./Drivers/STM32F4xx_HAL_Driver/Src/stm32f4xx_hal_cortex.o
 *fill*         0x0800277a        0x2 
 .text.SysTick_Config
                0x0800277c       0x44 ./Drivers/STM32F4xx_HAL_Driver/Src/stm32f4xx_hal_cortex.o
 .text.HAL_NVIC_SetPriorityGrouping
                0x080027c0       0x16 ./Drivers/STM32F4xx_HAL_Driver/Src/stm32f4xx_hal_cortex.o
                0x080027c0                HAL_NVIC_SetPriorityGrouping
 .text.HAL_NVIC_SetPriority
                0x080027d6       0x38 ./Drivers/STM32F4xx_HAL_Driver/Src/stm32f4xx_hal_cortex.o
                0x080027d6                HAL_NVIC_SetPriority
 .text.HAL_NVIC_EnableIRQ
                0x0800280e       0x1c ./Drivers/STM32F4xx_HAL_Driver/Src/stm32f4xx_hal_cortex.o
                0x0800280e                HAL_NVIC_EnableIRQ
 .text.HAL_SYSTICK_Config
                0x0800282a       0x18 ./Drivers/STM32F4xx_HAL_Driver/Src/stm32f4xx_hal_cortex.o
                0x0800282a                HAL_SYSTICK_Config
 *fill*         0x08002842        0x2 
 .text.HAL_DMA_Init
                0x08002844      0x15c ./Drivers/STM32F4xx_HAL_Driver/Src/stm32f4xx_hal_dma.o
                0x08002844                HAL_DMA_Init
 .text.HAL_DMA_Start_IT
                0x080029a0       0xb0 ./Drivers/STM32F4xx_HAL_Driver/Src/stm32f4xx_hal_dma.o
                0x080029a0                HAL_DMA_Start_IT
 .text.HAL_DMA_IRQHandler
                0x08002a50      0x314 ./Drivers/STM32F4xx_HAL_Driver/Src/stm32f4xx_hal_dma.o
                0x08002a50                HAL_DMA_IRQHandler
 .text.DMA_SetConfig
                0x08002d64       0x5c ./Drivers/STM32F4xx_HAL_Driver/Src/stm32f4xx_hal_dma.o
 .text.DMA_CalcBaseAndBitshift
                0x08002dc0       0x6c ./Drivers/STM32F4xx_HAL_Driver/Src/stm32f4xx_hal_dma.o
 .text.DMA_CheckFifoParam
                0x08002e2c       0xf8 ./Drivers/STM32F4xx_HAL_Driver/Src/stm32f4xx_hal_dma.o
 .text.HAL_GPIO_Init
                0x08002f24      0x308 ./Drivers/STM32F4xx_HAL_Driver/Src/stm32f4xx_hal_gpio.o
                0x08002f24                HAL_GPIO_Init
 .text.HAL_GPIO_WritePin
                0x0800322c       0x32 ./Drivers/STM32F4xx_HAL_Driver/Src/stm32f4xx_hal_gpio.o
                0x0800322c                HAL_GPIO_WritePin
 *fill*         0x0800325e        0x2 
 .text.HAL_I2C_Init
                0x08003260      0x288 ./Drivers/STM32F4xx_HAL_Driver/Src/stm32f4xx_hal_i2c.o
                0x08003260                HAL_I2C_Init
 .text.HAL_I2C_Mem_Write
                0x080034e8      0x1f4 ./Drivers/STM32F4xx_HAL_Driver/Src/stm32f4xx_hal_i2c.o
                0x080034e8                HAL_I2C_Mem_Write
 .text.I2C_RequestMemoryWrite
                0x080036dc      0x12c ./Drivers/STM32F4xx_HAL_Driver/Src/stm32f4xx_hal_i2c.o
 .text.I2C_WaitOnFlagUntilTimeout
                0x08003808       0xf4 ./Drivers/STM32F4xx_HAL_Driver/Src/stm32f4xx_hal_i2c.o
 .text.I2C_WaitOnMasterAddressFlagUntilTimeout
                0x080038fc      0x140 ./Drivers/STM32F4xx_HAL_Driver/Src/stm32f4xx_hal_i2c.o
 .text.I2C_WaitOnTXEFlagUntilTimeout
                0x08003a3c       0x90 ./Drivers/STM32F4xx_HAL_Driver/Src/stm32f4xx_hal_i2c.o
 .text.I2C_WaitOnBTFFlagUntilTimeout
                0x08003acc       0x90 ./Drivers/STM32F4xx_HAL_Driver/Src/stm32f4xx_hal_i2c.o
 .text.I2C_IsAcknowledgeFailed
                0x08003b5c       0x5e ./Drivers/STM32F4xx_HAL_Driver/Src/stm32f4xx_hal_i2c.o
 .text.HAL_PCD_Init
                0x08003bba      0x21e ./Drivers/STM32F4xx_HAL_Driver/Src/stm32f4xx_hal_pcd.o
                0x08003bba                HAL_PCD_Init
 .text.HAL_PCD_Start
                0x08003dd8       0x6a ./Drivers/STM32F4xx_HAL_Driver/Src/stm32f4xx_hal_pcd.o
                0x08003dd8                HAL_PCD_Start
 .text.HAL_PCD_IRQHandler
                0x08003e42      0x942 ./Drivers/STM32F4xx_HAL_Driver/Src/stm32f4xx_hal_pcd.o
                0x08003e42                HAL_PCD_IRQHandler
 .text.HAL_PCD_SetAddress
                0x08004784       0x48 ./Drivers/STM32F4xx_HAL_Driver/Src/stm32f4xx_hal_pcd.o
                0x08004784                HAL_PCD_SetAddress
 .text.HAL_PCD_EP_Open
                0x080047cc       0xd4 ./Drivers/STM32F4xx_HAL_Driver/Src/stm32f4xx_hal_pcd.o
                0x080047cc                HAL_PCD_EP_Open
 .text.HAL_PCD_EP_Close
                0x080048a0       0x94 ./Drivers/STM32F4xx_HAL_Driver/Src/stm32f4xx_hal_pcd.o
                0x080048a0                HAL_PCD_EP_Close
 .text.HAL_PCD_EP_Receive
                0x08004934       0x76 ./Drivers/STM32F4xx_HAL_Driver/Src/stm32f4xx_hal_pcd.o
                0x08004934                HAL_PCD_EP_Receive
 .text.HAL_PCD_EP_GetRxCount
                0x080049aa       0x30 ./Drivers/STM32F4xx_HAL_Driver/Src/stm32f4xx_hal_pcd.o
                0x080049aa                HAL_PCD_EP_GetRxCount
 .text.HAL_PCD_EP_Transmit
                0x080049da       0x74 ./Drivers/STM32F4xx_HAL_Driver/Src/stm32f4xx_hal_pcd.o
                0x080049da                HAL_PCD_EP_Transmit
 .text.HAL_PCD_EP_SetStall
                0x08004a4e       0xc6 ./Drivers/STM32F4xx_HAL_Driver/Src/stm32f4xx_hal_pcd.o
                0x08004a4e                HAL_PCD_EP_SetStall
 .text.HAL_PCD_EP_ClrStall
                0x08004b14       0xac ./Drivers/STM32F4xx_HAL_Driver/Src/stm32f4xx_hal_pcd.o
                0x08004b14                HAL_PCD_EP_ClrStall
 .text.HAL_PCD_EP_Abort
                0x08004bc0       0x62 ./Drivers/STM32F4xx_HAL_Driver/Src/stm32f4xx_hal_pcd.o
                0x08004bc0                HAL_PCD_EP_Abort
 .text.PCD_WriteEmptyTxFifo
                0x08004c22      0x118 ./Drivers/STM32F4xx_HAL_Driver/Src/stm32f4xx_hal_pcd.o
 *fill*         0x08004d3a        0x2 
 .text.PCD_EP_OutXfrComplete_int
                0x08004d3c      0x1d0 ./Drivers/STM32F4xx_HAL_Driver/Src/stm32f4xx_hal_pcd.o
 .text.PCD_EP_OutSetupPacket_int
                0x08004f0c       0x8c ./Drivers/STM32F4xx_HAL_Driver/Src/stm32f4xx_hal_pcd.o
 .text.HAL_PCDEx_SetTxFiFo
                0x08004f98       0x8e ./Drivers/STM32F4xx_HAL_Driver/Src/stm32f4xx_hal_pcd_ex.o
                0x08004f98                HAL_PCDEx_SetTxFiFo
 .text.HAL_PCDEx_SetRxFiFo
                0x08005026       0x22 ./Drivers/STM32F4xx_HAL_Driver/Src/stm32f4xx_hal_pcd_ex.o
                0x08005026                HAL_PCDEx_SetRxFiFo
 .text.HAL_PCDEx_LPM_Callback
                0x08005048       0x18 ./Drivers/STM32F4xx_HAL_Driver/Src/stm32f4xx_hal_pcd_ex.o
                0x08005048                HAL_PCDEx_LPM_Callback
 .text.HAL_RCC_OscConfig
                0x08005060      0x4f0 ./Drivers/STM32F4xx_HAL_Driver/Src/stm32f4xx_hal_rcc.o
                0x08005060                HAL_RCC_OscConfig
 .text.HAL_RCC_ClockConfig
                0x08005550      0x1cc ./Drivers/STM32F4xx_HAL_Driver/Src/stm32f4xx_hal_rcc.o
                0x08005550                HAL_RCC_ClockConfig
 .text.HAL_RCC_GetSysClockFreq
                0x0800571c      0x188 ./Drivers/STM32F4xx_HAL_Driver/Src/stm32f4xx_hal_rcc.o
                0x0800571c                HAL_RCC_GetSysClockFreq
 .text.HAL_RCC_GetHCLKFreq
                0x080058a4       0x18 ./Drivers/STM32F4xx_HAL_Driver/Src/stm32f4xx_hal_rcc.o
                0x080058a4                HAL_RCC_GetHCLKFreq
 .text.HAL_RCC_GetPCLK1Freq
                0x080058bc       0x28 ./Drivers/STM32F4xx_HAL_Driver/Src/stm32f4xx_hal_rcc.o
                0x080058bc                HAL_RCC_GetPCLK1Freq
 .text.HAL_TIM_Base_Init
                0x080058e4       0x9e ./Drivers/STM32F4xx_HAL_Driver/Src/stm32f4xx_hal_tim.o
                0x080058e4                HAL_TIM_Base_Init
 .text.HAL_TIM_PWM_Init
                0x08005982       0x9e ./Drivers/STM32F4xx_HAL_Driver/Src/stm32f4xx_hal_tim.o
                0x08005982                HAL_TIM_PWM_Init
 .text.HAL_TIM_PWM_MspInit
                0x08005a20       0x14 ./Drivers/STM32F4xx_HAL_Driver/Src/stm32f4xx_hal_tim.o
                0x08005a20                HAL_TIM_PWM_MspInit
 .text.HAL_TIM_PWM_Start_DMA
                0x08005a34      0x360 ./Drivers/STM32F4xx_HAL_Driver/Src/stm32f4xx_hal_tim.o
                0x08005a34                HAL_TIM_PWM_Start_DMA
 .text.HAL_TIM_PWM_ConfigChannel
                0x08005d94      0x184 ./Drivers/STM32F4xx_HAL_Driver/Src/stm32f4xx_hal_tim.o
                0x08005d94                HAL_TIM_PWM_ConfigChannel
 .text.HAL_TIM_ConfigClockSource
                0x08005f18      0x18e ./Drivers/STM32F4xx_HAL_Driver/Src/stm32f4xx_hal_tim.o
                0x08005f18                HAL_TIM_ConfigClockSource
 .text.HAL_TIM_PWM_PulseFinishedCallback
                0x080060a6       0x14 ./Drivers/STM32F4xx_HAL_Driver/Src/stm32f4xx_hal_tim.o
                0x080060a6                HAL_TIM_PWM_PulseFinishedCallback
 .text.HAL_TIM_PWM_PulseFinishedHalfCpltCallback
                0x080060ba       0x14 ./Drivers/STM32F4xx_HAL_Driver/Src/stm32f4xx_hal_tim.o
                0x080060ba                HAL_TIM_PWM_PulseFinishedHalfCpltCallback
 .text.HAL_TIM_ErrorCallback
                0x080060ce       0x14 ./Drivers/STM32F4xx_HAL_Driver/Src/stm32f4xx_hal_tim.o
                0x080060ce                HAL_TIM_ErrorCallback
 .text.TIM_DMAError
                0x080060e2       0x92 ./Drivers/STM32F4xx_HAL_Driver/Src/stm32f4xx_hal_tim.o
                0x080060e2                TIM_DMAError
 .text.TIM_DMADelayPulseCplt
                0x08006174       0xa8 ./Drivers/STM32F4xx_HAL_Driver/Src/stm32f4xx_hal_tim.o
 .text.TIM_DMADelayPulseHalfCplt
                0x0800621c       0x68 ./Drivers/STM32F4xx_HAL_Driver/Src/stm32f4xx_hal_tim.o
                0x0800621c                TIM_DMADelayPulseHalfCplt
 .text.TIM_Base_SetConfig
                0x08006284      0x10c ./Drivers/STM32F4xx_HAL_Driver/Src/stm32f4xx_hal_tim.o
                0x08006284                TIM_Base_SetConfig
 .text.TIM_OC1_SetConfig
                0x08006390       0xcc ./Drivers/STM32F4xx_HAL_Driver/Src/stm32f4xx_hal_tim.o
 .text.TIM_OC2_SetConfig
                0x0800645c       0xd8 ./Drivers/STM32F4xx_HAL_Driver/Src/stm32f4xx_hal_tim.o
                0x0800645c                TIM_OC2_SetConfig
 .text.TIM_OC3_SetConfig
                0x08006534       0xd4 ./Drivers/STM32F4xx_HAL_Driver/Src/stm32f4xx_hal_tim.o
 .text.TIM_OC4_SetConfig
                0x08006608       0xa0 ./Drivers/STM32F4xx_HAL_Driver/Src/stm32f4xx_hal_tim.o
 .text.TIM_TI1_ConfigInputStage
                0x080066a8       0x5e ./Drivers/STM32F4xx_HAL_Driver/Src/stm32f4xx_hal_tim.o
 .text.TIM_TI2_ConfigInputStage
                0x08006706       0x60 ./Drivers/STM32F4xx_HAL_Driver/Src/stm32f4xx_hal_tim.o
 .text.TIM_ITRx_SetConfig
                0x08006766       0x36 ./Drivers/STM32F4xx_HAL_Driver/Src/stm32f4xx_hal_tim.o
 .text.TIM_ETR_SetConfig
                0x0800679c       0x40 ./Drivers/STM32F4xx_HAL_Driver/Src/stm32f4xx_hal_tim.o
                0x0800679c                TIM_ETR_SetConfig
 .text.TIM_CCxChannelCmd
                0x080067dc       0x4a ./Drivers/STM32F4xx_HAL_Driver/Src/stm32f4xx_hal_tim.o
                0x080067dc                TIM_CCxChannelCmd
 *fill*         0x08006826        0x2 
 .text.HAL_TIMEx_MasterConfigSynchronization
                0x08006828       0xdc ./Drivers/STM32F4xx_HAL_Driver/Src/stm32f4xx_hal_tim_ex.o
                0x08006828                HAL_TIMEx_MasterConfigSynchronization
 .text.USB_CoreInit
                0x08006904       0xc8 ./Drivers/STM32F4xx_HAL_Driver/Src/stm32f4xx_ll_usb.o
                0x08006904                USB_CoreInit
 .text.USB_SetTurnaroundTime
                0x080069cc      0x144 ./Drivers/STM32F4xx_HAL_Driver/Src/stm32f4xx_ll_usb.o
                0x080069cc                USB_SetTurnaroundTime
 .text.USB_EnableGlobalInt
                0x08006b10       0x22 ./Drivers/STM32F4xx_HAL_Driver/Src/stm32f4xx_ll_usb.o
                0x08006b10                USB_EnableGlobalInt
 .text.USB_DisableGlobalInt
                0x08006b32       0x22 ./Drivers/STM32F4xx_HAL_Driver/Src/stm32f4xx_ll_usb.o
                0x08006b32                USB_DisableGlobalInt
 .text.USB_SetCurrentMode
                0x08006b54       0x98 ./Drivers/STM32F4xx_HAL_Driver/Src/stm32f4xx_ll_usb.o
                0x08006b54                USB_SetCurrentMode
 .text.USB_DevInit
                0x08006bec      0x2c8 ./Drivers/STM32F4xx_HAL_Driver/Src/stm32f4xx_ll_usb.o
                0x08006bec                USB_DevInit
 .text.USB_FlushTxFifo
                0x08006eb4       0x64 ./Drivers/STM32F4xx_HAL_Driver/Src/stm32f4xx_ll_usb.o
                0x08006eb4                USB_FlushTxFifo
 .text.USB_FlushRxFifo
                0x08006f18       0x5c ./Drivers/STM32F4xx_HAL_Driver/Src/stm32f4xx_ll_usb.o
                0x08006f18                USB_FlushRxFifo
 .text.USB_SetDevSpeed
                0x08006f74       0x32 ./Drivers/STM32F4xx_HAL_Driver/Src/stm32f4xx_ll_usb.o
                0x08006f74                USB_SetDevSpeed
 .text.USB_GetDevSpeed
                0x08006fa6       0x4a ./Drivers/STM32F4xx_HAL_Driver/Src/stm32f4xx_ll_usb.o
                0x08006fa6                USB_GetDevSpeed
 .text.USB_ActivateEndpoint
                0x08006ff0      0x10e ./Drivers/STM32F4xx_HAL_Driver/Src/stm32f4xx_ll_usb.o
                0x08006ff0                USB_ActivateEndpoint
 *fill*         0x080070fe        0x2 
 .text.USB_DeactivateEndpoint
                0x08007100      0x1b8 ./Drivers/STM32F4xx_HAL_Driver/Src/stm32f4xx_ll_usb.o
                0x08007100                USB_DeactivateEndpoint
 .text.USB_EPStartXfer
                0x080072b8      0x53c ./Drivers/STM32F4xx_HAL_Driver/Src/stm32f4xx_ll_usb.o
                0x080072b8                USB_EPStartXfer
 .text.USB_EPStopXfer
                0x080077f4      0x154 ./Drivers/STM32F4xx_HAL_Driver/Src/stm32f4xx_ll_usb.o
                0x080077f4                USB_EPStopXfer
 .text.USB_WritePacket
                0x08007948       0x7c ./Drivers/STM32F4xx_HAL_Driver/Src/stm32f4xx_ll_usb.o
                0x08007948                USB_WritePacket
 .text.USB_ReadPacket
                0x080079c4       0xb0 ./Drivers/STM32F4xx_HAL_Driver/Src/stm32f4xx_ll_usb.o
                0x080079c4                USB_ReadPacket
 .text.USB_EPSetStall
                0x08007a74       0xdc ./Drivers/STM32F4xx_HAL_Driver/Src/stm32f4xx_ll_usb.o
                0x08007a74                USB_EPSetStall
 .text.USB_EPClearStall
                0x08007b50       0xcc ./Drivers/STM32F4xx_HAL_Driver/Src/stm32f4xx_ll_usb.o
                0x08007b50                USB_EPClearStall
 .text.USB_SetDevAddress
                0x08007c1c       0x4c ./Drivers/STM32F4xx_HAL_Driver/Src/stm32f4xx_ll_usb.o
                0x08007c1c                USB_SetDevAddress
 .text.USB_DevConnect
                0x08007c68       0x42 ./Drivers/STM32F4xx_HAL_Driver/Src/stm32f4xx_ll_usb.o
                0x08007c68                USB_DevConnect
 .text.USB_DevDisconnect
                0x08007caa       0x42 ./Drivers/STM32F4xx_HAL_Driver/Src/stm32f4xx_ll_usb.o
                0x08007caa                USB_DevDisconnect
 .text.USB_ReadInterrupts
                0x08007cec       0x26 ./Drivers/STM32F4xx_HAL_Driver/Src/stm32f4xx_ll_usb.o
                0x08007cec                USB_ReadInterrupts
 .text.USB_ReadDevAllOutEpInterrupt
                0x08007d12       0x34 ./Drivers/STM32F4xx_HAL_Driver/Src/stm32f4xx_ll_usb.o
                0x08007d12                USB_ReadDevAllOutEpInterrupt
 .text.USB_ReadDevAllInEpInterrupt
                0x08007d46       0x34 ./Drivers/STM32F4xx_HAL_Driver/Src/stm32f4xx_ll_usb.o
                0x08007d46                USB_ReadDevAllInEpInterrupt
 .text.USB_ReadDevOutEPInterrupt
                0x08007d7a       0x3c ./Drivers/STM32F4xx_HAL_Driver/Src/stm32f4xx_ll_usb.o
                0x08007d7a                USB_ReadDevOutEPInterrupt
 .text.USB_ReadDevInEPInterrupt
                0x08007db6       0x5c ./Drivers/STM32F4xx_HAL_Driver/Src/stm32f4xx_ll_usb.o
                0x08007db6                USB_ReadDevInEPInterrupt
 .text.USB_GetMode
                0x08007e12       0x1c ./Drivers/STM32F4xx_HAL_Driver/Src/stm32f4xx_ll_usb.o
                0x08007e12                USB_GetMode
 .text.USB_ActivateSetup
                0x08007e2e       0x46 ./Drivers/STM32F4xx_HAL_Driver/Src/stm32f4xx_ll_usb.o
                0x08007e2e                USB_ActivateSetup
 .text.USB_EP0_OutStart
                0x08007e74       0xbc ./Drivers/STM32F4xx_HAL_Driver/Src/stm32f4xx_ll_usb.o
                0x08007e74                USB_EP0_OutStart
 .text.USB_CoreReset
                0x08007f30       0x70 ./Drivers/STM32F4xx_HAL_Driver/Src/stm32f4xx_ll_usb.o
 .text.USBD_CDC_Init
                0x08007fa0      0x1f0 ./Middlewares/ST/STM32_USB_Device_Library/Class/CDC/Src/usbd_cdc.o
 .text.USBD_CDC_DeInit
                0x08008190      0x104 ./Middlewares/ST/STM32_USB_Device_Library/Class/CDC/Src/usbd_cdc.o
 .text.USBD_CDC_Setup
                0x08008294      0x1b8 ./Middlewares/ST/STM32_USB_Device_Library/Class/CDC/Src/usbd_cdc.o
 .text.USBD_CDC_DataIn
                0x0800844c       0xfe ./Middlewares/ST/STM32_USB_Device_Library/Class/CDC/Src/usbd_cdc.o
 .text.USBD_CDC_DataOut
                0x0800854a       0x70 ./Middlewares/ST/STM32_USB_Device_Library/Class/CDC/Src/usbd_cdc.o
 .text.USBD_CDC_EP0_RxReady
                0x080085ba       0x74 ./Middlewares/ST/STM32_USB_Device_Library/Class/CDC/Src/usbd_cdc.o
 *fill*         0x0800862e        0x2 
 .text.USBD_CDC_GetFSCfgDesc
                0x08008630       0x70 ./Middlewares/ST/STM32_USB_Device_Library/Class/CDC/Src/usbd_cdc.o
 .text.USBD_CDC_GetHSCfgDesc
                0x080086a0       0x70 ./Middlewares/ST/STM32_USB_Device_Library/Class/CDC/Src/usbd_cdc.o
 .text.USBD_CDC_GetOtherSpeedCfgDesc
                0x08008710       0x70 ./Middlewares/ST/STM32_USB_Device_Library/Class/CDC/Src/usbd_cdc.o
 .text.USBD_CDC_GetDeviceQualifierDescriptor
                0x08008780       0x20 ./Middlewares/ST/STM32_USB_Device_Library/Class/CDC/Src/usbd_cdc.o
                0x08008780                USBD_CDC_GetDeviceQualifierDescriptor
 .text.USBD_CDC_RegisterInterface
                0x080087a0       0x34 ./Middlewares/ST/STM32_USB_Device_Library/Class/CDC/Src/usbd_cdc.o
                0x080087a0                USBD_CDC_RegisterInterface
 .text.USBD_CDC_SetTxBuffer
                0x080087d4       0x44 ./Middlewares/ST/STM32_USB_Device_Library/Class/CDC/Src/usbd_cdc.o
                0x080087d4                USBD_CDC_SetTxBuffer
 .text.USBD_CDC_SetRxBuffer
                0x08008818       0x3a ./Middlewares/ST/STM32_USB_Device_Library/Class/CDC/Src/usbd_cdc.o
                0x08008818                USBD_CDC_SetRxBuffer
 *fill*         0x08008852        0x2 
 .text.USBD_CDC_ReceivePacket
                0x08008854       0x6c ./Middlewares/ST/STM32_USB_Device_Library/Class/CDC/Src/usbd_cdc.o
                0x08008854                USBD_CDC_ReceivePacket
 .text.USBD_Init
                0x080088c0       0x60 ./Middlewares/ST/STM32_USB_Device_Library/Core/Src/usbd_core.o
                0x080088c0                USBD_Init
 .text.USBD_RegisterClass
                0x08008920       0x6c ./Middlewares/ST/STM32_USB_Device_Library/Core/Src/usbd_core.o
                0x08008920                USBD_RegisterClass
 .text.USBD_Start
                0x0800898c       0x18 ./Middlewares/ST/STM32_USB_Device_Library/Core/Src/usbd_core.o
                0x0800898c                USBD_Start
 .text.USBD_RunTestMode
                0x080089a4       0x16 ./Middlewares/ST/STM32_USB_Device_Library/Core/Src/usbd_core.o
                0x080089a4                USBD_RunTestMode
 .text.USBD_SetClassConfig
                0x080089ba       0x38 ./Middlewares/ST/STM32_USB_Device_Library/Core/Src/usbd_core.o
                0x080089ba                USBD_SetClassConfig
 .text.USBD_ClrClassConfig
                0x080089f2       0x34 ./Middlewares/ST/STM32_USB_Device_Library/Core/Src/usbd_core.o
                0x080089f2                USBD_ClrClassConfig
 .text.USBD_LL_SetupStage
                0x08008a26       0xaa ./Middlewares/ST/STM32_USB_Device_Library/Core/Src/usbd_core.o
                0x08008a26                USBD_LL_SetupStage
 .text.USBD_LL_DataOutStage
                0x08008ad0      0x178 ./Middlewares/ST/STM32_USB_Device_Library/Core/Src/usbd_core.o
                0x08008ad0                USBD_LL_DataOutStage
 .text.USBD_LL_DataInStage
                0x08008c48      0x176 ./Middlewares/ST/STM32_USB_Device_Library/Core/Src/usbd_core.o
                0x08008c48                USBD_LL_DataInStage
 .text.USBD_LL_Reset
                0x08008dbe       0xa6 ./Middlewares/ST/STM32_USB_Device_Library/Core/Src/usbd_core.o
                0x08008dbe                USBD_LL_Reset
 .text.USBD_LL_SetSpeed
                0x08008e64       0x20 ./Middlewares/ST/STM32_USB_Device_Library/Core/Src/usbd_core.o
                0x08008e64                USBD_LL_SetSpeed
 .text.USBD_LL_Suspend
                0x08008e84       0x38 ./Middlewares/ST/STM32_USB_Device_Library/Core/Src/usbd_core.o
                0x08008e84                USBD_LL_Suspend
 .text.USBD_LL_Resume
                0x08008ebc       0x30 ./Middlewares/ST/STM32_USB_Device_Library/Core/Src/usbd_core.o
                0x08008ebc                USBD_LL_Resume
 .text.USBD_LL_SOF
                0x08008eec       0x40 ./Middlewares/ST/STM32_USB_Device_Library/Core/Src/usbd_core.o
                0x08008eec                USBD_LL_SOF
 .text.USBD_LL_IsoINIncomplete
                0x08008f2c       0x64 ./Middlewares/ST/STM32_USB_Device_Library/Core/Src/usbd_core.o
                0x08008f2c                USBD_LL_IsoINIncomplete
 .text.USBD_LL_IsoOUTIncomplete
                0x08008f90       0x64 ./Middlewares/ST/STM32_USB_Device_Library/Core/Src/usbd_core.o
                0x08008f90                USBD_LL_IsoOUTIncomplete
 .text.USBD_LL_DevConnected
                0x08008ff4       0x16 ./Middlewares/ST/STM32_USB_Device_Library/Core/Src/usbd_core.o
                0x08008ff4                USBD_LL_DevConnected
 .text.USBD_LL_DevDisconnected
                0x0800900a       0x46 ./Middlewares/ST/STM32_USB_Device_Library/Core/Src/usbd_core.o
                0x0800900a                USBD_LL_DevDisconnected
 .text.USBD_CoreFindIF
                0x08009050       0x1a ./Middlewares/ST/STM32_USB_Device_Library/Core/Src/usbd_core.o
                0x08009050                USBD_CoreFindIF
 .text.USBD_CoreFindEP
                0x0800906a       0x1a ./Middlewares/ST/STM32_USB_Device_Library/Core/Src/usbd_core.o
                0x0800906a                USBD_CoreFindEP
 .text.USBD_GetEpDesc
                0x08009084       0x70 ./Middlewares/ST/STM32_USB_Device_Library/Core/Src/usbd_core.o
                0x08009084                USBD_GetEpDesc
 .text.USBD_GetNextDesc
                0x080090f4       0x38 ./Middlewares/ST/STM32_USB_Device_Library/Core/Src/usbd_core.o
                0x080090f4                USBD_GetNextDesc
 .text.SWAPBYTE
                0x0800912c       0x3e ./Middlewares/ST/STM32_USB_Device_Library/Core/Src/usbd_ctlreq.o
 *fill*         0x0800916a        0x2 
 .text.USBD_StdDevReq
                0x0800916c       0xe4 ./Middlewares/ST/STM32_USB_Device_Library/Core/Src/usbd_ctlreq.o
                0x0800916c                USBD_StdDevReq
 .text.USBD_StdItfReq
                0x08009250       0xd8 ./Middlewares/ST/STM32_USB_Device_Library/Core/Src/usbd_ctlreq.o
                0x08009250                USBD_StdItfReq
 .text.USBD_StdEPReq
                0x08009328      0x33e ./Middlewares/ST/STM32_USB_Device_Library/Core/Src/usbd_ctlreq.o
                0x08009328                USBD_StdEPReq
 *fill*         0x08009666        0x2 
 .text.USBD_GetDescriptor
                0x08009668      0x2d4 ./Middlewares/ST/STM32_USB_Device_Library/Core/Src/usbd_ctlreq.o
 .text.USBD_SetAddress
                0x0800993c       0x88 ./Middlewares/ST/STM32_USB_Device_Library/Core/Src/usbd_ctlreq.o
 .text.USBD_SetConfig
                0x080099c4      0x154 ./Middlewares/ST/STM32_USB_Device_Library/Core/Src/usbd_ctlreq.o
 .text.USBD_GetConfig
                0x08009b18       0x6c ./Middlewares/ST/STM32_USB_Device_Library/Core/Src/usbd_ctlreq.o
 .text.USBD_GetStatus
                0x08009b84       0x68 ./Middlewares/ST/STM32_USB_Device_Library/Core/Src/usbd_ctlreq.o
 .text.USBD_SetFeature
                0x08009bec       0x52 ./Middlewares/ST/STM32_USB_Device_Library/Core/Src/usbd_ctlreq.o
 .text.USBD_ClrFeature
                0x08009c3e       0x44 ./Middlewares/ST/STM32_USB_Device_Library/Core/Src/usbd_ctlreq.o
 .text.USBD_ParseSetupRequest
                0x08009c82       0x74 ./Middlewares/ST/STM32_USB_Device_Library/Core/Src/usbd_ctlreq.o
                0x08009c82                USBD_ParseSetupRequest
 .text.USBD_CtlError
                0x08009cf6       0x22 ./Middlewares/ST/STM32_USB_Device_Library/Core/Src/usbd_ctlreq.o
                0x08009cf6                USBD_CtlError
 .text.USBD_GetString
                0x08009d18       0xa4 ./Middlewares/ST/STM32_USB_Device_Library/Core/Src/usbd_ctlreq.o
                0x08009d18                USBD_GetString
 .text.USBD_GetLen
                0x08009dbc       0x34 ./Middlewares/ST/STM32_USB_Device_Library/Core/Src/usbd_ctlreq.o
 .text.USBD_CtlSendData
                0x08009df0       0x3c ./Middlewares/ST/STM32_USB_Device_Library/Core/Src/usbd_ioreq.o
                0x08009df0                USBD_CtlSendData
 .text.USBD_CtlContinueSendData
                0x08009e2c       0x22 ./Middlewares/ST/STM32_USB_Device_Library/Core/Src/usbd_ioreq.o
                0x08009e2c                USBD_CtlContinueSendData
 .text.USBD_CtlPrepareRx
                0x08009e4e       0x42 ./Middlewares/ST/STM32_USB_Device_Library/Core/Src/usbd_ioreq.o
                0x08009e4e                USBD_CtlPrepareRx
 .text.USBD_CtlContinueRx
                0x08009e90       0x22 ./Middlewares/ST/STM32_USB_Device_Library/Core/Src/usbd_ioreq.o
                0x08009e90                USBD_CtlContinueRx
 .text.USBD_CtlSendStatus
                0x08009eb2       0x26 ./Middlewares/ST/STM32_USB_Device_Library/Core/Src/usbd_ioreq.o
                0x08009eb2                USBD_CtlSendStatus
 .text.USBD_CtlReceiveStatus
                0x08009ed8       0x26 ./Middlewares/ST/STM32_USB_Device_Library/Core/Src/usbd_ioreq.o
                0x08009ed8                USBD_CtlReceiveStatus
 *fill*         0x08009efe        0x2 
 .text.MX_USB_DEVICE_Init
                0x08009f00       0x60 ./USB_DEVICE/App/usb_device.o
                0x08009f00                MX_USB_DEVICE_Init
 .text.CDC_Init_FS
                0x08009f60       0x28 ./USB_DEVICE/App/usbd_cdc_if.o
 .text.CDC_DeInit_FS
                0x08009f88       0x10 ./USB_DEVICE/App/usbd_cdc_if.o
 .text.CDC_Control_FS
                0x08009f98       0xbc ./USB_DEVICE/App/usbd_cdc_if.o
 .text.CDC_Receive_FS
                0x0800a054       0x28 ./USB_DEVICE/App/usbd_cdc_if.o
 .text.CDC_TransmitCplt_FS
                0x0800a07c       0x22 ./USB_DEVICE/App/usbd_cdc_if.o
 *fill*         0x0800a09e        0x2 
 .text.USBD_FS_DeviceDescriptor
                0x0800a0a0       0x24 ./USB_DEVICE/App/usbd_desc.o
                0x0800a0a0                USBD_FS_DeviceDescriptor
 .text.USBD_FS_LangIDStrDescriptor
                0x0800a0c4       0x24 ./USB_DEVICE/App/usbd_desc.o
                0x0800a0c4                USBD_FS_LangIDStrDescriptor
 .text.USBD_FS_ProductStrDescriptor
                0x0800a0e8       0x3c ./USB_DEVICE/App/usbd_desc.o
                0x0800a0e8                USBD_FS_ProductStrDescriptor
 .text.USBD_FS_ManufacturerStrDescriptor
                0x0800a124       0x28 ./USB_DEVICE/App/usbd_desc.o
                0x0800a124                USBD_FS_ManufacturerStrDescriptor
 .text.USBD_FS_SerialStrDescriptor
                0x0800a14c       0x24 ./USB_DEVICE/App/usbd_desc.o
                0x0800a14c                USBD_FS_SerialStrDescriptor
 .text.USBD_FS_ConfigStrDescriptor
                0x0800a170       0x3c ./USB_DEVICE/App/usbd_desc.o
                0x0800a170                USBD_FS_ConfigStrDescriptor
 .text.USBD_FS_InterfaceStrDescriptor
                0x0800a1ac       0x3c ./USB_DEVICE/App/usbd_desc.o
                0x0800a1ac                USBD_FS_InterfaceStrDescriptor
 .text.Get_SerialNum
                0x0800a1e8       0x58 ./USB_DEVICE/App/usbd_desc.o
 .text.IntToUnicode
                0x0800a240       0x7e ./USB_DEVICE/App/usbd_desc.o
 *fill*         0x0800a2be        0x2 
 .text.HAL_PCD_MspInit
                0x0800a2c0       0xa8 ./USB_DEVICE/Target/usbd_conf.o
                0x0800a2c0                HAL_PCD_MspInit
 .text.HAL_PCD_SetupStageCallback
                0x0800a368       0x24 ./USB_DEVICE/Target/usbd_conf.o
                0x0800a368                HAL_PCD_SetupStageCallback
 .text.HAL_PCD_DataOutStageCallback
                0x0800a38c       0x36 ./USB_DEVICE/Target/usbd_conf.o
                0x0800a38c                HAL_PCD_DataOutStageCallback
 .text.HAL_PCD_DataInStageCallback
                0x0800a3c2       0x34 ./USB_DEVICE/Target/usbd_conf.o
                0x0800a3c2                HAL_PCD_DataInStageCallback
 .text.HAL_PCD_SOFCallback
                0x0800a3f6       0x1c ./USB_DEVICE/Target/usbd_conf.o
                0x0800a3f6                HAL_PCD_SOFCallback
 .text.HAL_PCD_ResetCallback
                0x0800a412       0x3c ./USB_DEVICE/Target/usbd_conf.o
                0x0800a412                HAL_PCD_ResetCallback
 *fill*         0x0800a44e        0x2 
 .text.HAL_PCD_SuspendCallback
                0x0800a450       0x4c ./USB_DEVICE/Target/usbd_conf.o
                0x0800a450                HAL_PCD_SuspendCallback
 .text.HAL_PCD_ResumeCallback
                0x0800a49c       0x1c ./USB_DEVICE/Target/usbd_conf.o
                0x0800a49c                HAL_PCD_ResumeCallback
 .text.HAL_PCD_ISOOUTIncompleteCallback
                0x0800a4b8       0x24 ./USB_DEVICE/Target/usbd_conf.o
                0x0800a4b8                HAL_PCD_ISOOUTIncompleteCallback
 .text.HAL_PCD_ISOINIncompleteCallback
                0x0800a4dc       0x24 ./USB_DEVICE/Target/usbd_conf.o
                0x0800a4dc                HAL_PCD_ISOINIncompleteCallback
 .text.HAL_PCD_ConnectCallback
                0x0800a500       0x1c ./USB_DEVICE/Target/usbd_conf.o
                0x0800a500                HAL_PCD_ConnectCallback
 .text.HAL_PCD_DisconnectCallback
                0x0800a51c       0x1c ./USB_DEVICE/Target/usbd_conf.o
                0x0800a51c                HAL_PCD_DisconnectCallback
 .text.USBD_LL_Init
                0x0800a538       0x98 ./USB_DEVICE/Target/usbd_conf.o
                0x0800a538                USBD_LL_Init
 .text.USBD_LL_Start
                0x0800a5d0       0x36 ./USB_DEVICE/Target/usbd_conf.o
                0x0800a5d0                USBD_LL_Start
 .text.USBD_LL_OpenEP
                0x0800a606       0x4c ./USB_DEVICE/Target/usbd_conf.o
                0x0800a606                USBD_LL_OpenEP
 .text.USBD_LL_CloseEP
                0x0800a652       0x3e ./USB_DEVICE/Target/usbd_conf.o
                0x0800a652                USBD_LL_CloseEP
 .text.USBD_LL_StallEP
                0x0800a690       0x3e ./USB_DEVICE/Target/usbd_conf.o
                0x0800a690                USBD_LL_StallEP
 .text.USBD_LL_ClearStallEP
                0x0800a6ce       0x3e ./USB_DEVICE/Target/usbd_conf.o
                0x0800a6ce                USBD_LL_ClearStallEP
 .text.USBD_LL_IsStallEP
                0x0800a70c       0x58 ./USB_DEVICE/Target/usbd_conf.o
                0x0800a70c                USBD_LL_IsStallEP
 .text.USBD_LL_SetUSBAddress
                0x0800a764       0x3e ./USB_DEVICE/Target/usbd_conf.o
                0x0800a764                USBD_LL_SetUSBAddress
 .text.USBD_LL_Transmit
                0x0800a7a2       0x42 ./USB_DEVICE/Target/usbd_conf.o
                0x0800a7a2                USBD_LL_Transmit
 .text.USBD_LL_PrepareReceive
                0x0800a7e4       0x42 ./USB_DEVICE/Target/usbd_conf.o
                0x0800a7e4                USBD_LL_PrepareReceive
 .text.USBD_LL_GetRxDataSize
                0x0800a826       0x26 ./USB_DEVICE/Target/usbd_conf.o
                0x0800a826                USBD_LL_GetRxDataSize
 .text.USBD_static_malloc
                0x0800a84c       0x1c ./USB_DEVICE/Target/usbd_conf.o
                0x0800a84c                USBD_static_malloc
 .text.USBD_static_free
                0x0800a868       0x14 ./USB_DEVICE/Target/usbd_conf.o
                0x0800a868                USBD_static_free
 .text.USBD_Get_USB_Status
                0x0800a87c       0x58 ./USB_DEVICE/Target/usbd_conf.o
                0x0800a87c                USBD_Get_USB_Status
 .text.snprintf
                0x0800a8d4       0x6c C:/ST/STM32CubeIDE_1.17.0/STM32CubeIDE/plugins/com.st.stm32cube.ide.mcu.externaltools.gnu-tools-for-stm32.14.3.rel1.win32_1.0.100.202602081740/tools/bin/../lib/gcc/arm-none-eabi/14.3.1/../../../../arm-none-eabi/lib/thumb/v7e-m+fp/hard\libc_nano.a(libc_a-snprintf.o)
                0x0800a8d4                sniprintf
                0x0800a8d4                snprintf
 .text.memset   0x0800a940       0x10 C:/ST/STM32CubeIDE_1.17.0/STM32CubeIDE/plugins/com.st.stm32cube.ide.mcu.externaltools.gnu-tools-for-stm32.14.3.rel1.win32_1.0.100.202602081740/tools/bin/../lib/gcc/arm-none-eabi/14.3.1/../../../../arm-none-eabi/lib/thumb/v7e-m+fp/hard\libc_nano.a(libc_a-memset.o)
                0x0800a940                memset
 .text.__errno  0x0800a950        0xc C:/ST/STM32CubeIDE_1.17.0/STM32CubeIDE/plugins/com.st.stm32cube.ide.mcu.externaltools.gnu-tools-for-stm32.14.3.rel1.win32_1.0.100.202602081740/tools/bin/../lib/gcc/arm-none-eabi/14.3.1/../../../../arm-none-eabi/lib/thumb/v7e-m+fp/hard\libc_nano.a(libc_a-errno.o)
                0x0800a950                __errno
 .text.__libc_init_array
                0x0800a95c       0x48 C:/ST/STM32CubeIDE_1.17.0/STM32CubeIDE/plugins/com.st.stm32cube.ide.mcu.externaltools.gnu-tools-for-stm32.14.3.rel1.win32_1.0.100.202602081740/tools/bin/../lib/gcc/arm-none-eabi/14.3.1/../../../../arm-none-eabi/lib/thumb/v7e-m+fp/hard\libc_nano.a(libc_a-init.o)
                0x0800a95c                __libc_init_array
 .text.__retarget_lock_acquire_recursive
                0x0800a9a4        0x2 C:/ST/STM32CubeIDE_1.17.0/STM32CubeIDE/plugins/com.st.stm32cube.ide.mcu.externaltools.gnu-tools-for-stm32.14.3.rel1.win32_1.0.100.202602081740/tools/bin/../lib/gcc/arm-none-eabi/14.3.1/../../../../arm-none-eabi/lib/thumb/v7e-m+fp/hard\libc_nano.a(libc_a-lock.o)
                0x0800a9a4                __retarget_lock_acquire_recursive
 .text.__retarget_lock_release_recursive
                0x0800a9a6        0x2 C:/ST/STM32CubeIDE_1.17.0/STM32CubeIDE/plugins/com.st.stm32cube.ide.mcu.externaltools.gnu-tools-for-stm32.14.3.rel1.win32_1.0.100.202602081740/tools/bin/../lib/gcc/arm-none-eabi/14.3.1/../../../../arm-none-eabi/lib/thumb/v7e-m+fp/hard\libc_nano.a(libc_a-lock.o)
                0x0800a9a6                __retarget_lock_release_recursive
 .text.memcpy   0x0800a9a8       0x1c C:/ST/STM32CubeIDE_1.17.0/STM32CubeIDE/plugins/com.st.stm32cube.ide.mcu.externaltools.gnu-tools-for-stm32.14.3.rel1.win32_1.0.100.202602081740/tools/bin/../lib/gcc/arm-none-eabi/14.3.1/../../../../arm-none-eabi/lib/thumb/v7e-m+fp/hard\libc_nano.a(libc_a-memcpy-stub.o)
                0x0800a9a8                memcpy
 .text._free_r  0x0800a9c4       0x94 C:/ST/STM32CubeIDE_1.17.0/STM32CubeIDE/plugins/com.st.stm32cube.ide.mcu.externaltools.gnu-tools-for-stm32.14.3.rel1.win32_1.0.100.202602081740/tools/bin/../lib/gcc/arm-none-eabi/14.3.1/../../../../arm-none-eabi/lib/thumb/v7e-m+fp/hard\libc_nano.a(libc_a-freer.o)
                0x0800a9c4                _free_r
 .text.sbrk_aligned
                0x0800aa58       0x44 C:/ST/STM32CubeIDE_1.17.0/STM32CubeIDE/plugins/com.st.stm32cube.ide.mcu.externaltools.gnu-tools-for-stm32.14.3.rel1.win32_1.0.100.202602081740/tools/bin/../lib/gcc/arm-none-eabi/14.3.1/../../../../arm-none-eabi/lib/thumb/v7e-m+fp/hard\libc_nano.a(libc_a-mallocr.o)
 .text._malloc_r
                0x0800aa9c      0x100 C:/ST/STM32CubeIDE_1.17.0/STM32CubeIDE/plugins/com.st.stm32cube.ide.mcu.externaltools.gnu-tools-for-stm32.14.3.rel1.win32_1.0.100.202602081740/tools/bin/../lib/gcc/arm-none-eabi/14.3.1/../../../../arm-none-eabi/lib/thumb/v7e-m+fp/hard\libc_nano.a(libc_a-mallocr.o)
                0x0800aa9c                _malloc_r
 .text.__malloc_lock
                0x0800ab9c        0xc C:/ST/STM32CubeIDE_1.17.0/STM32CubeIDE/plugins/com.st.stm32cube.ide.mcu.externaltools.gnu-tools-for-stm32.14.3.rel1.win32_1.0.100.202602081740/tools/bin/../lib/gcc/arm-none-eabi/14.3.1/../../../../arm-none-eabi/lib/thumb/v7e-m+fp/hard\libc_nano.a(libc_a-mlock.o)
                0x0800ab9c                __malloc_lock
 .text.__malloc_unlock
                0x0800aba8        0xc C:/ST/STM32CubeIDE_1.17.0/STM32CubeIDE/plugins/com.st.stm32cube.ide.mcu.externaltools.gnu-tools-for-stm32.14.3.rel1.win32_1.0.100.202602081740/tools/bin/../lib/gcc/arm-none-eabi/14.3.1/../../../../arm-none-eabi/lib/thumb/v7e-m+fp/hard\libc_nano.a(libc_a-mlock.o)
                0x0800aba8                __malloc_unlock
 .text.__ssputs_r
                0x0800abb4       0xc0 C:/ST/STM32CubeIDE_1.17.0/STM32CubeIDE/plugins/com.st.stm32cube.ide.mcu.externaltools.gnu-tools-for-stm32.14.3.rel1.win32_1.0.100.202602081740/tools/bin/../lib/gcc/arm-none-eabi/14.3.1/../../../../arm-none-eabi/lib/thumb/v7e-m+fp/hard\libc_nano.a(libc_a-nano-svfprintf.o)
                0x0800abb4                __ssputs_r
 .text._svfprintf_r
                0x0800ac74      0x1f0 C:/ST/STM32CubeIDE_1.17.0/STM32CubeIDE/plugins/com.st.stm32cube.ide.mcu.externaltools.gnu-tools-for-stm32.14.3.rel1.win32_1.0.100.202602081740/tools/bin/../lib/gcc/arm-none-eabi/14.3.1/../../../../arm-none-eabi/lib/thumb/v7e-m+fp/hard\libc_nano.a(libc_a-nano-svfprintf.o)
                0x0800ac74                _svfiprintf_r
                0x0800ac74                _svfprintf_r
 .text._printf_common
                0x0800ae64       0xda C:/ST/STM32CubeIDE_1.17.0/STM32CubeIDE/plugins/com.st.stm32cube.ide.mcu.externaltools.gnu-tools-for-stm32.14.3.rel1.win32_1.0.100.202602081740/tools/bin/../lib/gcc/arm-none-eabi/14.3.1/../../../../arm-none-eabi/lib/thumb/v7e-m+fp/hard\libc_nano.a(libc_a-nano-vfprintf_i.o)
                0x0800ae64                _printf_common
 *fill*         0x0800af3e        0x2 
 .text._printf_i
                0x0800af40      0x24c C:/ST/STM32CubeIDE_1.17.0/STM32CubeIDE/plugins/com.st.stm32cube.ide.mcu.externaltools.gnu-tools-for-stm32.14.3.rel1.win32_1.0.100.202602081740/tools/bin/../lib/gcc/arm-none-eabi/14.3.1/../../../../arm-none-eabi/lib/thumb/v7e-m+fp/hard\libc_nano.a(libc_a-nano-vfprintf_i.o)
                0x0800af40                _printf_i
 .text.memmove  0x0800b18c       0x32 C:/ST/STM32CubeIDE_1.17.0/STM32CubeIDE/plugins/com.st.stm32cube.ide.mcu.externaltools.gnu-tools-for-stm32.14.3.rel1.win32_1.0.100.202602081740/tools/bin/../lib/gcc/arm-none-eabi/14.3.1/../../../../arm-none-eabi/lib/thumb/v7e-m+fp/hard\libc_nano.a(libc_a-memmove.o)
                0x0800b18c                memmove
 *fill*         0x0800b1be        0x2 
 .text._sbrk_r  0x0800b1c0       0x20 C:/ST/STM32CubeIDE_1.17.0/STM32CubeIDE/plugins/com.st.stm32cube.ide.mcu.externaltools.gnu-tools-for-stm32.14.3.rel1.win32_1.0.100.202602081740/tools/bin/../lib/gcc/arm-none-eabi/14.3.1/../../../../arm-none-eabi/lib/thumb/v7e-m+fp/hard\libc_nano.a(libc_a-sbrkr.o)
                0x0800b1c0                _sbrk_r
 .text._realloc_r
                0x0800b1e0       0x5c C:/ST/STM32CubeIDE_1.17.0/STM32CubeIDE/plugins/com.st.stm32cube.ide.mcu.externaltools.gnu-tools-for-stm32.14.3.rel1.win32_1.0.100.202602081740/tools/bin/../lib/gcc/arm-none-eabi/14.3.1/../../../../arm-none-eabi/lib/thumb/v7e-m+fp/hard\libc_nano.a(libc_a-reallocr.o)
                0x0800b1e0                _realloc_r
 .text._malloc_usable_size_r
                0x0800b23c       0x10 C:/ST/STM32CubeIDE_1.17.0/STM32CubeIDE/plugins/com.st.stm32cube.ide.mcu.externaltools.gnu-tools-for-stm32.14.3.rel1.win32_1.0.100.202602081740/tools/bin/../lib/gcc/arm-none-eabi/14.3.1/../../../../arm-none-eabi/lib/thumb/v7e-m+fp/hard\libc_nano.a(libc_a-msizer.o)
                0x0800b23c                _malloc_usable_size_r
 *(.glue_7)
 .glue_7        0x0800b24c        0x0 linker stubs
 *(.glue_7t)
 .glue_7t       0x0800b24c        0x0 linker stubs
 *(.eh_frame)
 .eh_frame      0x0800b24c        0x0 C:/ST/STM32CubeIDE_1.17.0/STM32CubeIDE/plugins/com.st.stm32cube.ide.mcu.externaltools.gnu-tools-for-stm32.14.3.rel1.win32_1.0.100.202602081740/tools/bin/../lib/gcc/arm-none-eabi/14.3.1/thumb/v7e-m+fp/hard/crtbegin.o
 *(.init)
 .init          0x0800b24c        0x4 C:/ST/STM32CubeIDE_1.17.0/STM32CubeIDE/plugins/com.st.stm32cube.ide.mcu.externaltools.gnu-tools-for-stm32.14.3.rel1.win32_1.0.100.202602081740/tools/bin/../lib/gcc/arm-none-eabi/14.3.1/thumb/v7e-m+fp/hard/crti.o
                0x0800b24c                _init
 .init          0x0800b250        0x8 C:/ST/STM32CubeIDE_1.17.0/STM32CubeIDE/plugins/com.st.stm32cube.ide.mcu.externaltools.gnu-tools-for-stm32.14.3.rel1.win32_1.0.100.202602081740/tools/bin/../lib/gcc/arm-none-eabi/14.3.1/thumb/v7e-m+fp/hard/crtn.o
 *(.fini)
 .fini          0x0800b258        0x4 C:/ST/STM32CubeIDE_1.17.0/STM32CubeIDE/plugins/com.st.stm32cube.ide.mcu.externaltools.gnu-tools-for-stm32.14.3.rel1.win32_1.0.100.202602081740/tools/bin/../lib/gcc/arm-none-eabi/14.3.1/thumb/v7e-m+fp/hard/crti.o
                0x0800b258                _fini
 .fini          0x0800b25c        0x8 C:/ST/STM32CubeIDE_1.17.0/STM32CubeIDE/plugins/com.st.stm32cube.ide.mcu.externaltools.gnu-tools-for-stm32.14.3.rel1.win32_1.0.100.202602081740/tools/bin/../lib/gcc/arm-none-eabi/14.3.1/thumb/v7e-m+fp/hard/crtn.o
                0x0800b264                        . = ALIGN (0x4)
                0x0800b264                        _etext = .

.vfp11_veneer   0x0800b264        0x0
 .vfp11_veneer  0x0800b264        0x0 linker stubs

.v4_bx          0x0800b264        0x0
 .v4_bx         0x0800b264        0x0 linker stubs

.iplt           0x0800b264        0x0
 .iplt          0x0800b264        0x0 C:/ST/STM32CubeIDE_1.17.0/STM32CubeIDE/plugins/com.st.stm32cube.ide.mcu.externaltools.gnu-tools-for-stm32.14.3.rel1.win32_1.0.100.202602081740/tools/bin/../lib/gcc/arm-none-eabi/14.3.1/thumb/v7e-m+fp/hard/crtbegin.o

.rodata         0x0800b264      0x85c
                0x0800b264                        . = ALIGN (0x4)
 *(.rodata)
 .rodata        0x0800b264       0x48 ./Core/Src/measurements.o
 .rodata        0x0800b2ac       0x46 ./USB_DEVICE/App/usbd_desc.o
 *(.rodata*)
 *fill*         0x0800b2f2        0x2 
 .rodata.Font7x10
                0x0800b2f4      0x76c ./Core/Src/ssd1306_fonts.o
 .rodata.Font_7x10
                0x0800ba60        0xc ./Core/Src/ssd1306_fonts.o
                0x0800ba60                Font_7x10
 .rodata.AHBPrescTable
                0x0800ba6c       0x10 ./Core/Src/system_stm32f4xx.o
                0x0800ba6c                AHBPrescTable
 .rodata.APBPrescTable
                0x0800ba7c        0x8 ./Core/Src/system_stm32f4xx.o
                0x0800ba7c                APBPrescTable
 .rodata.flagBitshiftOffset.0
                0x0800ba84        0x8 ./Drivers/STM32F4xx_HAL_Driver/Src/stm32f4xx_hal_dma.o
 .rodata._svfprintf_r.str1.1
                0x0800ba8c       0x33 C:/ST/STM32CubeIDE_1.17.0/STM32CubeIDE/plugins/com.st.stm32cube.ide.mcu.externaltools.gnu-tools-for-stm32.14.3.rel1.win32_1.0.100.202602081740/tools/bin/../lib/gcc/arm-none-eabi/14.3.1/../../../../arm-none-eabi/lib/thumb/v7e-m+fp/hard\libc_nano.a(libc_a-nano-svfprintf.o)
                                 0x11 (size before relaxing)
 .rodata._printf_i.str1.1
                0x0800babf       0x22 C:/ST/STM32CubeIDE_1.17.0/STM32CubeIDE/plugins/com.st.stm32cube.ide.mcu.externaltools.gnu-tools-for-stm32.14.3.rel1.win32_1.0.100.202602081740/tools/bin/../lib/gcc/arm-none-eabi/14.3.1/../../../../arm-none-eabi/lib/thumb/v7e-m+fp/hard\libc_nano.a(libc_a-nano-vfprintf_i.o)
                0x0800bae4                        . = ALIGN (0x4)
 *fill*         0x0800babf        0x1 

.ARM.extab      0x0800bac0        0x0
                0x0800bac0                        . = ALIGN (0x4)
 *(.ARM.extab* .gnu.linkonce.armextab.*)
                0x0800bac0                        . = ALIGN (0x4)

.ARM            0x0800bac0        0x8
                0x0800bac0                        . = ALIGN (0x4)
                0x0800bac0                        __exidx_start = .
 *(.ARM.exidx*)
 .ARM.exidx     0x0800bac0        0x8 C:/ST/STM32CubeIDE_1.17.0/STM32CubeIDE/plugins/com.st.stm32cube.ide.mcu.externaltools.gnu-tools-for-stm32.14.3.rel1.win32_1.0.100.202602081740/tools/bin/../lib/gcc/arm-none-eabi/14.3.1/../../../../arm-none-eabi/lib/thumb/v7e-m+fp/hard\libc_nano.a(libc_a-memchr.o)
 .ARM.exidx     0x0800bac8        0x0 C:/ST/STM32CubeIDE_1.17.0/STM32CubeIDE/plugins/com.st.stm32cube.ide.mcu.externaltools.gnu-tools-for-stm32.14.3.rel1.win32_1.0.100.202602081740/tools/bin/../lib/gcc/arm-none-eabi/14.3.1/thumb/v7e-m+fp/hard\libgcc.a(_udivmoddi4.o)
                                  0x8 (size before relaxing)
                0x0800bac8                        __exidx_end = .
                0x0800bac8                        . = ALIGN (0x4)

.preinit_array  0x0800bac8        0x0
                0x0800bac8                        . = ALIGN (0x4)
                0x0800bac8                        PROVIDE (__preinit_array_start = .)
 *(.preinit_array*)
                0x0800bac8                        PROVIDE (__preinit_array_end = .)
                0x0800bac8                        . = ALIGN (0x4)

.init_array     0x0800bac8        0x4
                0x0800bac8                        . = ALIGN (0x4)
                0x0800bac8                        PROVIDE (__init_array_start = .)
 *(SORT_BY_NAME(.init_array.*))
 *(.init_array*)
 .init_array    0x0800bac8        0x4 C:/ST/STM32CubeIDE_1.17.0/STM32CubeIDE/plugins/com.st.stm32cube.ide.mcu.externaltools.gnu-tools-for-stm32.14.3.rel1.win32_1.0.100.202602081740/tools/bin/../lib/gcc/arm-none-eabi/14.3.1/thumb/v7e-m+fp/hard/crtbegin.o
                0x0800bacc                        PROVIDE (__init_array_end = .)
                0x0800bacc                        . = ALIGN (0x4)

.fini_array     0x0800bacc        0x4
                0x0800bacc                        . = ALIGN (0x4)
                [!provide]                        PROVIDE (__fini_array_start = .)
 *(SORT_BY_NAME(.fini_array.*))
 *(.fini_array*)
 .fini_array    0x0800bacc        0x4 C:/ST/STM32CubeIDE_1.17.0/STM32CubeIDE/plugins/com.st.stm32cube.ide.mcu.externaltools.gnu-tools-for-stm32.14.3.rel1.win32_1.0.100.202602081740/tools/bin/../lib/gcc/arm-none-eabi/14.3.1/thumb/v7e-m+fp/hard/crtbegin.o
                [!provide]                        PROVIDE (__fini_array_end = .)
                0x0800bad0                        . = ALIGN (0x4)
                0x0800bad0                        _sidata = LOADADDR (.data)

.rel.dyn        0x0800bad0        0x0
 .rel.iplt      0x0800bad0        0x0 C:/ST/STM32CubeIDE_1.17.0/STM32CubeIDE/plugins/com.st.stm32cube.ide.mcu.externaltools.gnu-tools-for-stm32.14.3.rel1.win32_1.0.100.202602081740/tools/bin/../lib/gcc/arm-none-eabi/14.3.1/thumb/v7e-m+fp/hard/crtbegin.o

.data           0x20000000      0x158 load address 0x0800bad0
                0x20000000                        . = ALIGN (0x4)
                0x20000000                        _sdata = .
 *(.data)
 *(.data*)
 .data.VDD      0x20000000        0x4 ./Core/Src/measurements.o
                0x20000000                VDD
 .data.R_K      0x20000004        0x4 ./Core/Src/measurements.o
                0x20000004                R_K
 .data.R_C      0x20000008        0x4 ./Core/Src/measurements.o
                0x20000008                R_C
 .data.SystemCoreClock
                0x2000000c        0x4 ./Core/Src/system_stm32f4xx.o
                0x2000000c                SystemCoreClock
 .data.uwTickPrio
                0x20000010        0x4 ./Drivers/STM32F4xx_HAL_Driver/Src/stm32f4xx_hal.o
                0x20000010                uwTickPrio
 .data.uwTickFreq
                0x20000014        0x1 ./Drivers/STM32F4xx_HAL_Driver/Src/stm32f4xx_hal.o
                0x20000014                uwTickFreq
 *fill*         0x20000015        0x3 
 .data.USBD_CDC_DeviceQualifierDesc
                0x20000018        0xa ./Middlewares/ST/STM32_USB_Device_Library/Class/CDC/Src/usbd_cdc.o
 *fill*         0x20000022        0x2 
 .data.USBD_CDC
                0x20000024       0x38 ./Middlewares/ST/STM32_USB_Device_Library/Class/CDC/Src/usbd_cdc.o
                0x20000024                USBD_CDC
 .data.USBD_CDC_CfgDesc
                0x2000005c       0x43 ./Middlewares/ST/STM32_USB_Device_Library/Class/CDC/Src/usbd_cdc.o
 .data.CDCInEpAdd
                0x2000009f        0x1 ./Middlewares/ST/STM32_USB_Device_Library/Class/CDC/Src/usbd_cdc.o
 .data.CDCOutEpAdd
                0x200000a0        0x1 ./Middlewares/ST/STM32_USB_Device_Library/Class/CDC/Src/usbd_cdc.o
 .data.CDCCmdEpAdd
                0x200000a1        0x1 ./Middlewares/ST/STM32_USB_Device_Library/Class/CDC/Src/usbd_cdc.o
 *fill*         0x200000a2        0x2 
 .data.USBD_Interface_fops_FS
                0x200000a4       0x14 ./USB_DEVICE/App/usbd_cdc_if.o
                0x200000a4                USBD_Interface_fops_FS
 .data.FS_Desc  0x200000b8       0x1c ./USB_DEVICE/App/usbd_desc.o
                0x200000b8                FS_Desc
 .data.USBD_FS_DeviceDesc
                0x200000d4       0x12 ./USB_DEVICE/App/usbd_desc.o
                0x200000d4                USBD_FS_DeviceDesc
 *fill*         0x200000e6        0x2 
 .data.USBD_LangIDDesc
                0x200000e8        0x4 ./USB_DEVICE/App/usbd_desc.o
                0x200000e8                USBD_LangIDDesc
 .data.USBD_StringSerial
                0x200000ec       0x1a ./USB_DEVICE/App/usbd_desc.o
                0x200000ec                USBD_StringSerial
 *fill*         0x20000106        0x2 
 .data._impure_ptr
                0x20000108        0x4 C:/ST/STM32CubeIDE_1.17.0/STM32CubeIDE/plugins/com.st.stm32cube.ide.mcu.externaltools.gnu-tools-for-stm32.14.3.rel1.win32_1.0.100.202602081740/tools/bin/../lib/gcc/arm-none-eabi/14.3.1/../../../../arm-none-eabi/lib/thumb/v7e-m+fp/hard\libc_nano.a(libc_a-impure.o)
                0x20000108                _impure_ptr
 .data._impure_data
                0x2000010c       0x4c C:/ST/STM32CubeIDE_1.17.0/STM32CubeIDE/plugins/com.st.stm32cube.ide.mcu.externaltools.gnu-tools-for-stm32.14.3.rel1.win32_1.0.100.202602081740/tools/bin/../lib/gcc/arm-none-eabi/14.3.1/../../../../arm-none-eabi/lib/thumb/v7e-m+fp/hard\libc_nano.a(libc_a-impure.o)
                0x2000010c                _impure_data
 *(.RamFunc)
 *(.RamFunc*)
                0x20000158                        . = ALIGN (0x4)
                0x20000158                        _edata = .

.igot.plt       0x20000158        0x0 load address 0x0800bc28
 .igot.plt      0x20000158        0x0 C:/ST/STM32CubeIDE_1.17.0/STM32CubeIDE/plugins/com.st.stm32cube.ide.mcu.externaltools.gnu-tools-for-stm32.14.3.rel1.win32_1.0.100.202602081740/tools/bin/../lib/gcc/arm-none-eabi/14.3.1/thumb/v7e-m+fp/hard/crtbegin.o
                0x20000158                        . = ALIGN (0x4)

.bss            0x20000158     0x2304 load address 0x0800bc28
                0x20000158                        _sbss = .
                0x20000158                        __bss_start__ = _sbss
 *(.bss)
 .bss           0x20000158       0x1c C:/ST/STM32CubeIDE_1.17.0/STM32CubeIDE/plugins/com.st.stm32cube.ide.mcu.externaltools.gnu-tools-for-stm32.14.3.rel1.win32_1.0.100.202602081740/tools/bin/../lib/gcc/arm-none-eabi/14.3.1/thumb/v7e-m+fp/hard/crtbegin.o
 *(.bss*)
 .bss.hadc1     0x20000174       0x48 ./Core/Src/adc.o
                0x20000174                hadc1
 .bss.hdma_adc1
                0x200001bc       0x60 ./Core/Src/adc.o
                0x200001bc                hdma_adc1
 .bss.hi2c1     0x2000021c       0x54 ./Core/Src/i2c.o
                0x2000021c                hi2c1
 .bss.adcValues
                0x20000270        0x6 ./Core/Src/main.o
                0x20000270                adcValues
 *fill*         0x20000276        0x2 
 .bss.SSD1306_Buffer
                0x20000278      0x400 ./Core/Src/ssd1306.o
 .bss.SSD1306   0x20000678        0x6 ./Core/Src/ssd1306.o
 *fill*         0x2000067e        0x2 
 .bss.__sbrk_heap_end
                0x20000680        0x4 ./Core/Src/sysmem.o
 .bss.htim3     0x20000684       0x48 ./Core/Src/tim.o
                0x20000684                htim3
 .bss.hdma_tim3_ch1_trig
                0x200006cc       0x60 ./Core/Src/tim.o
                0x200006cc                hdma_tim3_ch1_trig
 .bss.uwTick    0x2000072c        0x4 ./Drivers/STM32F4xx_HAL_Driver/Src/stm32f4xx_hal.o
                0x2000072c                uwTick
 .bss.cfgidx.0  0x20000730        0x1 ./Middlewares/ST/STM32_USB_Device_Library/Core/Src/usbd_ctlreq.o
 *fill*         0x20000731        0x3 
 .bss.hUsbDeviceFS
                0x20000734      0x2dc ./USB_DEVICE/App/usb_device.o
                0x20000734                hUsbDeviceFS
 .bss.UserRxBufferFS
                0x20000a10      0x800 ./USB_DEVICE/App/usbd_cdc_if.o
                0x20000a10                UserRxBufferFS
 .bss.UserTxBufferFS
                0x20001210      0x800 ./USB_DEVICE/App/usbd_cdc_if.o
                0x20001210                UserTxBufferFS
 .bss.USBD_StrDesc
                0x20001a10      0x200 ./USB_DEVICE/App/usbd_desc.o
                0x20001a10                USBD_StrDesc
 .bss.hpcd_USB_OTG_FS
                0x20001c10      0x4e4 ./USB_DEVICE/Target/usbd_conf.o
                0x20001c10                hpcd_USB_OTG_FS
 .bss.mem.0     0x200020f4      0x220 ./USB_DEVICE/Target/usbd_conf.o
 .bss.__sf      0x20002314      0x138 C:/ST/STM32CubeIDE_1.17.0/STM32CubeIDE/plugins/com.st.stm32cube.ide.mcu.externaltools.gnu-tools-for-stm32.14.3.rel1.win32_1.0.100.202602081740/tools/bin/../lib/gcc/arm-none-eabi/14.3.1/../../../../arm-none-eabi/lib/thumb/v7e-m+fp/hard\libc_nano.a(libc_a-findfp.o)
                0x20002314                __sf
 .bss.errno     0x2000244c        0x4 C:/ST/STM32CubeIDE_1.17.0/STM32CubeIDE/plugins/com.st.stm32cube.ide.mcu.externaltools.gnu-tools-for-stm32.14.3.rel1.win32_1.0.100.202602081740/tools/bin/../lib/gcc/arm-none-eabi/14.3.1/../../../../arm-none-eabi/lib/thumb/v7e-m+fp/hard\libc_nano.a(libc_a-reent.o)
                0x2000244c                errno
 .bss.__lock___malloc_recursive_mutex
                0x20002450        0x1 C:/ST/STM32CubeIDE_1.17.0/STM32CubeIDE/plugins/com.st.stm32cube.ide.mcu.externaltools.gnu-tools-for-stm32.14.3.rel1.win32_1.0.100.202602081740/tools/bin/../lib/gcc/arm-none-eabi/14.3.1/../../../../arm-none-eabi/lib/thumb/v7e-m+fp/hard\libc_nano.a(libc_a-lock.o)
                0x20002450                __lock___malloc_recursive_mutex
 *fill*         0x20002451        0x3 
 .bss.__malloc_sbrk_start
                0x20002454        0x4 C:/ST/STM32CubeIDE_1.17.0/STM32CubeIDE/plugins/com.st.stm32cube.ide.mcu.externaltools.gnu-tools-for-stm32.14.3.rel1.win32_1.0.100.202602081740/tools/bin/../lib/gcc/arm-none-eabi/14.3.1/../../../../arm-none-eabi/lib/thumb/v7e-m+fp/hard\libc_nano.a(libc_a-mallocr.o)
                0x20002454                __malloc_sbrk_start
 .bss.__malloc_free_list
                0x20002458        0x4 C:/ST/STM32CubeIDE_1.17.0/STM32CubeIDE/plugins/com.st.stm32cube.ide.mcu.externaltools.gnu-tools-for-stm32.14.3.rel1.win32_1.0.100.202602081740/tools/bin/../lib/gcc/arm-none-eabi/14.3.1/../../../../arm-none-eabi/lib/thumb/v7e-m+fp/hard\libc_nano.a(libc_a-mallocr.o)
                0x20002458                __malloc_free_list
 *(COMMON)
                0x2000245c                        . = ALIGN (0x4)
                0x2000245c                        _ebss = .
                0x2000245c                        __bss_end__ = _ebss

._user_heap_stack
                0x2000245c      0x604 load address 0x0800bc28
                0x20002460                        . = ALIGN (0x8)
 *fill*         0x2000245c        0x4 
                [!provide]                        PROVIDE (end = .)
                0x20002460                        PROVIDE (_end = .)
                0x20002660                        . = (. + _Min_Heap_Size)
 *fill*         0x20002460      0x200 
                0x20002a60                        . = (. + _Min_Stack_Size)
 *fill*         0x20002660      0x400 
                0x20002a60                        . = ALIGN (0x8)

/DISCARD/
 libc.a(*)
 libm.a(*)
 libgcc.a(*)

.ARM.attributes
                0x00000000       0x30
 *(.ARM.attributes)
 .ARM.attributes
                0x00000000       0x22 C:/ST/STM32CubeIDE_1.17.0/STM32CubeIDE/plugins/com.st.stm32cube.ide.mcu.externaltools.gnu-tools-for-stm32.14.3.rel1.win32_1.0.100.202602081740/tools/bin/../lib/gcc/arm-none-eabi/14.3.1/thumb/v7e-m+fp/hard/crti.o
 .ARM.attributes
                0x00000022       0x34 C:/ST/STM32CubeIDE_1.17.0/STM32CubeIDE/plugins/com.st.stm32cube.ide.mcu.externaltools.gnu-tools-for-stm32.14.3.rel1.win32_1.0.100.202602081740/tools/bin/../lib/gcc/arm-none-eabi/14.3.1/thumb/v7e-m+fp/hard/crtbegin.o
 .ARM.attributes
                0x00000056       0x34 ./Core/Src/adc.o
 .ARM.attributes
                0x0000008a       0x34 ./Core/Src/dma.o
 .ARM.attributes
                0x000000be       0x34 ./Core/Src/gpio.o
 .ARM.attributes
                0x000000f2       0x34 ./Core/Src/i2c.o
 .ARM.attributes
                0x00000126       0x34 ./Core/Src/main.o
 .ARM.attributes
                0x0000015a       0x34 ./Core/Src/measurements.o
 .ARM.attributes
                0x0000018e       0x34 ./Core/Src/ssd1306.o
 .ARM.attributes
                0x000001c2       0x34 ./Core/Src/ssd1306_fonts.o
 .ARM.attributes
                0x000001f6       0x34 ./Core/Src/stm32f4xx_hal_msp.o
 .ARM.attributes
                0x0000022a       0x34 ./Core/Src/stm32f4xx_it.o
 .ARM.attributes
                0x0000025e       0x34 ./Core/Src/sysmem.o
 .ARM.attributes
                0x00000292       0x34 ./Core/Src/system_stm32f4xx.o
 .ARM.attributes
                0x000002c6       0x34 ./Core/Src/tim.o
 .ARM.attributes
                0x000002fa       0x21 ./Core/Startup/startup_stm32f411ceux.o
 .ARM.attributes
                0x0000031b       0x34 ./Drivers/STM32F4xx_HAL_Driver/Src/stm32f4xx_hal.o
 .ARM.attributes
                0x0000034f       0x34 ./Drivers/STM32F4xx_HAL_Driver/Src/stm32f4xx_hal_adc.o
 .ARM.attributes
                0x00000383       0x34 ./Drivers/STM32F4xx_HAL_Driver/Src/stm32f4xx_hal_cortex.o
 .ARM.attributes
                0x000003b7       0x34 ./Drivers/STM32F4xx_HAL_Driver/Src/stm32f4xx_hal_dma.o
 .ARM.attributes
                0x000003eb       0x34 ./Drivers/STM32F4xx_HAL_Driver/Src/stm32f4xx_hal_gpio.o
 .ARM.attributes
                0x0000041f       0x34 ./Drivers/STM32F4xx_HAL_Driver/Src/stm32f4xx_hal_i2c.o
 .ARM.attributes
                0x00000453       0x34 ./Drivers/STM32F4xx_HAL_Driver/Src/stm32f4xx_hal_pcd.o
 .ARM.attributes
                0x00000487       0x34 ./Drivers/STM32F4xx_HAL_Driver/Src/stm32f4xx_hal_pcd_ex.o
 .ARM.attributes
                0x000004bb       0x34 ./Drivers/STM32F4xx_HAL_Driver/Src/stm32f4xx_hal_rcc.o
 .ARM.attributes
                0x000004ef       0x34 ./Drivers/STM32F4xx_HAL_Driver/Src/stm32f4xx_hal_tim.o
 .ARM.attributes
                0x00000523       0x34 ./Drivers/STM32F4xx_HAL_Driver/Src/stm32f4xx_hal_tim_ex.o
 .ARM.attributes
                0x00000557       0x34 ./Drivers/STM32F4xx_HAL_Driver/Src/stm32f4xx_ll_usb.o
 .ARM.attributes
                0x0000058b       0x34 ./Middlewares/ST/STM32_USB_Device_Library/Class/CDC/Src/usbd_cdc.o
 .ARM.attributes
                0x000005bf       0x34 ./Middlewares/ST/STM32_USB_Device_Library/Core/Src/usbd_core.o
 .ARM.attributes
                0x000005f3       0x34 ./Middlewares/ST/STM32_USB_Device_Library/Core/Src/usbd_ctlreq.o
 .ARM.attributes
                0x00000627       0x34 ./Middlewares/ST/STM32_USB_Device_Library/Core/Src/usbd_ioreq.o
 .ARM.attributes
                0x0000065b       0x34 ./USB_DEVICE/App/usb_device.o
 .ARM.attributes
                0x0000068f       0x34 ./USB_DEVICE/App/usbd_cdc_if.o
 .ARM.attributes
                0x000006c3       0x34 ./USB_DEVICE/App/usbd_desc.o
 .ARM.attributes
                0x000006f7       0x34 ./USB_DEVICE/Target/usbd_conf.o
 .ARM.attributes
                0x0000072b       0x34 C:/ST/STM32CubeIDE_1.17.0/STM32CubeIDE/plugins/com.st.stm32cube.ide.mcu.externaltools.gnu-tools-for-stm32.14.3.rel1.win32_1.0.100.202602081740/tools/bin/../lib/gcc/arm-none-eabi/14.3.1/../../../../arm-none-eabi/lib/thumb/v7e-m+fp/hard\libc_nano.a(libc_a-findfp.o)
 .ARM.attributes
                0x0000075f       0x34 C:/ST/STM32CubeIDE_1.17.0/STM32CubeIDE/plugins/com.st.stm32cube.ide.mcu.externaltools.gnu-tools-for-stm32.14.3.rel1.win32_1.0.100.202602081740/tools/bin/../lib/gcc/arm-none-eabi/14.3.1/../../../../arm-none-eabi/lib/thumb/v7e-m+fp/hard\libc_nano.a(libc_a-snprintf.o)
 .ARM.attributes
                0x00000793       0x34 C:/ST/STM32CubeIDE_1.17.0/STM32CubeIDE/plugins/com.st.stm32cube.ide.mcu.externaltools.gnu-tools-for-stm32.14.3.rel1.win32_1.0.100.202602081740/tools/bin/../lib/gcc/arm-none-eabi/14.3.1/../../../../arm-none-eabi/lib/thumb/v7e-m+fp/hard\libc_nano.a(libc_a-memset.o)
 .ARM.attributes
                0x000007c7       0x34 C:/ST/STM32CubeIDE_1.17.0/STM32CubeIDE/plugins/com.st.stm32cube.ide.mcu.externaltools.gnu-tools-for-stm32.14.3.rel1.win32_1.0.100.202602081740/tools/bin/../lib/gcc/arm-none-eabi/14.3.1/../../../../arm-none-eabi/lib/thumb/v7e-m+fp/hard\libc_nano.a(libc_a-reent.o)
 .ARM.attributes
                0x000007fb       0x34 C:/ST/STM32CubeIDE_1.17.0/STM32CubeIDE/plugins/com.st.stm32cube.ide.mcu.externaltools.gnu-tools-for-stm32.14.3.rel1.win32_1.0.100.202602081740/tools/bin/../lib/gcc/arm-none-eabi/14.3.1/../../../../arm-none-eabi/lib/thumb/v7e-m+fp/hard\libc_nano.a(libc_a-impure.o)
 .ARM.attributes
                0x0000082f       0x34 C:/ST/STM32CubeIDE_1.17.0/STM32CubeIDE/plugins/com.st.stm32cube.ide.mcu.externaltools.gnu-tools-for-stm32.14.3.rel1.win32_1.0.100.202602081740/tools/bin/../lib/gcc/arm-none-eabi/14.3.1/../../../../arm-none-eabi/lib/thumb/v7e-m+fp/hard\libc_nano.a(libc_a-errno.o)
 .ARM.attributes
                0x00000863       0x34 C:/ST/STM32CubeIDE_1.17.0/STM32CubeIDE/plugins/com.st.stm32cube.ide.mcu.externaltools.gnu-tools-for-stm32.14.3.rel1.win32_1.0.100.202602081740/tools/bin/../lib/gcc/arm-none-eabi/14.3.1/../../../../arm-none-eabi/lib/thumb/v7e-m+fp/hard\libc_nano.a(libc_a-init.o)
 .ARM.attributes
                0x00000897       0x34 C:/ST/STM32CubeIDE_1.17.0/STM32CubeIDE/plugins/com.st.stm32cube.ide.mcu.externaltools.gnu-tools-for-stm32.14.3.rel1.win32_1.0.100.202602081740/tools/bin/../lib/gcc/arm-none-eabi/14.3.1/../../../../arm-none-eabi/lib/thumb/v7e-m+fp/hard\libc_nano.a(libc_a-lock.o)
 .ARM.attributes
                0x000008cb       0x34 C:/ST/STM32CubeIDE_1.17.0/STM32CubeIDE/plugins/com.st.stm32cube.ide.mcu.externaltools.gnu-tools-for-stm32.14.3.rel1.win32_1.0.100.202602081740/tools/bin/../lib/gcc/arm-none-eabi/14.3.1/../../../../arm-none-eabi/lib/thumb/v7e-m+fp/hard\libc_nano.a(libc_a-memcpy-stub.o)
 .ARM.attributes
                0x000008ff       0x34 C:/ST/STM32CubeIDE_1.17.0/STM32CubeIDE/plugins/com.st.stm32cube.ide.mcu.externaltools.gnu-tools-for-stm32.14.3.rel1.win32_1.0.100.202602081740/tools/bin/../lib/gcc/arm-none-eabi/14.3.1/../../../../arm-none-eabi/lib/thumb/v7e-m+fp/hard\libc_nano.a(libc_a-freer.o)
 .ARM.attributes
                0x00000933       0x34 C:/ST/STM32CubeIDE_1.17.0/STM32CubeIDE/plugins/com.st.stm32cube.ide.mcu.externaltools.gnu-tools-for-stm32.14.3.rel1.win32_1.0.100.202602081740/tools/bin/../lib/gcc/arm-none-eabi/14.3.1/../../../../arm-none-eabi/lib/thumb/v7e-m+fp/hard\libc_nano.a(libc_a-mallocr.o)
 .ARM.attributes
                0x00000967       0x34 C:/ST/STM32CubeIDE_1.17.0/STM32CubeIDE/plugins/com.st.stm32cube.ide.mcu.externaltools.gnu-tools-for-stm32.14.3.rel1.win32_1.0.100.202602081740/tools/bin/../lib/gcc/arm-none-eabi/14.3.1/../../../../arm-none-eabi/lib/thumb/v7e-m+fp/hard\libc_nano.a(libc_a-mlock.o)
 .ARM.attributes
                0x0000099b       0x34 C:/ST/STM32CubeIDE_1.17.0/STM32CubeIDE/plugins/com.st.stm32cube.ide.mcu.externaltools.gnu-tools-for-stm32.14.3.rel1.win32_1.0.100.202602081740/tools/bin/../lib/gcc/arm-none-eabi/14.3.1/../../../../arm-none-eabi/lib/thumb/v7e-m+fp/hard\libc_nano.a(libc_a-nano-svfprintf.o)
 .ARM.attributes
                0x000009cf       0x34 C:/ST/STM32CubeIDE_1.17.0/STM32CubeIDE/plugins/com.st.stm32cube.ide.mcu.externaltools.gnu-tools-for-stm32.14.3.rel1.win32_1.0.100.202602081740/tools/bin/../lib/gcc/arm-none-eabi/14.3.1/../../../../arm-none-eabi/lib/thumb/v7e-m+fp/hard\libc_nano.a(libc_a-nano-vfprintf_i.o)
 .ARM.attributes
                0x00000a03       0x34 C:/ST/STM32CubeIDE_1.17.0/STM32CubeIDE/plugins/com.st.stm32cube.ide.mcu.externaltools.gnu-tools-for-stm32.14.3.rel1.win32_1.0.100.202602081740/tools/bin/../lib/gcc/arm-none-eabi/14.3.1/../../../../arm-none-eabi/lib/thumb/v7e-m+fp/hard\libc_nano.a(libc_a-memmove.o)
 .ARM.attributes
                0x00000a37       0x34 C:/ST/STM32CubeIDE_1.17.0/STM32CubeIDE/plugins/com.st.stm32cube.ide.mcu.externaltools.gnu-tools-for-stm32.14.3.rel1.win32_1.0.100.202602081740/tools/bin/../lib/gcc/arm-none-eabi/14.3.1/../../../../arm-none-eabi/lib/thumb/v7e-m+fp/hard\libc_nano.a(libc_a-sbrkr.o)
 .ARM.attributes
                0x00000a6b       0x1c C:/ST/STM32CubeIDE_1.17.0/STM32CubeIDE/plugins/com.st.stm32cube.ide.mcu.externaltools.gnu-tools-for-stm32.14.3.rel1.win32_1.0.100.202602081740/tools/bin/../lib/gcc/arm-none-eabi/14.3.1/../../../../arm-none-eabi/lib/thumb/v7e-m+fp/hard\libc_nano.a(libc_a-memchr.o)
 .ARM.attributes
                0x00000a87       0x34 C:/ST/STM32CubeIDE_1.17.0/STM32CubeIDE/plugins/com.st.stm32cube.ide.mcu.externaltools.gnu-tools-for-stm32.14.3.rel1.win32_1.0.100.202602081740/tools/bin/../lib/gcc/arm-none-eabi/14.3.1/../../../../arm-none-eabi/lib/thumb/v7e-m+fp/hard\libc_nano.a(libc_a-reallocr.o)
 .ARM.attributes
                0x00000abb       0x34 C:/ST/STM32CubeIDE_1.17.0/STM32CubeIDE/plugins/com.st.stm32cube.ide.mcu.externaltools.gnu-tools-for-stm32.14.3.rel1.win32_1.0.100.202602081740/tools/bin/../lib/gcc/arm-none-eabi/14.3.1/../../../../arm-none-eabi/lib/thumb/v7e-m+fp/hard\libc_nano.a(libc_a-msizer.o)
 .ARM.attributes
                0x00000aef       0x22 C:/ST/STM32CubeIDE_1.17.0/STM32CubeIDE/plugins/com.st.stm32cube.ide.mcu.externaltools.gnu-tools-for-stm32.14.3.rel1.win32_1.0.100.202602081740/tools/bin/../lib/gcc/arm-none-eabi/14.3.1/thumb/v7e-m+fp/hard\libgcc.a(_arm_addsubdf3.o)
 .ARM.attributes
                0x00000b11       0x22 C:/ST/STM32CubeIDE_1.17.0/STM32CubeIDE/plugins/com.st.stm32cube.ide.mcu.externaltools.gnu-tools-for-stm32.14.3.rel1.win32_1.0.100.202602081740/tools/bin/../lib/gcc/arm-none-eabi/14.3.1/thumb/v7e-m+fp/hard\libgcc.a(_arm_muldivdf3.o)
 .ARM.attributes
                0x00000b33       0x22 C:/ST/STM32CubeIDE_1.17.0/STM32CubeIDE/plugins/com.st.stm32cube.ide.mcu.externaltools.gnu-tools-for-stm32.14.3.rel1.win32_1.0.100.202602081740/tools/bin/../lib/gcc/arm-none-eabi/14.3.1/thumb/v7e-m+fp/hard\libgcc.a(_arm_truncdfsf2.o)
 .ARM.attributes
                0x00000b55       0x22 C:/ST/STM32CubeIDE_1.17.0/STM32CubeIDE/plugins/com.st.stm32cube.ide.mcu.externaltools.gnu-tools-for-stm32.14.3.rel1.win32_1.0.100.202602081740/tools/bin/../lib/gcc/arm-none-eabi/14.3.1/thumb/v7e-m+fp/hard\libgcc.a(_aeabi_uldivmod.o)
 .ARM.attributes
                0x00000b77       0x34 C:/ST/STM32CubeIDE_1.17.0/STM32CubeIDE/plugins/com.st.stm32cube.ide.mcu.externaltools.gnu-tools-for-stm32.14.3.rel1.win32_1.0.100.202602081740/tools/bin/../lib/gcc/arm-none-eabi/14.3.1/thumb/v7e-m+fp/hard\libgcc.a(_udivmoddi4.o)
 .ARM.attributes
                0x00000bab       0x22 C:/ST/STM32CubeIDE_1.17.0/STM32CubeIDE/plugins/com.st.stm32cube.ide.mcu.externaltools.gnu-tools-for-stm32.14.3.rel1.win32_1.0.100.202602081740/tools/bin/../lib/gcc/arm-none-eabi/14.3.1/thumb/v7e-m+fp/hard\libgcc.a(_dvmd_tls.o)
 .ARM.attributes
                0x00000bcd       0x22 C:/ST/STM32CubeIDE_1.17.0/STM32CubeIDE/plugins/com.st.stm32cube.ide.mcu.externaltools.gnu-tools-for-stm32.14.3.rel1.win32_1.0.100.202602081740/tools/bin/../lib/gcc/arm-none-eabi/14.3.1/thumb/v7e-m+fp/hard/crtn.o
OUTPUT(f411-l817-tester.elf elf32-littlearm)
LOAD linker stubs
LOAD C:/ST/STM32CubeIDE_1.17.0/STM32CubeIDE/plugins/com.st.stm32cube.ide.mcu.externaltools.gnu-tools-for-stm32.14.3.rel1.win32_1.0.100.202602081740/tools/bin/../lib/gcc/arm-none-eabi/14.3.1/../../../../arm-none-eabi/lib/thumb/v7e-m+fp/hard\libc.a
LOAD C:/ST/STM32CubeIDE_1.17.0/STM32CubeIDE/plugins/com.st.stm32cube.ide.mcu.externaltools.gnu-tools-for-stm32.14.3.rel1.win32_1.0.100.202602081740/tools/bin/../lib/gcc/arm-none-eabi/14.3.1/../../../../arm-none-eabi/lib/thumb/v7e-m+fp/hard\libm.a
LOAD C:/ST/STM32CubeIDE_1.17.0/STM32CubeIDE/plugins/com.st.stm32cube.ide.mcu.externaltools.gnu-tools-for-stm32.14.3.rel1.win32_1.0.100.202602081740/tools/bin/../lib/gcc/arm-none-eabi/14.3.1/thumb/v7e-m+fp/hard\libgcc.a

.debug_info     0x00000000    0x19ee4
 .debug_info    0x00000000      0xa06 ./Core/Src/adc.o
 .debug_info    0x00000a06      0x45e ./Core/Src/dma.o
 .debug_info    0x00000e64      0x44b ./Core/Src/gpio.o
 .debug_info    0x000012af      0x9a5 ./Core/Src/i2c.o
 .debug_info    0x00001c54      0xdd3 ./Core/Src/main.o
 .debug_info    0x00002a27      0x98a ./Core/Src/measurements.o
 .debug_info    0x000033b1     0x129e ./Core/Src/ssd1306.o
 .debug_info    0x0000464f      0x2a4 ./Core/Src/ssd1306_fonts.o
 .debug_info    0x000048f3      0x291 ./Core/Src/stm32f4xx_hal_msp.o
 .debug_info    0x00004b84      0x8b1 ./Core/Src/stm32f4xx_it.o
 .debug_info    0x00005435      0x168 ./Core/Src/sysmem.o
 .debug_info    0x0000559d      0x53e ./Core/Src/system_stm32f4xx.o
 .debug_info    0x00005adb      0xc4e ./Core/Src/tim.o
 .debug_info    0x00006729       0x30 ./Core/Startup/startup_stm32f411ceux.o
 .debug_info    0x00006759      0x8c4 ./Drivers/STM32F4xx_HAL_Driver/Src/stm32f4xx_hal.o
 .debug_info    0x0000701d      0xce0 ./Drivers/STM32F4xx_HAL_Driver/Src/stm32f4xx_hal_adc.o
 .debug_info    0x00007cfd      0xcfc ./Drivers/STM32F4xx_HAL_Driver/Src/stm32f4xx_hal_cortex.o
 .debug_info    0x000089f9      0x8e6 ./Drivers/STM32F4xx_HAL_Driver/Src/stm32f4xx_hal_dma.o
 .debug_info    0x000092df      0x6f9 ./Drivers/STM32F4xx_HAL_Driver/Src/stm32f4xx_hal_gpio.o
 .debug_info    0x000099d8     0x2426 ./Drivers/STM32F4xx_HAL_Driver/Src/stm32f4xx_hal_i2c.o
 .debug_info    0x0000bdfe     0x1577 ./Drivers/STM32F4xx_HAL_Driver/Src/stm32f4xx_hal_pcd.o
 .debug_info    0x0000d375      0x6ea ./Drivers/STM32F4xx_HAL_Driver/Src/stm32f4xx_hal_pcd_ex.o
 .debug_info    0x0000da5f      0x904 ./Drivers/STM32F4xx_HAL_Driver/Src/stm32f4xx_hal_rcc.o
 .debug_info    0x0000e363     0x2996 ./Drivers/STM32F4xx_HAL_Driver/Src/stm32f4xx_hal_tim.o
 .debug_info    0x00010cf9     0x14d4 ./Drivers/STM32F4xx_HAL_Driver/Src/stm32f4xx_hal_tim_ex.o
 .debug_info    0x000121cd     0x1993 ./Drivers/STM32F4xx_HAL_Driver/Src/stm32f4xx_ll_usb.o
 .debug_info    0x00013b60     0x12a5 ./Middlewares/ST/STM32_USB_Device_Library/Class/CDC/Src/usbd_cdc.o
 .debug_info    0x00014e05      0xe12 ./Middlewares/ST/STM32_USB_Device_Library/Core/Src/usbd_core.o
 .debug_info    0x00015c17      0xaeb ./Middlewares/ST/STM32_USB_Device_Library/Core/Src/usbd_ctlreq.o
 .debug_info    0x00016702      0x762 ./Middlewares/ST/STM32_USB_Device_Library/Core/Src/usbd_ioreq.o
 .debug_info    0x00016e64      0x70e ./USB_DEVICE/App/usb_device.o
 .debug_info    0x00017572      0x907 ./USB_DEVICE/App/usbd_cdc_if.o
 .debug_info    0x00017e79      0x458 ./USB_DEVICE/App/usbd_desc.o
 .debug_info    0x000182d1     0x1c13 ./USB_DEVICE/Target/usbd_conf.o

.debug_abbrev   0x00000000     0x459a
 .debug_abbrev  0x00000000      0x204 ./Core/Src/adc.o
 .debug_abbrev  0x00000204      0x11b ./Core/Src/dma.o
 .debug_abbrev  0x0000031f      0x151 ./Core/Src/gpio.o
 .debug_abbrev  0x00000470      0x1f0 ./Core/Src/i2c.o