Archive member included to satisfy reference by file (symbol)

C:/ST/STM32CubeIDE_1.17.0/STM32CubeIDE/plugins/com.st.stm32cube.ide.mcu.externaltools.gnu-tools-for-stm32.14.3.rel1.win32_1.0.100.202602081740/tools/bin/../lib/gcc/arm-none-eabi/14.3.1/../../../../arm-none-eabi/lib/thumb/v7e-m+fp/hard\libc_nano.a(libc_a-exit.o)
                              C:/ST/STM32CubeIDE_1.17.0/STM32CubeIDE/plugins/com.st.stm32cube.ide.mcu.externaltools.gnu-tools-for-stm32.14.3.rel1.win32_1.0.100.202602081740/tools/bin/../lib/gcc/arm-none-eabi/14.3.1/../../../../arm-none-eabi/lib/thumb/v7e-m+fp/hard/crt0.o (exit)
C:/ST/STM32CubeIDE_1.17.0/STM32CubeIDE/plugins/com.st.stm32cube.ide.mcu.externaltools.gnu-tools-for-stm32.14.3.rel1.win32_1.0.100.202602081740/tools/bin/../lib/gcc/arm-none-eabi/14.3.1/../../../../arm-none-eabi/lib/thumb/v7e-m+fp/hard\libc_nano.a(libc_a-findfp.o)
                              C:/ST/STM32CubeIDE_1.17.0/STM32CubeIDE/plugins/com.st.stm32cube.ide.mcu.externaltools.gnu-tools-for-stm32.14.3.rel1.win32_1.0.100.202602081740/tools/bin/../lib/gcc/arm-none-eabi/14.3.1/../../../../arm-none-eabi/lib/thumb/v7e-m+fp/hard\libc_nano.a(libc_a-exit.o) (__stdio_exit_handler)
C:/ST/STM32CubeIDE_1.17.0/STM32CubeIDE/plugins/com.st.stm32cube.ide.mcu.externaltools.gnu-tools-for-stm32.14.3.rel1.win32_1.0.100.202602081740/tools/bin/../lib/gcc/arm-none-eabi/14.3.1/../../../../arm-none-eabi/lib/thumb/v7e-m+fp/hard\libc_nano.a(libc_a-fwalk.o)
                              C:/ST/STM32CubeIDE_1.17.0/STM32CubeIDE/plugins/com.st.stm32cube.ide.mcu.externaltools.gnu-tools-for-stm32.14.3.rel1.win32_1.0.100.202602081740/tools/bin/../lib/gcc/arm-none-eabi/14.3.1/../../../../arm-none-eabi/lib/thumb/v7e-m+fp/hard\libc_nano.a(libc_a-findfp.o) (_fwalk_sglue)
C:/ST/STM32CubeIDE_1.17.0/STM32CubeIDE/plugins/com.st.stm32cube.ide.mcu.externaltools.gnu-tools-for-stm32.14.3.rel1.win32_1.0.100.202602081740/tools/bin/../lib/gcc/arm-none-eabi/14.3.1/../../../../arm-none-eabi/lib/thumb/v7e-m+fp/hard\libc_nano.a(libc_a-stdio.o)
                              C:/ST/STM32CubeIDE_1.17.0/STM32CubeIDE/plugins/com.st.stm32cube.ide.mcu.externaltools.gnu-tools-for-stm32.14.3.rel1.win32_1.0.100.202602081740/tools/bin/../lib/gcc/arm-none-eabi/14.3.1/../../../../arm-none-eabi/lib/thumb/v7e-m+fp/hard\libc_nano.a(libc_a-findfp.o) (__sread)
C:/ST/STM32CubeIDE_1.17.0/STM32CubeIDE/plugins/com.st.stm32cube.ide.mcu.externaltools.gnu-tools-for-stm32.14.3.rel1.win32_1.0.100.202602081740/tools/bin/../lib/gcc/arm-none-eabi/14.3.1/../../../../arm-none-eabi/lib/thumb/v7e-m+fp/hard\libc_nano.a(libc_a-memset.o)
                              C:/ST/STM32CubeIDE_1.17.0/STM32CubeIDE/plugins/com.st.stm32cube.ide.mcu.externaltools.gnu-tools-for-stm32.14.3.rel1.win32_1.0.100.202602081740/tools/bin/../lib/gcc/arm-none-eabi/14.3.1/../../../../arm-none-eabi/lib/thumb/v7e-m+fp/hard/crt0.o (memset)
C:/ST/STM32CubeIDE_1.17.0/STM32CubeIDE/plugins/com.st.stm32cube.ide.mcu.externaltools.gnu-tools-for-stm32.14.3.rel1.win32_1.0.100.202602081740/tools/bin/../lib/gcc/arm-none-eabi/14.3.1/../../../../arm-none-eabi/lib/thumb/v7e-m+fp/hard\libc_nano.a(libc_a-closer.o)
                              C:/ST/STM32CubeIDE_1.17.0/STM32CubeIDE/plugins/com.st.stm32cube.ide.mcu.externaltools.gnu-tools-for-stm32.14.3.rel1.win32_1.0.100.202602081740/tools/bin/../lib/gcc/arm-none-eabi/14.3.1/../../../../arm-none-eabi/lib/thumb/v7e-m+fp/hard\libc_nano.a(libc_a-stdio.o) (_close_r)
C:/ST/STM32CubeIDE_1.17.0/STM32CubeIDE/plugins/com.st.stm32cube.ide.mcu.externaltools.gnu-tools-for-stm32.14.3.rel1.win32_1.0.100.202602081740/tools/bin/../lib/gcc/arm-none-eabi/14.3.1/../../../../arm-none-eabi/lib/thumb/v7e-m+fp/hard\libc_nano.a(libc_a-reent.o)
                              C:/ST/STM32CubeIDE_1.17.0/STM32CubeIDE/plugins/com.st.stm32cube.ide.mcu.externaltools.gnu-tools-for-stm32.14.3.rel1.win32_1.0.100.202602081740/tools/bin/../lib/gcc/arm-none-eabi/14.3.1/../../../../arm-none-eabi/lib/thumb/v7e-m+fp/hard\libc_nano.a(libc_a-closer.o) (errno)
C:/ST/STM32CubeIDE_1.17.0/STM32CubeIDE/plugins/com.st.stm32cube.ide.mcu.externaltools.gnu-tools-for-stm32.14.3.rel1.win32_1.0.100.202602081740/tools/bin/../lib/gcc/arm-none-eabi/14.3.1/../../../../arm-none-eabi/lib/thumb/v7e-m+fp/hard\libc_nano.a(libc_a-impure.o)
                              C:/ST/STM32CubeIDE_1.17.0/STM32CubeIDE/plugins/com.st.stm32cube.ide.mcu.externaltools.gnu-tools-for-stm32.14.3.rel1.win32_1.0.100.202602081740/tools/bin/../lib/gcc/arm-none-eabi/14.3.1/../../../../arm-none-eabi/lib/thumb/v7e-m+fp/hard\libc_nano.a(libc_a-reent.o) (_impure_ptr)
C:/ST/STM32CubeIDE_1.17.0/STM32CubeIDE/plugins/com.st.stm32cube.ide.mcu.externaltools.gnu-tools-for-stm32.14.3.rel1.win32_1.0.100.202602081740/tools/bin/../lib/gcc/arm-none-eabi/14.3.1/../../../../arm-none-eabi/lib/thumb/v7e-m+fp/hard\libc_nano.a(libc_a-lseekr.o)
[...]
Memory Configuration

Name             Origin             Length             Attributes
RAM              0x20000000         0x00020000         xrw
FLASH            0x08000000         0x00080000         xr
*default*        0x00000000         0xffffffff

Linker script and memory map

LOAD C:/ST/STM32CubeIDE_1.17.0/STM32CubeIDE/plugins/com.st.stm32cube.ide.mcu.externaltools.gnu-tools-for-stm32.14.3.rel1.win32_1.0.100.202602081740/tools/bin/../lib/gcc/arm-none-eabi/14.3.1/thumb/v7e-m+fp/hard/crti.o
LOAD C:/ST/STM32CubeIDE_1.17.0/STM32CubeIDE/plugins/com.st.stm32cube.ide.mcu.externaltools.gnu-tools-for-stm32.14.3.rel1.win32_1.0.100.202602081740/tools/bin/../lib/gcc/arm-none-eabi/14.3.1/thumb/v7e-m+fp/hard/crtbegin.o
LOAD C:/ST/STM32CubeIDE_1.17.0/STM32CubeIDE/plugins/com.st.stm32cube.ide.mcu.externaltools.gnu-tools-for-stm32.14.3.rel1.win32_1.0.100.202602081740/tools/bin/../lib/gcc/arm-none-eabi/14.3.1/../../../../arm-none-eabi/lib/thumb/v7e-m+fp/hard/crt0.o
LOAD ./Core/Src/adc.o
LOAD ./Core/Src/dma.o
LOAD ./Core/Src/gpio.o
LOAD ./Core/Src/i2c.o
LOAD ./Core/Src/main.o
LOAD ./Core/Src/measurements.o
LOAD ./Core/Src/stm32f4xx_hal_msp.o
LOAD ./Core/Src/stm32f4xx_it.o
LOAD ./Core/Src/syscalls.o
LOAD ./Core/Src/sysmem.o
LOAD ./Core/Src/system_stm32f4xx.o
LOAD ./Core/Src/tim.o
LOAD ./Core/Startup/startup_stm32f411ceux.o
LOAD ./Drivers/STM32F4xx_HAL_Driver/Src/stm32f4xx_hal.o
LOAD ./Drivers/STM32F4xx_HAL_Driver/Src/stm32f4xx_hal_adc.o
LOAD ./Drivers/STM32F4xx_HAL_Driver/Src/stm32f4xx_hal_adc_ex.o
LOAD ./Drivers/STM32F4xx_HAL_Driver/Src/stm32f4xx_hal_cortex.o
LOAD ./Drivers/STM32F4xx_HAL_Driver/Src/stm32f4xx_hal_dma.o
LOAD ./Drivers/STM32F4xx_HAL_Driver/Src/stm32f4xx_hal_dma_ex.o
LOAD ./Drivers/STM32F4xx_HAL_Driver/Src/stm32f4xx_hal_exti.o
LOAD ./Drivers/STM32F4xx_HAL_Driver/Src/stm32f4xx_hal_flash.o
LOAD ./Drivers/STM32F4xx_HAL_Driver/Src/stm32f4xx_hal_flash_ex.o
LOAD ./Drivers/STM32F4xx_HAL_Driver/Src/stm32f4xx_hal_flash_ramfunc.o
LOAD ./Drivers/STM32F4xx_HAL_Driver/Src/stm32f4xx_hal_gpio.o
LOAD ./Drivers/STM32F4xx_HAL_Driver/Src/stm32f4xx_hal_i2c.o
LOAD ./Drivers/STM32F4xx_HAL_Driver/Src/stm32f4xx_hal_i2c_ex.o
LOAD ./Drivers/STM32F4xx_HAL_Driver/Src/stm32f4xx_hal_pcd.o
LOAD ./Drivers/STM32F4xx_HAL_Driver/Src/stm32f4xx_hal_pcd_ex.o
LOAD ./Drivers/STM32F4xx_HAL_Driver/Src/stm32f4xx_hal_pwr.o
LOAD ./Drivers/STM32F4xx_HAL_Driver/Src/stm32f4xx_hal_pwr_ex.o
LOAD ./Drivers/STM32F4xx_HAL_Driver/Src/stm32f4xx_hal_rcc.o
LOAD ./Drivers/STM32F4xx_HAL_Driver/Src/stm32f4xx_hal_rcc_ex.o
LOAD ./Drivers/STM32F4xx_HAL_Driver/Src/stm32f4xx_hal_tim.o
LOAD ./Drivers/STM32F4xx_HAL_Driver/Src/stm32f4xx_hal_tim_ex.o
LOAD ./Drivers/STM32F4xx_HAL_Driver/Src/stm32f4xx_ll_usb.o
LOAD ./Middlewares/ST/STM32_USB_Device_Library/Class/CDC/Src/usbd_cdc.o
LOAD ./Middlewares/ST/STM32_USB_Device_Library/Core/Src/usbd_core.o
LOAD ./Middlewares/ST/STM32_USB_Device_Library/Core/Src/usbd_ctlreq.o
LOAD ./Middlewares/ST/STM32_USB_Device_Library/Core/Src/usbd_ioreq.o
LOAD ./USB_DEVICE/App/usb_device.o
LOAD ./USB_DEVICE/App/usbd_cdc_if.o
LOAD ./USB_DEVICE/App/usbd_desc.o
LOAD ./USB_DEVICE/Target/usbd_conf.o
START GROUP
LOAD C:/ST/STM32CubeIDE_1.17.0/STM32CubeIDE/plugins/com.st.stm32cube.ide.mcu.externaltools.gnu-tools-for-stm32.14.3.rel1.win32_1.0.100.202602081740/tools/bin/../lib/gcc/arm-none-eabi/14.3.1/../../../../arm-none-eabi/lib/thumb/v7e-m+fp/hard\libc_nano.a
LOAD C:/ST/STM32CubeIDE_1.17.0/STM32CubeIDE/plugins/com.st.stm32cube.ide.mcu.externaltools.gnu-tools-for-stm32.14.3.rel1.win32_1.0.100.202602081740/tools/bin/../lib/gcc/arm-none-eabi/14.3.1/../../../../arm-none-eabi/lib/thumb/v7e-m+fp/hard\libm.a
END GROUP
START GROUP
LOAD C:/ST/STM32CubeIDE_1.17.0/STM32CubeIDE/plugins/com.st.stm32cube.ide.mcu.externaltools.gnu-tools-for-stm32.14.3.rel1.win32_1.0.100.202602081740/tools/bin/../lib/gcc/arm-none-eabi/14.3.1/thumb/v7e-m+fp/hard\libgcc.a
LOAD C:/ST/STM32CubeIDE_1.17.0/STM32CubeIDE/plugins/com.st.stm32cube.ide.mcu.externaltools.gnu-tools-for-stm32.14.3.rel1.win32_1.0.100.202602081740/tools/bin/../lib/gcc/arm-none-eabi/14.3.1/../../../../arm-none-eabi/lib/thumb/v7e-m+fp/hard\libc_nano.a
END GROUP
START GROUP
LOAD C:/ST/STM32CubeIDE_1.17.0/STM32CubeIDE/plugins/com.st.stm32cube.ide.mcu.externaltools.gnu-tools-for-stm32.14.3.rel1.win32_1.0.100.202602081740/tools/bin/../lib/gcc/arm-none-eabi/14.3.1/thumb/v7e-m+fp/hard\libgcc.a
LOAD C:/ST/STM32CubeIDE_1.17.0/STM32CubeIDE/plugins/com.st.stm32cube.ide.mcu.externaltools.gnu-tools-for-stm32.14.3.rel1.win32_1.0.100.202602081740/tools/bin/../lib/gcc/arm-none-eabi/14.3.1/../../../../arm-none-eabi/lib/thumb/v7e-m+fp/hard\libc_nano.a
LOAD C:/ST/STM32CubeIDE_1.17.0/STM32CubeIDE/plugins/com.st.stm32cube.ide.mcu.externaltools.gnu-tools-for-stm32.14.3.rel1.win32_1.0.100.202602081740/tools/bin/../lib/gcc/arm-none-eabi/14.3.1/../../../../arm-none-eabi/lib/thumb/v7e-m+fp/hard\libnosys.a
END GROUP
START GROUP
LOAD C:/ST/STM32CubeIDE_1.17.0/STM32CubeIDE/plugins/com.st.stm32cube.ide.mcu.externaltools.gnu-tools-for-stm32.14.3.rel1.win32_1.0.100.202602081740/tools/bin/../lib/gcc/arm-none-eabi/14.3.1/thumb/v7e-m+fp/hard\libgcc.a
LOAD C:/ST/STM32CubeIDE_1.17.0/STM32CubeIDE/plugins/com.st.stm32cube.ide.mcu.externaltools.gnu-tools-for-stm32.14.3.rel1.win32_1.0.100.202602081740/tools/bin/../lib/gcc/arm-none-eabi/14.3.1/../../../../arm-none-eabi/lib/thumb/v7e-m+fp/hard\libc_nano.a
LOAD C:/ST/STM32CubeIDE_1.17.0/STM32CubeIDE/plugins/com.st.stm32cube.ide.mcu.externaltools.gnu-tools-for-stm32.14.3.rel1.win32_1.0.100.202602081740/tools/bin/../lib/gcc/arm-none-eabi/14.3.1/../../../../arm-none-eabi/lib/thumb/v7e-m+fp/hard\libnosys.a
END GROUP
LOAD C:/ST/STM32CubeIDE_1.17.0/STM32CubeIDE/plugins/com.st.stm32cube.ide.mcu.externaltools.gnu-tools-for-stm32.14.3.rel1.win32_1.0.100.202602081740/tools/bin/../lib/gcc/arm-none-eabi/14.3.1/thumb/v7e-m+fp/hard/crtend.o
LOAD C:/ST/STM32CubeIDE_1.17.0/STM32CubeIDE/plugins/com.st.stm32cube.ide.mcu.externaltools.gnu-tools-for-stm32.14.3.rel1.win32_1.0.100.202602081740/tools/bin/../lib/gcc/arm-none-eabi/14.3.1/thumb/v7e-m+fp/hard/crtn.o
                0x20020000                        _estack = (ORIGIN (RAM) + LENGTH (RAM))
                0x00000200                        _Min_Heap_Size = 0x200
                0x00000400                        _Min_Stack_Size = 0x400

.isr_vector     0x08000000      0x198
                0x08000000                        . = ALIGN (0x4)
 *(.isr_vector)
 .isr_vector    0x08000000      0x198 ./Core/Startup/startup_stm32f411ceux.o
                0x08000000                g_pfnVectors
                0x08000198                        . = ALIGN (0x4)

.text           0x08000198     0x8e80
                0x08000198                        . = ALIGN (0x4)
 *(.text)
 .text          0x08000198       0x40 C:/ST/STM32CubeIDE_1.17.0/STM32CubeIDE/plugins/com.st.stm32cube.ide.mcu.externaltools.gnu-tools-for-stm32.14.3.rel1.win32_1.0.100.202602081740/tools/bin/../lib/gcc/arm-none-eabi/14.3.1/thumb/v7e-m+fp/hard/crtbegin.o
 .text          0x080001d8       0x30 C:/ST/STM32CubeIDE_1.17.0/STM32CubeIDE/plugins/com.st.stm32cube.ide.mcu.externaltools.gnu-tools-for-stm32.14.3.rel1.win32_1.0.100.202602081740/tools/bin/../lib/gcc/arm-none-eabi/14.3.1/thumb/v7e-m+fp/hard\libgcc.a(_aeabi_uldivmod.o)
                0x080001d8                __aeabi_uldivmod
 .text          0x08000208      0x2f8 C:/ST/STM32CubeIDE_1.17.0/STM32CubeIDE/plugins/com.st.stm32cube.ide.mcu.externaltools.gnu-tools-for-stm32.14.3.rel1.win32_1.0.100.202602081740/tools/bin/../lib/gcc/arm-none-eabi/14.3.1/thumb/v7e-m+fp/hard\libgcc.a(_udivmoddi4.o)
                0x08000208                __udivmoddi4
 .text          0x08000500        0x4 C:/ST/STM32CubeIDE_1.17.0/STM32CubeIDE/plugins/com.st.stm32cube.ide.mcu.externaltools.gnu-tools-for-stm32.14.3.rel1.win32_1.0.100.202602081740/tools/bin/../lib/gcc/arm-none-eabi/14.3.1/thumb/v7e-m+fp/hard\libgcc.a(_dvmd_tls.o)
                0x08000500                __aeabi_idiv0
                0x08000500                __aeabi_ldiv0
 *(.text*)
 .text.MX_ADC1_Init
                0x08000504       0xa4 ./Core/Src/adc.o
                0x08000504                MX_ADC1_Init
 .text.HAL_ADC_MspInit
                0x080005a8       0xf0 ./Core/Src/adc.o
                0x080005a8                HAL_ADC_MspInit
 .text.MX_DMA_Init
                0x08000698       0x6c ./Core/Src/dma.o
                0x08000698                MX_DMA_Init
 .text.MX_GPIO_Init
                0x08000704      0x104 ./Core/Src/gpio.o
                0x08000704                MX_GPIO_Init
 .text.MX_I2C1_Init
                0x08000808       0x5c ./Core/Src/i2c.o
                0x08000808                MX_I2C1_Init
 .text.HAL_I2C_MspInit
                0x08000864       0x90 ./Core/Src/i2c.o
                0x08000864                HAL_I2C_MspInit
 .text.main     0x080008f4       0x34 ./Core/Src/main.o
                0x080008f4                main
 .text.SystemClock_Config
                0x08000928       0xd8 ./Core/Src/main.o
                0x08000928                SystemClock_Config
 .text.Error_Handler
                0x08000a00        0xc ./Core/Src/main.o
                0x08000a00                Error_Handler
 .text.measure  0x08000a0c       0x32 ./Core/Src/measurements.o
                0x08000a0c                measure
 *fill*         0x08000a3e        0x2 
 .text.HAL_MspInit
                0x08000a40       0x50 ./Core/Src/stm32f4xx_hal_msp.o
                0x08000a40                HAL_MspInit
 .text.NMI_Handler
                0x08000a90        0x8 ./Core/Src/stm32f4xx_it.o
                0x08000a90                NMI_Handler
 .text.HardFault_Handler
                0x08000a98        0x8 ./Core/Src/stm32f4xx_it.o
                0x08000a98                HardFault_Handler
 .text.MemManage_Handler
                0x08000aa0        0x8 ./Core/Src/stm32f4xx_it.o
                0x08000aa0                MemManage_Handler
 .text.BusFault_Handler
                0x08000aa8        0x8 ./Core/Src/stm32f4xx_it.o
                0x08000aa8                BusFault_Handler
 .text.UsageFault_Handler
                0x08000ab0        0x8 ./Core/Src/stm32f4xx_it.o
                0x08000ab0                UsageFault_Handler
 .text.SVC_Handler
                0x08000ab8        0xe ./Core/Src/stm32f4xx_it.o
                0x08000ab8                SVC_Handler
 .text.DebugMon_Handler
                0x08000ac6        0xe ./Core/Src/stm32f4xx_it.o
                0x08000ac6                DebugMon_Handler
 .text.PendSV_Handler
                0x08000ad4        0xe ./Core/Src/stm32f4xx_it.o
                0x08000ad4                PendSV_Handler
 .text.SysTick_Handler
                0x08000ae2        0xc ./Core/Src/stm32f4xx_it.o
                0x08000ae2                SysTick_Handler
 *fill*         0x08000aee        0x2 
 .text.DMA1_Stream4_IRQHandler
                0x08000af0       0x14 ./Core/Src/stm32f4xx_it.o
                0x08000af0                DMA1_Stream4_IRQHandler
 .text.DMA2_Stream0_IRQHandler
                0x08000b04       0x14 ./Core/Src/stm32f4xx_it.o
                0x08000b04                DMA2_Stream0_IRQHandler
 .text.OTG_FS_IRQHandler
                0x08000b18       0x14 ./Core/Src/stm32f4xx_it.o
                0x08000b18                OTG_FS_IRQHandler
 .text.SystemInit
                0x08000b2c       0x24 ./Core/Src/system_stm32f4xx.o
                0x08000b2c                SystemInit
 .text.MX_TIM3_Init
                0x08000b50       0xec ./Core/Src/tim.o
                0x08000b50                MX_TIM3_Init
 .text.HAL_TIM_Base_MspInit
                0x08000c3c       0xb4 ./Core/Src/tim.o
                0x08000c3c                HAL_TIM_Base_MspInit
 .text.HAL_TIM_MspPostInit
                0x08000cf0       0x74 ./Core/Src/tim.o
                0x08000cf0                HAL_TIM_MspPostInit
 .text.Reset_Handler
                0x08000d64       0x50 ./Core/Startup/startup_stm32f411ceux.o
                0x08000d64                Reset_Handler
 .text.Default_Handler
                0x08000db4        0x2 ./Core/Startup/startup_stm32f411ceux.o
                0x08000db4                RTC_Alarm_IRQHandler
                0x08000db4                EXTI2_IRQHandler
                0x08000db4                SPI4_IRQHandler
                0x08000db4                TIM1_CC_IRQHandler
                0x08000db4                DMA2_Stream5_IRQHandler
                0x08000db4                DMA1_Stream5_IRQHandler
                0x08000db4                PVD_IRQHandler
                0x08000db4                SDIO_IRQHandler
                0x08000db4                TAMP_STAMP_IRQHandler
                0x08000db4                EXTI3_IRQHandler
                0x08000db4                TIM1_UP_TIM10_IRQHandler
                0x08000db4                I2C3_ER_IRQHandler
                0x08000db4                EXTI0_IRQHandler
                0x08000db4                I2C2_EV_IRQHandler
                0x08000db4                DMA1_Stream2_IRQHandler
                0x08000db4                FPU_IRQHandler
                0x08000db4                DMA2_Stream2_IRQHandler
                0x08000db4                SPI1_IRQHandler
                0x08000db4                TIM1_BRK_TIM9_IRQHandler
                0x08000db4                DMA2_Stream3_IRQHandler
                0x08000db4                USART6_IRQHandler
                0x08000db4                TIM4_IRQHandler
                0x08000db4                I2C1_EV_IRQHandler
                0x08000db4                DMA1_Stream6_IRQHandler
                0x08000db4                DMA1_Stream1_IRQHandler
                0x08000db4                TIM3_IRQHandler
                0x08000db4                RCC_IRQHandler
                0x08000db4                Default_Handler
                0x08000db4                EXTI15_10_IRQHandler
                0x08000db4                ADC_IRQHandler
                0x08000db4                DMA1_Stream7_IRQHandler
                0x08000db4                SPI5_IRQHandler
                0x08000db4                TIM5_IRQHandler
                0x08000db4                DMA2_Stream7_IRQHandler
                0x08000db4                I2C3_EV_IRQHandler
                0x08000db4                EXTI9_5_IRQHandler
                0x08000db4                RTC_WKUP_IRQHandler
                0x08000db4                SPI2_IRQHandler
                0x08000db4                DMA1_Stream0_IRQHandler
                0x08000db4                EXTI4_IRQHandler
                0x08000db4                WWDG_IRQHandler
                0x08000db4                TIM2_IRQHandler
                0x08000db4                OTG_FS_WKUP_IRQHandler
                0x08000db4                TIM1_TRG_COM_TIM11_IRQHandler
                0x08000db4                EXTI1_IRQHandler
                0x08000db4                USART2_IRQHandler
                0x08000db4                I2C2_ER_IRQHandler
                0x08000db4                DMA2_Stream1_IRQHandler
                0x08000db4                FLASH_IRQHandler
                0x08000db4                DMA2_Stream4_IRQHandler
                0x08000db4                USART1_IRQHandler
                0x08000db4                SPI3_IRQHandler
                0x08000db4                I2C1_ER_IRQHandler
                0x08000db4                DMA2_Stream6_IRQHandler
                0x08000db4                DMA1_Stream3_IRQHandler
 *fill*         0x08000db6        0x2 
 .text.HAL_Init
                0x08000db8       0x44 ./Drivers/STM32F4xx_HAL_Driver/Src/stm32f4xx_hal.o
                0x08000db8                HAL_Init
 .text.HAL_InitTick
                0x08000dfc       0x60 ./Drivers/STM32F4xx_HAL_Driver/Src/stm32f4xx_hal.o
                0x08000dfc                HAL_InitTick
 .text.HAL_IncTick
                0x08000e5c       0x28 ./Drivers/STM32F4xx_HAL_Driver/Src/stm32f4xx_hal.o
                0x08000e5c                HAL_IncTick
 .text.HAL_GetTick
                0x08000e84       0x18 ./Drivers/STM32F4xx_HAL_Driver/Src/stm32f4xx_hal.o
                0x08000e84                HAL_GetTick
 .text.HAL_Delay
                0x08000e9c       0x48 ./Drivers/STM32F4xx_HAL_Driver/Src/stm32f4xx_hal.o
                0x08000e9c                HAL_Delay
 .text.HAL_ADC_Init
                0x08000ee4       0x86 ./Drivers/STM32F4xx_HAL_Driver/Src/stm32f4xx_hal_adc.o
                0x08000ee4                HAL_ADC_Init
 *fill*         0x08000f6a        0x2 
 .text.HAL_ADC_ConfigChannel
                0x08000f6c      0x264 ./Drivers/STM32F4xx_HAL_Driver/Src/stm32f4xx_hal_adc.o
                0x08000f6c                HAL_ADC_ConfigChannel
 .text.ADC_Init
                0x080011d0      0x1f8 ./Drivers/STM32F4xx_HAL_Driver/Src/stm32f4xx_hal_adc.o
 .text.__NVIC_SetPriorityGrouping
                0x080013c8       0x48 ./Drivers/STM32F4xx_HAL_Driver/Src/stm32f4xx_hal_cortex.o
 .text.__NVIC_GetPriorityGrouping
                0x08001410       0x1c ./Drivers/STM32F4xx_HAL_Driver/Src/stm32f4xx_hal_cortex.o
 .text.__NVIC_EnableIRQ
                0x0800142c       0x3c ./Drivers/STM32F4xx_HAL_Driver/Src/stm32f4xx_hal_cortex.o
 .text.__NVIC_SetPriority
                0x08001468       0x54 ./Drivers/STM32F4xx_HAL_Driver/Src/stm32f4xx_hal_cortex.o
 .text.NVIC_EncodePriority
                0x080014bc       0x66 ./Drivers/STM32F4xx_HAL_Driver/Src/stm32f4xx_hal_cortex.o
 *fill*         0x08001522        0x2 
 .text.SysTick_Config
                0x08001524       0x44 ./Drivers/STM32F4xx_HAL_Driver/Src/stm32f4xx_hal_cortex.o
 .text.HAL_NVIC_SetPriorityGrouping
                0x08001568       0x16 ./Drivers/STM32F4xx_HAL_Driver/Src/stm32f4xx_hal_cortex.o
                0x08001568                HAL_NVIC_SetPriorityGrouping
 .text.HAL_NVIC_SetPriority
                0x0800157e       0x38 ./Drivers/STM32F4xx_HAL_Driver/Src/stm32f4xx_hal_cortex.o
                0x0800157e                HAL_NVIC_SetPriority
 .text.HAL_NVIC_EnableIRQ
                0x080015b6       0x1c ./Drivers/STM32F4xx_HAL_Driver/Src/stm32f4xx_hal_cortex.o
                0x080015b6                HAL_NVIC_EnableIRQ
 .text.HAL_SYSTICK_Config
                0x080015d2       0x18 ./Drivers/STM32F4xx_HAL_Driver/Src/stm32f4xx_hal_cortex.o
                0x080015d2                HAL_SYSTICK_Config
 *fill*         0x080015ea        0x2 
 .text.HAL_DMA_Init
                0x080015ec      0x15c ./Drivers/STM32F4xx_HAL_Driver/Src/stm32f4xx_hal_dma.o
                0x080015ec                HAL_DMA_Init
 .text.HAL_DMA_Start_IT
                0x08001748       0xb0 ./Drivers/STM32F4xx_HAL_Driver/Src/stm32f4xx_hal_dma.o
                0x08001748                HAL_DMA_Start_IT
 .text.HAL_DMA_IRQHandler
                0x080017f8      0x314 ./Drivers/STM32F4xx_HAL_Driver/Src/stm32f4xx_hal_dma.o
                0x080017f8                HAL_DMA_IRQHandler
 .text.DMA_SetConfig
                0x08001b0c       0x5c ./Drivers/STM32F4xx_HAL_Driver/Src/stm32f4xx_hal_dma.o
 .text.DMA_CalcBaseAndBitshift
                0x08001b68       0x6c ./Drivers/STM32F4xx_HAL_Driver/Src/stm32f4xx_hal_dma.o
 .text.DMA_CheckFifoParam
                0x08001bd4       0xf8 ./Drivers/STM32F4xx_HAL_Driver/Src/stm32f4xx_hal_dma.o
 .text.HAL_GPIO_Init
                0x08001ccc      0x308 ./Drivers/STM32F4xx_HAL_Driver/Src/stm32f4xx_hal_gpio.o
                0x08001ccc                HAL_GPIO_Init
 .text.HAL_GPIO_WritePin
                0x08001fd4       0x32 ./Drivers/STM32F4xx_HAL_Driver/Src/stm32f4xx_hal_gpio.o
                0x08001fd4                HAL_GPIO_WritePin
 *fill*         0x08002006        0x2 
 .text.HAL_I2C_Init
                0x08002008      0x288 ./Drivers/STM32F4xx_HAL_Driver/Src/stm32f4xx_hal_i2c.o
                0x08002008                HAL_I2C_Init
 .text.HAL_PCD_Init
                0x08002290      0x21e ./Drivers/STM32F4xx_HAL_Driver/Src/stm32f4xx_hal_pcd.o
                0x08002290                HAL_PCD_Init
 .text.HAL_PCD_Start
                0x080024ae       0x6a ./Drivers/STM32F4xx_HAL_Driver/Src/stm32f4xx_hal_pcd.o
                0x080024ae                HAL_PCD_Start
 .text.HAL_PCD_IRQHandler
                0x08002518      0x942 ./Drivers/STM32F4xx_HAL_Driver/Src/stm32f4xx_hal_pcd.o
                0x08002518                HAL_PCD_IRQHandler
 .text.HAL_PCD_SetAddress
                0x08002e5a       0x48 ./Drivers/STM32F4xx_HAL_Driver/Src/stm32f4xx_hal_pcd.o
                0x08002e5a                HAL_PCD_SetAddress
 .text.HAL_PCD_EP_Open
                0x08002ea2       0xd4 ./Drivers/STM32F4xx_HAL_Driver/Src/stm32f4xx_hal_pcd.o
                0x08002ea2                HAL_PCD_EP_Open
 .text.HAL_PCD_EP_Close
                0x08002f76       0x94 ./Drivers/STM32F4xx_HAL_Driver/Src/stm32f4xx_hal_pcd.o
                0x08002f76                HAL_PCD_EP_Close
 .text.HAL_PCD_EP_Receive
                0x0800300a       0x76 ./Drivers/STM32F4xx_HAL_Driver/Src/stm32f4xx_hal_pcd.o
                0x0800300a                HAL_PCD_EP_Receive
 .text.HAL_PCD_EP_GetRxCount
                0x08003080       0x30 ./Drivers/STM32F4xx_HAL_Driver/Src/stm32f4xx_hal_pcd.o
                0x08003080                HAL_PCD_EP_GetRxCount
 .text.HAL_PCD_EP_Transmit
                0x080030b0       0x74 ./Drivers/STM32F4xx_HAL_Driver/Src/stm32f4xx_hal_pcd.o
                0x080030b0                HAL_PCD_EP_Transmit
 .text.HAL_PCD_EP_SetStall
                0x08003124       0xc6 ./Drivers/STM32F4xx_HAL_Driver/Src/stm32f4xx_hal_pcd.o
                0x08003124                HAL_PCD_EP_SetStall
 .text.HAL_PCD_EP_ClrStall
                0x080031ea       0xac ./Drivers/STM32F4xx_HAL_Driver/Src/stm32f4xx_hal_pcd.o
                0x080031ea                HAL_PCD_EP_ClrStall
 .text.HAL_PCD_EP_Abort
                0x08003296       0x62 ./Drivers/STM32F4xx_HAL_Driver/Src/stm32f4xx_hal_pcd.o
                0x08003296                HAL_PCD_EP_Abort
 .text.PCD_WriteEmptyTxFifo
                0x080032f8      0x118 ./Drivers/STM32F4xx_HAL_Driver/Src/stm32f4xx_hal_pcd.o
 .text.PCD_EP_OutXfrComplete_int
                0x08003410      0x1d0 ./Drivers/STM32F4xx_HAL_Driver/Src/stm32f4xx_hal_pcd.o
 .text.PCD_EP_OutSetupPacket_int
                0x080035e0       0x8c ./Drivers/STM32F4xx_HAL_Driver/Src/stm32f4xx_hal_pcd.o
 .text.HAL_PCDEx_SetTxFiFo
                0x0800366c       0x8e ./Drivers/STM32F4xx_HAL_Driver/Src/stm32f4xx_hal_pcd_ex.o
                0x0800366c                HAL_PCDEx_SetTxFiFo
 .text.HAL_PCDEx_SetRxFiFo
                0x080036fa       0x22 ./Drivers/STM32F4xx_HAL_Driver/Src/stm32f4xx_hal_pcd_ex.o
                0x080036fa                HAL_PCDEx_SetRxFiFo
 .text.HAL_PCDEx_LPM_Callback
                0x0800371c       0x18 ./Drivers/STM32F4xx_HAL_Driver/Src/stm32f4xx_hal_pcd_ex.o
                0x0800371c                HAL_PCDEx_LPM_Callback
 .text.HAL_RCC_OscConfig
                0x08003734      0x4f0 ./Drivers/STM32F4xx_HAL_Driver/Src/stm32f4xx_hal_rcc.o
                0x08003734                HAL_RCC_OscConfig
 .text.HAL_RCC_ClockConfig
                0x08003c24      0x1cc ./Drivers/STM32F4xx_HAL_Driver/Src/stm32f4xx_hal_rcc.o
                0x08003c24                HAL_RCC_ClockConfig
 .text.HAL_RCC_GetSysClockFreq
                0x08003df0      0x188 ./Drivers/STM32F4xx_HAL_Driver/Src/stm32f4xx_hal_rcc.o
                0x08003df0                HAL_RCC_GetSysClockFreq
 .text.HAL_RCC_GetHCLKFreq
                0x08003f78       0x18 ./Drivers/STM32F4xx_HAL_Driver/Src/stm32f4xx_hal_rcc.o
                0x08003f78                HAL_RCC_GetHCLKFreq
 .text.HAL_RCC_GetPCLK1Freq
                0x08003f90       0x28 ./Drivers/STM32F4xx_HAL_Driver/Src/stm32f4xx_hal_rcc.o
                0x08003f90                HAL_RCC_GetPCLK1Freq
 .text.HAL_TIM_Base_Init
                0x08003fb8       0x9e ./Drivers/STM32F4xx_HAL_Driver/Src/stm32f4xx_hal_tim.o
                0x08003fb8                HAL_TIM_Base_Init
 .text.HAL_TIM_PWM_Init
                0x08004056       0x9e ./Drivers/STM32F4xx_HAL_Driver/Src/stm32f4xx_hal_tim.o
                0x08004056                HAL_TIM_PWM_Init
 .text.HAL_TIM_PWM_MspInit
                0x080040f4       0x14 ./Drivers/STM32F4xx_HAL_Driver/Src/stm32f4xx_hal_tim.o
                0x080040f4                HAL_TIM_PWM_MspInit
 .text.HAL_TIM_PWM_Start_DMA
                0x08004108      0x360 ./Drivers/STM32F4xx_HAL_Driver/Src/stm32f4xx_hal_tim.o
                0x08004108                HAL_TIM_PWM_Start_DMA
 .text.HAL_TIM_PWM_ConfigChannel
                0x08004468      0x184 ./Drivers/STM32F4xx_HAL_Driver/Src/stm32f4xx_hal_tim.o
                0x08004468                HAL_TIM_PWM_ConfigChannel
 .text.HAL_TIM_ConfigClockSource
                0x080045ec      0x18e ./Drivers/STM32F4xx_HAL_Driver/Src/stm32f4xx_hal_tim.o
                0x080045ec                HAL_TIM_ConfigClockSource
 .text.HAL_TIM_PWM_PulseFinishedCallback
                0x0800477a       0x14 ./Drivers/STM32F4xx_HAL_Driver/Src/stm32f4xx_hal_tim.o
                0x0800477a                HAL_TIM_PWM_PulseFinishedCallback
 .text.HAL_TIM_PWM_PulseFinishedHalfCpltCallback
                0x0800478e       0x14 ./Drivers/STM32F4xx_HAL_Driver/Src/stm32f4xx_hal_tim.o
                0x0800478e                HAL_TIM_PWM_PulseFinishedHalfCpltCallback
 .text.HAL_TIM_ErrorCallback
                0x080047a2       0x14 ./Drivers/STM32F4xx_HAL_Driver/Src/stm32f4xx_hal_tim.o
                0x080047a2                HAL_TIM_ErrorCallback
 .text.TIM_DMAError
                0x080047b6       0x92 ./Drivers/STM32F4xx_HAL_Driver/Src/stm32f4xx_hal_tim.o
                0x080047b6                TIM_DMAError
 .text.TIM_DMADelayPulseCplt
                0x08004848       0xa8 ./Drivers/STM32F4xx_HAL_Driver/Src/stm32f4xx_hal_tim.o
 .text.TIM_DMADelayPulseHalfCplt
                0x080048f0       0x68 ./Drivers/STM32F4xx_HAL_Driver/Src/stm32f4xx_hal_tim.o
                0x080048f0                TIM_DMADelayPulseHalfCplt
 .text.TIM_Base_SetConfig
                0x08004958      0x10c ./Drivers/STM32F4xx_HAL_Driver/Src/stm32f4xx_hal_tim.o
                0x08004958                TIM_Base_SetConfig
 .text.TIM_OC1_SetConfig
                0x08004a64       0xcc ./Drivers/STM32F4xx_HAL_Driver/Src/stm32f4xx_hal_tim.o
 .text.TIM_OC2_SetConfig
                0x08004b30       0xd8 ./Drivers/STM32F4xx_HAL_Driver/Src/stm32f4xx_hal_tim.o
                0x08004b30                TIM_OC2_SetConfig
 .text.TIM_OC3_SetConfig
                0x08004c08       0xd4 ./Drivers/STM32F4xx_HAL_Driver/Src/stm32f4xx_hal_tim.o
 .text.TIM_OC4_SetConfig
                0x08004cdc       0xa0 ./Drivers/STM32F4xx_HAL_Driver/Src/stm32f4xx_hal_tim.o
 .text.TIM_TI1_ConfigInputStage
                0x08004d7c       0x5e ./Drivers/STM32F4xx_HAL_Driver/Src/stm32f4xx_hal_tim.o
 .text.TIM_TI2_ConfigInputStage
                0x08004dda       0x60 ./Drivers/STM32F4xx_HAL_Driver/Src/stm32f4xx_hal_tim.o
 .text.TIM_ITRx_SetConfig
                0x08004e3a       0x36 ./Drivers/STM32F4xx_HAL_Driver/Src/stm32f4xx_hal_tim.o
 .text.TIM_ETR_SetConfig
                0x08004e70       0x40 ./Drivers/STM32F4xx_HAL_Driver/Src/stm32f4xx_hal_tim.o
                0x08004e70                TIM_ETR_SetConfig
 .text.TIM_CCxChannelCmd
                0x08004eb0       0x4a ./Drivers/STM32F4xx_HAL_Driver/Src/stm32f4xx_hal_tim.o
                0x08004eb0                TIM_CCxChannelCmd
 *fill*         0x08004efa        0x2 
 .text.HAL_TIMEx_MasterConfigSynchronization
                0x08004efc       0xdc ./Drivers/STM32F4xx_HAL_Driver/Src/stm32f4xx_hal_tim_ex.o
                0x08004efc                HAL_TIMEx_MasterConfigSynchronization
 .text.USB_CoreInit
                0x08004fd8       0xc8 ./Drivers/STM32F4xx_HAL_Driver/Src/stm32f4xx_ll_usb.o
                0x08004fd8                USB_CoreInit
 .text.USB_SetTurnaroundTime
                0x080050a0      0x144 ./Drivers/STM32F4xx_HAL_Driver/Src/stm32f4xx_ll_usb.o
                0x080050a0                USB_SetTurnaroundTime
 .text.USB_EnableGlobalInt
                0x080051e4       0x22 ./Drivers/STM32F4xx_HAL_Driver/Src/stm32f4xx_ll_usb.o
                0x080051e4                USB_EnableGlobalInt
 .text.USB_DisableGlobalInt
                0x08005206       0x22 ./Drivers/STM32F4xx_HAL_Driver/Src/stm32f4xx_ll_usb.o
                0x08005206                USB_DisableGlobalInt
 .text.USB_SetCurrentMode
                0x08005228       0x98 ./Drivers/STM32F4xx_HAL_Driver/Src/stm32f4xx_ll_usb.o
                0x08005228                USB_SetCurrentMode
 .text.USB_DevInit
                0x080052c0      0x2c8 ./Drivers/STM32F4xx_HAL_Driver/Src/stm32f4xx_ll_usb.o
                0x080052c0                USB_DevInit
 .text.USB_FlushTxFifo
                0x08005588       0x64 ./Drivers/STM32F4xx_HAL_Driver/Src/stm32f4xx_ll_usb.o
                0x08005588                USB_FlushTxFifo
 .text.USB_FlushRxFifo
                0x080055ec       0x5c ./Drivers/STM32F4xx_HAL_Driver/Src/stm32f4xx_ll_usb.o
                0x080055ec                USB_FlushRxFifo
 .text.USB_SetDevSpeed
                0x08005648       0x32 ./Drivers/STM32F4xx_HAL_Driver/Src/stm32f4xx_ll_usb.o
                0x08005648                USB_SetDevSpeed
 .text.USB_GetDevSpeed
                0x0800567a       0x4a ./Drivers/STM32F4xx_HAL_Driver/Src/stm32f4xx_ll_usb.o
                0x0800567a                USB_GetDevSpeed
 .text.USB_ActivateEndpoint
                0x080056c4      0x10e ./Drivers/STM32F4xx_HAL_Driver/Src/stm32f4xx_ll_usb.o
                0x080056c4                USB_ActivateEndpoint
 *fill*         0x080057d2        0x2 
 .text.USB_DeactivateEndpoint
                0x080057d4      0x1b8 ./Drivers/STM32F4xx_HAL_Driver/Src/stm32f4xx_ll_usb.o
                0x080057d4                USB_DeactivateEndpoint
 .text.USB_EPStartXfer
                0x0800598c      0x53c ./Drivers/STM32F4xx_HAL_Driver/Src/stm32f4xx_ll_usb.o
                0x0800598c                USB_EPStartXfer
 .text.USB_EPStopXfer
                0x08005ec8      0x154 ./Drivers/STM32F4xx_HAL_Driver/Src/stm32f4xx_ll_usb.o
                0x08005ec8                USB_EPStopXfer
 .text.USB_WritePacket
                0x0800601c       0x7c ./Drivers/STM32F4xx_HAL_Driver/Src/stm32f4xx_ll_usb.o
                0x0800601c                USB_WritePacket
 .text.USB_ReadPacket
                0x08006098       0xb0 ./Drivers/STM32F4xx_HAL_Driver/Src/stm32f4xx_ll_usb.o
                0x08006098                USB_ReadPacket
 .text.USB_EPSetStall
                0x08006148       0xdc ./Drivers/STM32F4xx_HAL_Driver/Src/stm32f4xx_ll_usb.o
                0x08006148                USB_EPSetStall
 .text.USB_EPClearStall
                0x08006224       0xcc ./Drivers/STM32F4xx_HAL_Driver/Src/stm32f4xx_ll_usb.o
                0x08006224                USB_EPClearStall
 .text.USB_SetDevAddress
                0x080062f0       0x4c ./Drivers/STM32F4xx_HAL_Driver/Src/stm32f4xx_ll_usb.o
                0x080062f0                USB_SetDevAddress
 .text.USB_DevConnect
                0x0800633c       0x42 ./Drivers/STM32F4xx_HAL_Driver/Src/stm32f4xx_ll_usb.o
                0x0800633c                USB_DevConnect
 .text.USB_DevDisconnect
                0x0800637e       0x42 ./Drivers/STM32F4xx_HAL_Driver/Src/stm32f4xx_ll_usb.o
                0x0800637e                USB_DevDisconnect
 .text.USB_ReadInterrupts
                0x080063c0       0x26 ./Drivers/STM32F4xx_HAL_Driver/Src/stm32f4xx_ll_usb.o
                0x080063c0                USB_ReadInterrupts
 .text.USB_ReadDevAllOutEpInterrupt
                0x080063e6       0x34 ./Drivers/STM32F4xx_HAL_Driver/Src/stm32f4xx_ll_usb.o
                0x080063e6                USB_ReadDevAllOutEpInterrupt
 .text.USB_ReadDevAllInEpInterrupt
                0x0800641a       0x34 ./Drivers/STM32F4xx_HAL_Driver/Src/stm32f4xx_ll_usb.o
                0x0800641a                USB_ReadDevAllInEpInterrupt
 .text.USB_ReadDevOutEPInterrupt
                0x0800644e       0x3c ./Drivers/STM32F4xx_HAL_Driver/Src/stm32f4xx_ll_usb.o
                0x0800644e                USB_ReadDevOutEPInterrupt
 .text.USB_ReadDevInEPInterrupt
                0x0800648a       0x5c ./Drivers/STM32F4xx_HAL_Driver/Src/stm32f4xx_ll_usb.o
                0x0800648a                USB_ReadDevInEPInterrupt
 .text.USB_GetMode
                0x080064e6       0x1c ./Drivers/STM32F4xx_HAL_Driver/Src/stm32f4xx_ll_usb.o
                0x080064e6                USB_GetMode
 .text.USB_ActivateSetup
                0x08006502       0x46 ./Drivers/STM32F4xx_HAL_Driver/Src/stm32f4xx_ll_usb.o
                0x08006502                USB_ActivateSetup
 .text.USB_EP0_OutStart
                0x08006548       0xbc ./Drivers/STM32F4xx_HAL_Driver/Src/stm32f4xx_ll_usb.o
                0x08006548                USB_EP0_OutStart
 .text.USB_CoreReset
                0x08006604       0x70 ./Drivers/STM32F4xx_HAL_Driver/Src/stm32f4xx_ll_usb.o
 .text.USBD_CDC_Init
                0x08006674      0x1f0 ./Middlewares/ST/STM32_USB_Device_Library/Class/CDC/Src/usbd_cdc.o
 .text.USBD_CDC_DeInit
                0x08006864      0x104 ./Middlewares/ST/STM32_USB_Device_Library/Class/CDC/Src/usbd_cdc.o
 .text.USBD_CDC_Setup
                0x08006968      0x1b8 ./Middlewares/ST/STM32_USB_Device_Library/Class/CDC/Src/usbd_cdc.o
 .text.USBD_CDC_DataIn
                0x08006b20       0xfe ./Middlewares/ST/STM32_USB_Device_Library/Class/CDC/Src/usbd_cdc.o
 .text.USBD_CDC_DataOut
                0x08006c1e       0x70 ./Middlewares/ST/STM32_USB_Device_Library/Class/CDC/Src/usbd_cdc.o
 .text.USBD_CDC_EP0_RxReady
                0x08006c8e       0x74 ./Middlewares/ST/STM32_USB_Device_Library/Class/CDC/Src/usbd_cdc.o
 *fill*         0x08006d02        0x2 
 .text.USBD_CDC_GetFSCfgDesc
                0x08006d04       0x70 ./Middlewares/ST/STM32_USB_Device_Library/Class/CDC/Src/usbd_cdc.o
 .text.USBD_CDC_GetHSCfgDesc
                0x08006d74       0x70 ./Middlewares/ST/STM32_USB_Device_Library/Class/CDC/Src/usbd_cdc.o
 .text.USBD_CDC_GetOtherSpeedCfgDesc
                0x08006de4       0x70 ./Middlewares/ST/STM32_USB_Device_Library/Class/CDC/Src/usbd_cdc.o
 .text.USBD_CDC_GetDeviceQualifierDescriptor
                0x08006e54       0x20 ./Middlewares/ST/STM32_USB_Device_Library/Class/CDC/Src/usbd_cdc.o
                0x08006e54                USBD_CDC_GetDeviceQualifierDescriptor
 .text.USBD_CDC_RegisterInterface
                0x08006e74       0x34 ./Middlewares/ST/STM32_USB_Device_Library/Class/CDC/Src/usbd_cdc.o
                0x08006e74                USBD_CDC_RegisterInterface
 .text.USBD_CDC_SetTxBuffer
                0x08006ea8       0x44 ./Middlewares/ST/STM32_USB_Device_Library/Class/CDC/Src/usbd_cdc.o
                0x08006ea8                USBD_CDC_SetTxBuffer
 .text.USBD_CDC_SetRxBuffer
                0x08006eec       0x3a ./Middlewares/ST/STM32_USB_Device_Library/Class/CDC/Src/usbd_cdc.o
                0x08006eec                USBD_CDC_SetRxBuffer
 *fill*         0x08006f26        0x2 
 .text.USBD_CDC_ReceivePacket
                0x08006f28       0x6c ./Middlewares/ST/STM32_USB_Device_Library/Class/CDC/Src/usbd_cdc.o
                0x08006f28                USBD_CDC_ReceivePacket
 .text.USBD_Init
                0x08006f94       0x60 ./Middlewares/ST/STM32_USB_Device_Library/Core/Src/usbd_core.o
                0x08006f94                USBD_Init
 .text.USBD_RegisterClass
                0x08006ff4       0x6c ./Middlewares/ST/STM32_USB_Device_Library/Core/Src/usbd_core.o
                0x08006ff4                USBD_RegisterClass
 .text.USBD_Start
                0x08007060       0x18 ./Middlewares/ST/STM32_USB_Device_Library/Core/Src/usbd_core.o
                0x08007060                USBD_Start
 .text.USBD_RunTestMode
                0x08007078       0x16 ./Middlewares/ST/STM32_USB_Device_Library/Core/Src/usbd_core.o
                0x08007078                USBD_RunTestMode
 .text.USBD_SetClassConfig
                0x0800708e       0x38 ./Middlewares/ST/STM32_USB_Device_Library/Core/Src/usbd_core.o
                0x0800708e                USBD_SetClassConfig
 .text.USBD_ClrClassConfig
                0x080070c6       0x34 ./Middlewares/ST/STM32_USB_Device_Library/Core/Src/usbd_core.o
                0x080070c6                USBD_ClrClassConfig
 .text.USBD_LL_SetupStage
                0x080070fa       0xaa ./Middlewares/ST/STM32_USB_Device_Library/Core/Src/usbd_core.o
                0x080070fa                USBD_LL_SetupStage
 .text.USBD_LL_DataOutStage
                0x080071a4      0x178 ./Middlewares/ST/STM32_USB_Device_Library/Core/Src/usbd_core.o
                0x080071a4                USBD_LL_DataOutStage
 .text.USBD_LL_DataInStage
                0x0800731c      0x176 ./Middlewares/ST/STM32_USB_Device_Library/Core/Src/usbd_core.o
                0x0800731c                USBD_LL_DataInStage
 .text.USBD_LL_Reset
                0x08007492       0xa6 ./Middlewares/ST/STM32_USB_Device_Library/Core/Src/usbd_core.o
                0x08007492                USBD_LL_Reset
 .text.USBD_LL_SetSpeed
                0x08007538       0x20 ./Middlewares/ST/STM32_USB_Device_Library/Core/Src/usbd_core.o
                0x08007538                USBD_LL_SetSpeed
 .text.USBD_LL_Suspend
                0x08007558       0x38 ./Middlewares/ST/STM32_USB_Device_Library/Core/Src/usbd_core.o
                0x08007558                USBD_LL_Suspend
 .text.USBD_LL_Resume
                0x08007590       0x30 ./Middlewares/ST/STM32_USB_Device_Library/Core/Src/usbd_core.o
                0x08007590                USBD_LL_Resume
 .text.USBD_LL_SOF
                0x080075c0       0x40 ./Middlewares/ST/STM32_USB_Device_Library/Core/Src/usbd_core.o
                0x080075c0                USBD_LL_SOF
 .text.USBD_LL_IsoINIncomplete
                0x08007600       0x64 ./Middlewares/ST/STM32_USB_Device_Library/Core/Src/usbd_core.o
                0x08007600                USBD_LL_IsoINIncomplete
 .text.USBD_LL_IsoOUTIncomplete
                0x08007664       0x64 ./Middlewares/ST/STM32_USB_Device_Library/Core/Src/usbd_core.o
                0x08007664                USBD_LL_IsoOUTIncomplete
 .text.USBD_LL_DevConnected
                0x080076c8       0x16 ./Middlewares/ST/STM32_USB_Device_Library/Core/Src/usbd_core.o
                0x080076c8                USBD_LL_DevConnected
 .text.USBD_LL_DevDisconnected
                0x080076de       0x46 ./Middlewares/ST/STM32_USB_Device_Library/Core/Src/usbd_core.o
                0x080076de                USBD_LL_DevDisconnected
 .text.USBD_CoreFindIF
                0x08007724       0x1a ./Middlewares/ST/STM32_USB_Device_Library/Core/Src/usbd_core.o
                0x08007724                USBD_CoreFindIF
 .text.USBD_CoreFindEP
                0x0800773e       0x1a ./Middlewares/ST/STM32_USB_Device_Library/Core/Src/usbd_core.o
                0x0800773e                USBD_CoreFindEP
 .text.USBD_GetEpDesc
                0x08007758       0x70 ./Middlewares/ST/STM32_USB_Device_Library/Core/Src/usbd_core.o
                0x08007758                USBD_GetEpDesc
 .text.USBD_GetNextDesc
                0x080077c8       0x38 ./Middlewares/ST/STM32_USB_Device_Library/Core/Src/usbd_core.o
                0x080077c8                USBD_GetNextDesc
 .text.SWAPBYTE
                0x08007800       0x3e ./Middlewares/ST/STM32_USB_Device_Library/Core/Src/usbd_ctlreq.o
 *fill*         0x0800783e        0x2 
 .text.USBD_StdDevReq
                0x08007840       0xe4 ./Middlewares/ST/STM32_USB_Device_Library/Core/Src/usbd_ctlreq.o
                0x08007840                USBD_StdDevReq
 .text.USBD_StdItfReq
                0x08007924       0xd8 ./Middlewares/ST/STM32_USB_Device_Library/Core/Src/usbd_ctlreq.o
                0x08007924                USBD_StdItfReq
 .text.USBD_StdEPReq
                0x080079fc      0x33e ./Middlewares/ST/STM32_USB_Device_Library/Core/Src/usbd_ctlreq.o
                0x080079fc                USBD_StdEPReq
 *fill*         0x08007d3a        0x2 
 .text.USBD_GetDescriptor
                0x08007d3c      0x2d4 ./Middlewares/ST/STM32_USB_Device_Library/Core/Src/usbd_ctlreq.o
 .text.USBD_SetAddress
                0x08008010       0x88 ./Middlewares/ST/STM32_USB_Device_Library/Core/Src/usbd_ctlreq.o
 .text.USBD_SetConfig
                0x08008098      0x154 ./Middlewares/ST/STM32_USB_Device_Library/Core/Src/usbd_ctlreq.o
 .text.USBD_GetConfig
                0x080081ec       0x6c ./Middlewares/ST/STM32_USB_Device_Library/Core/Src/usbd_ctlreq.o
 .text.USBD_GetStatus
                0x08008258       0x68 ./Middlewares/ST/STM32_USB_Device_Library/Core/Src/usbd_ctlreq.o
 .text.USBD_SetFeature
                0x080082c0       0x52 ./Middlewares/ST/STM32_USB_Device_Library/Core/Src/usbd_ctlreq.o
 .text.USBD_ClrFeature
                0x08008312       0x44 ./Middlewares/ST/STM32_USB_Device_Library/Core/Src/usbd_ctlreq.o
 .text.USBD_ParseSetupRequest
                0x08008356       0x74 ./Middlewares/ST/STM32_USB_Device_Library/Core/Src/usbd_ctlreq.o
                0x08008356                USBD_ParseSetupRequest
 .text.USBD_CtlError
                0x080083ca       0x22 ./Middlewares/ST/STM32_USB_Device_Library/Core/Src/usbd_ctlreq.o
                0x080083ca                USBD_CtlError
 .text.USBD_GetString
                0x080083ec       0xa4 ./Middlewares/ST/STM32_USB_Device_Library/Core/Src/usbd_ctlreq.o
                0x080083ec                USBD_GetString
 .text.USBD_GetLen
                0x08008490       0x34 ./Middlewares/ST/STM32_USB_Device_Library/Core/Src/usbd_ctlreq.o
 .text.USBD_CtlSendData
                0x080084c4       0x3c ./Middlewares/ST/STM32_USB_Device_Library/Core/Src/usbd_ioreq.o
                0x080084c4                USBD_CtlSendData
 .text.USBD_CtlContinueSendData
                0x08008500       0x22 ./Middlewares/ST/STM32_USB_Device_Library/Core/Src/usbd_ioreq.o
                0x08008500                USBD_CtlContinueSendData
 .text.USBD_CtlPrepareRx
                0x08008522       0x42 ./Middlewares/ST/STM32_USB_Device_Library/Core/Src/usbd_ioreq.o
                0x08008522                USBD_CtlPrepareRx
 .text.USBD_CtlContinueRx
                0x08008564       0x22 ./Middlewares/ST/STM32_USB_Device_Library/Core/Src/usbd_ioreq.o
                0x08008564                USBD_CtlContinueRx
 .text.USBD_CtlSendStatus
                0x08008586       0x26 ./Middlewares/ST/STM32_USB_Device_Library/Core/Src/usbd_ioreq.o
                0x08008586                USBD_CtlSendStatus
 .text.USBD_CtlReceiveStatus
                0x080085ac       0x26 ./Middlewares/ST/STM32_USB_Device_Library/Core/Src/usbd_ioreq.o
                0x080085ac                USBD_CtlReceiveStatus
 *fill*         0x080085d2        0x2 
 .text.MX_USB_DEVICE_Init
                0x080085d4       0x60 ./USB_DEVICE/App/usb_device.o
                0x080085d4                MX_USB_DEVICE_Init
 .text.CDC_Init_FS
                0x08008634       0x28 ./USB_DEVICE/App/usbd_cdc_if.o
 .text.CDC_DeInit_FS
                0x0800865c       0x10 ./USB_DEVICE/App/usbd_cdc_if.o
 .text.CDC_Control_FS
                0x0800866c       0xbc ./USB_DEVICE/App/usbd_cdc_if.o
 .text.CDC_Receive_FS
                0x08008728       0x28 ./USB_DEVICE/App/usbd_cdc_if.o
 .text.CDC_TransmitCplt_FS
                0x08008750       0x22 ./USB_DEVICE/App/usbd_cdc_if.o
 *fill*         0x08008772        0x2 
 .text.USBD_FS_DeviceDescriptor
                0x08008774       0x24 ./USB_DEVICE/App/usbd_desc.o
                0x08008774                USBD_FS_DeviceDescriptor
 .text.USBD_FS_LangIDStrDescriptor
                0x08008798       0x24 ./USB_DEVICE/App/usbd_desc.o
                0x08008798                USBD_FS_LangIDStrDescriptor
 .text.USBD_FS_ProductStrDescriptor
                0x080087bc       0x3c ./USB_DEVICE/App/usbd_desc.o
                0x080087bc                USBD_FS_ProductStrDescriptor
 .text.USBD_FS_ManufacturerStrDescriptor
                0x080087f8       0x28 ./USB_DEVICE/App/usbd_desc.o
                0x080087f8                USBD_FS_ManufacturerStrDescriptor
 .text.USBD_FS_SerialStrDescriptor
                0x08008820       0x24 ./USB_DEVICE/App/usbd_desc.o
                0x08008820                USBD_FS_SerialStrDescriptor
 .text.USBD_FS_ConfigStrDescriptor
                0x08008844       0x3c ./USB_DEVICE/App/usbd_desc.o
                0x08008844                USBD_FS_ConfigStrDescriptor
 .text.USBD_FS_InterfaceStrDescriptor
                0x08008880       0x3c ./USB_DEVICE/App/usbd_desc.o
                0x08008880                USBD_FS_InterfaceStrDescriptor
 .text.Get_SerialNum
                0x080088bc       0x58 ./USB_DEVICE/App/usbd_desc.o
 .text.IntToUnicode
                0x08008914       0x7e ./USB_DEVICE/App/usbd_desc.o
 *fill*         0x08008992        0x2 
 .text.HAL_PCD_MspInit
                0x08008994       0xa8 ./USB_DEVICE/Target/usbd_conf.o
                0x08008994                HAL_PCD_MspInit
 .text.HAL_PCD_SetupStageCallback
                0x08008a3c       0x24 ./USB_DEVICE/Target/usbd_conf.o
                0x08008a3c                HAL_PCD_SetupStageCallback
 .text.HAL_PCD_DataOutStageCallback
                0x08008a60       0x36 ./USB_DEVICE/Target/usbd_conf.o
                0x08008a60                HAL_PCD_DataOutStageCallback
 .text.HAL_PCD_DataInStageCallback
                0x08008a96       0x34 ./USB_DEVICE/Target/usbd_conf.o
                0x08008a96                HAL_PCD_DataInStageCallback
 .text.HAL_PCD_SOFCallback
                0x08008aca       0x1c ./USB_DEVICE/Target/usbd_conf.o
                0x08008aca                HAL_PCD_SOFCallback
 .text.HAL_PCD_ResetCallback
                0x08008ae6       0x3c ./USB_DEVICE/Target/usbd_conf.o
                0x08008ae6                HAL_PCD_ResetCallback
 *fill*         0x08008b22        0x2 
 .text.HAL_PCD_SuspendCallback
                0x08008b24       0x4c ./USB_DEVICE/Target/usbd_conf.o
                0x08008b24                HAL_PCD_SuspendCallback
 .text.HAL_PCD_ResumeCallback
                0x08008b70       0x1c ./USB_DEVICE/Target/usbd_conf.o
                0x08008b70                HAL_PCD_ResumeCallback
 .text.HAL_PCD_ISOOUTIncompleteCallback
                0x08008b8c       0x24 ./USB_DEVICE/Target/usbd_conf.o
                0x08008b8c                HAL_PCD_ISOOUTIncompleteCallback
 .text.HAL_PCD_ISOINIncompleteCallback
                0x08008bb0       0x24 ./USB_DEVICE/Target/usbd_conf.o
                0x08008bb0                HAL_PCD_ISOINIncompleteCallback
 .text.HAL_PCD_ConnectCallback
                0x08008bd4       0x1c ./USB_DEVICE/Target/usbd_conf.o
                0x08008bd4                HAL_PCD_ConnectCallback
 .text.HAL_PCD_DisconnectCallback
                0x08008bf0       0x1c ./USB_DEVICE/Target/usbd_conf.o
                0x08008bf0                HAL_PCD_DisconnectCallback
 .text.USBD_LL_Init
                0x08008c0c       0x98 ./USB_DEVICE/Target/usbd_conf.o
                0x08008c0c                USBD_LL_Init
 .text.USBD_LL_Start
                0x08008ca4       0x36 ./USB_DEVICE/Target/usbd_conf.o
                0x08008ca4                USBD_LL_Start
 .text.USBD_LL_OpenEP
                0x08008cda       0x4c ./USB_DEVICE/Target/usbd_conf.o
                0x08008cda                USBD_LL_OpenEP
 .text.USBD_LL_CloseEP
                0x08008d26       0x3e ./USB_DEVICE/Target/usbd_conf.o
                0x08008d26                USBD_LL_CloseEP
 .text.USBD_LL_StallEP
                0x08008d64       0x3e ./USB_DEVICE/Target/usbd_conf.o
                0x08008d64                USBD_LL_StallEP
 .text.USBD_LL_ClearStallEP
                0x08008da2       0x3e ./USB_DEVICE/Target/usbd_conf.o
                0x08008da2                USBD_LL_ClearStallEP
 .text.USBD_LL_IsStallEP
                0x08008de0       0x58 ./USB_DEVICE/Target/usbd_conf.o
                0x08008de0                USBD_LL_IsStallEP
 .text.USBD_LL_SetUSBAddress
                0x08008e38       0x3e ./USB_DEVICE/Target/usbd_conf.o
                0x08008e38                USBD_LL_SetUSBAddress
 .text.USBD_LL_Transmit
                0x08008e76       0x42 ./USB_DEVICE/Target/usbd_conf.o
                0x08008e76                USBD_LL_Transmit
 .text.USBD_LL_PrepareReceive
                0x08008eb8       0x42 ./USB_DEVICE/Target/usbd_conf.o
                0x08008eb8                USBD_LL_PrepareReceive
 .text.USBD_LL_GetRxDataSize
                0x08008efa       0x26 ./USB_DEVICE/Target/usbd_conf.o
                0x08008efa                USBD_LL_GetRxDataSize
 .text.USBD_static_malloc
                0x08008f20       0x1c ./USB_DEVICE/Target/usbd_conf.o
                0x08008f20                USBD_static_malloc
 .text.USBD_static_free
                0x08008f3c       0x14 ./USB_DEVICE/Target/usbd_conf.o
                0x08008f3c                USBD_static_free
 .text.USBD_Get_USB_Status
                0x08008f50       0x58 ./USB_DEVICE/Target/usbd_conf.o
                0x08008f50                USBD_Get_USB_Status
 .text.memset   0x08008fa8       0x10 C:/ST/STM32CubeIDE_1.17.0/STM32CubeIDE/plugins/com.st.stm32cube.ide.mcu.externaltools.gnu-tools-for-stm32.14.3.rel1.win32_1.0.100.202602081740/tools/bin/../lib/gcc/arm-none-eabi/14.3.1/../../../../arm-none-eabi/lib/thumb/v7e-m+fp/hard\libc_nano.a(libc_a-memset.o)
                0x08008fa8                memset
 .text.__libc_init_array
                0x08008fb8       0x48 C:/ST/STM32CubeIDE_1.17.0/STM32CubeIDE/plugins/com.st.stm32cube.ide.mcu.externaltools.gnu-tools-for-stm32.14.3.rel1.win32_1.0.100.202602081740/tools/bin/../lib/gcc/arm-none-eabi/14.3.1/../../../../arm-none-eabi/lib/thumb/v7e-m+fp/hard\libc_nano.a(libc_a-init.o)
                0x08008fb8                __libc_init_array
 *(.glue_7)
 .glue_7        0x08009000        0x0 linker stubs
 *(.glue_7t)
 .glue_7t       0x08009000        0x0 linker stubs
 *(.eh_frame)
 .eh_frame      0x08009000        0x0 C:/ST/STM32CubeIDE_1.17.0/STM32CubeIDE/plugins/com.st.stm32cube.ide.mcu.externaltools.gnu-tools-for-stm32.14.3.rel1.win32_1.0.100.202602081740/tools/bin/../lib/gcc/arm-none-eabi/14.3.1/thumb/v7e-m+fp/hard/crtbegin.o
 *(.init)
 .init          0x08009000        0x4 C:/ST/STM32CubeIDE_1.17.0/STM32CubeIDE/plugins/com.st.stm32cube.ide.mcu.externaltools.gnu-tools-for-stm32.14.3.rel1.win32_1.0.100.202602081740/tools/bin/../lib/gcc/arm-none-eabi/14.3.1/thumb/v7e-m+fp/hard/crti.o
                0x08009000                _init
 .init          0x08009004        0x8 C:/ST/STM32CubeIDE_1.17.0/STM32CubeIDE/plugins/com.st.stm32cube.ide.mcu.externaltools.gnu-tools-for-stm32.14.3.rel1.win32_1.0.100.202602081740/tools/bin/../lib/gcc/arm-none-eabi/14.3.1/thumb/v7e-m+fp/hard/crtn.o
 *(.fini)
 .fini          0x0800900c        0x4 C:/ST/STM32CubeIDE_1.17.0/STM32CubeIDE/plugins/com.st.stm32cube.ide.mcu.externaltools.gnu-tools-for-stm32.14.3.rel1.win32_1.0.100.202602081740/tools/bin/../lib/gcc/arm-none-eabi/14.3.1/thumb/v7e-m+fp/hard/crti.o
                0x0800900c                _fini
 .fini          0x08009010        0x8 C:/ST/STM32CubeIDE_1.17.0/STM32CubeIDE/plugins/com.st.stm32cube.ide.mcu.externaltools.gnu-tools-for-stm32.14.3.rel1.win32_1.0.100.202602081740/tools/bin/../lib/gcc/arm-none-eabi/14.3.1/thumb/v7e-m+fp/hard/crtn.o
                0x08009018                        . = ALIGN (0x4)
                0x08009018                        _etext = .

.vfp11_veneer   0x08009018        0x0
 .vfp11_veneer  0x08009018        0x0 linker stubs

.v4_bx          0x08009018        0x0
 .v4_bx         0x08009018        0x0 linker stubs

.iplt           0x08009018        0x0
 .iplt          0x08009018        0x0 C:/ST/STM32CubeIDE_1.17.0/STM32CubeIDE/plugins/com.st.stm32cube.ide.mcu.externaltools.gnu-tools-for-stm32.14.3.rel1.win32_1.0.100.202602081740/tools/bin/../lib/gcc/arm-none-eabi/14.3.1/thumb/v7e-m+fp/hard/crtbegin.o

.rodata         0x08009018       0x68
                0x08009018                        . = ALIGN (0x4)
 *(.rodata)
 .rodata        0x08009018       0x46 ./USB_DEVICE/App/usbd_desc.o
 *(.rodata*)
 *fill*         0x0800905e        0x2 
 .rodata.AHBPrescTable
                0x08009060       0x10 ./Core/Src/system_stm32f4xx.o
                0x08009060                AHBPrescTable
 .rodata.APBPrescTable
                0x08009070        0x8 ./Core/Src/system_stm32f4xx.o
                0x08009070                APBPrescTable
 .rodata.flagBitshiftOffset.0
                0x08009078        0x8 ./Drivers/STM32F4xx_HAL_Driver/Src/stm32f4xx_hal_dma.o
                0x08009080                        . = ALIGN (0x4)

.ARM.extab      0x08009080        0x0
                0x08009080                        . = ALIGN (0x4)
 *(.ARM.extab* .gnu.linkonce.armextab.*)
                0x08009080                        . = ALIGN (0x4)

.ARM            0x08009080        0x8
                0x08009080                        . = ALIGN (0x4)
                0x08009080                        __exidx_start = .
 *(.ARM.exidx*)
 .ARM.exidx     0x08009080        0x8 C:/ST/STM32CubeIDE_1.17.0/STM32CubeIDE/plugins/com.st.stm32cube.ide.mcu.externaltools.gnu-tools-for-stm32.14.3.rel1.win32_1.0.100.202602081740/tools/bin/../lib/gcc/arm-none-eabi/14.3.1/thumb/v7e-m+fp/hard\libgcc.a(_udivmoddi4.o)
                0x08009088                        __exidx_end = .
                0x08009088                        . = ALIGN (0x4)

.preinit_array  0x08009088        0x0
                0x08009088                        . = ALIGN (0x4)
                0x08009088                        PROVIDE (__preinit_array_start = .)
 *(.preinit_array*)
                0x08009088                        PROVIDE (__preinit_array_end = .)
                0x08009088                        . = ALIGN (0x4)

.init_array     0x08009088        0x4
                0x08009088                        . = ALIGN (0x4)
                0x08009088                        PROVIDE (__init_array_start = .)
 *(SORT_BY_NAME(.init_array.*))
 *(.init_array*)
 .init_array    0x08009088        0x4 C:/ST/STM32CubeIDE_1.17.0/STM32CubeIDE/plugins/com.st.stm32cube.ide.mcu.externaltools.gnu-tools-for-stm32.14.3.rel1.win32_1.0.100.202602081740/tools/bin/../lib/gcc/arm-none-eabi/14.3.1/thumb/v7e-m+fp/hard/crtbegin.o
                0x0800908c                        PROVIDE (__init_array_end = .)
                0x0800908c                        . = ALIGN (0x4)

.fini_array     0x0800908c        0x4
                0x0800908c                        . = ALIGN (0x4)
                [!provide]                        PROVIDE (__fini_array_start = .)
 *(SORT_BY_NAME(.fini_array.*))
 *(.fini_array*)
 .fini_array    0x0800908c        0x4 C:/ST/STM32CubeIDE_1.17.0/STM32CubeIDE/plugins/com.st.stm32cube.ide.mcu.externaltools.gnu-tools-for-stm32.14.3.rel1.win32_1.0.100.202602081740/tools/bin/../lib/gcc/arm-none-eabi/14.3.1/thumb/v7e-m+fp/hard/crtbegin.o
                [!provide]                        PROVIDE (__fini_array_end = .)
                0x08009090                        . = ALIGN (0x4)
                0x08009090                        _sidata = LOADADDR (.data)

.rel.dyn        0x08009090        0x0
 .rel.iplt      0x08009090        0x0 C:/ST/STM32CubeIDE_1.17.0/STM32CubeIDE/plugins/com.st.stm32cube.ide.mcu.externaltools.gnu-tools-for-stm32.14.3.rel1.win32_1.0.100.202602081740/tools/bin/../lib/gcc/arm-none-eabi/14.3.1/thumb/v7e-m+fp/hard/crtbegin.o

.data           0x20000000       0xfc load address 0x08009090
                0x20000000                        . = ALIGN (0x4)
                0x20000000                        _sdata = .
 *(.data)
 *(.data*)
 .data.SystemCoreClock
                0x20000000        0x4 ./Core/Src/system_stm32f4xx.o
                0x20000000                SystemCoreClock
 .data.uwTickPrio
                0x20000004        0x4 ./Drivers/STM32F4xx_HAL_Driver/Src/stm32f4xx_hal.o
                0x20000004                uwTickPrio
 .data.uwTickFreq
                0x20000008        0x1 ./Drivers/STM32F4xx_HAL_Driver/Src/stm32f4xx_hal.o
                0x20000008                uwTickFreq
 *fill*         0x20000009        0x3 
 .data.USBD_CDC_DeviceQualifierDesc
                0x2000000c        0xa ./Middlewares/ST/STM32_USB_Device_Library/Class/CDC/Src/usbd_cdc.o
 *fill*         0x20000016        0x2 
 .data.USBD_CDC
                0x20000018       0x38 ./Middlewares/ST/STM32_USB_Device_Library/Class/CDC/Src/usbd_cdc.o
                0x20000018                USBD_CDC
 .data.USBD_CDC_CfgDesc
                0x20000050       0x43 ./Middlewares/ST/STM32_USB_Device_Library/Class/CDC/Src/usbd_cdc.o
 .data.CDCInEpAdd
                0x20000093        0x1 ./Middlewares/ST/STM32_USB_Device_Library/Class/CDC/Src/usbd_cdc.o
 .data.CDCOutEpAdd
                0x20000094        0x1 ./Middlewares/ST/STM32_USB_Device_Library/Class/CDC/Src/usbd_cdc.o
 .data.CDCCmdEpAdd
                0x20000095        0x1 ./Middlewares/ST/STM32_USB_Device_Library/Class/CDC/Src/usbd_cdc.o
 *fill*         0x20000096        0x2 
 .data.USBD_Interface_fops_FS
                0x20000098       0x14 ./USB_DEVICE/App/usbd_cdc_if.o
                0x20000098                USBD_Interface_fops_FS
 .data.FS_Desc  0x200000ac       0x1c ./USB_DEVICE/App/usbd_desc.o
                0x200000ac                FS_Desc
 .data.USBD_FS_DeviceDesc
                0x200000c8       0x12 ./USB_DEVICE/App/usbd_desc.o
                0x200000c8                USBD_FS_DeviceDesc
 *fill*         0x200000da        0x2 
 .data.USBD_LangIDDesc
                0x200000dc        0x4 ./USB_DEVICE/App/usbd_desc.o
                0x200000dc                USBD_LangIDDesc
 .data.USBD_StringSerial
                0x200000e0       0x1a ./USB_DEVICE/App/usbd_desc.o
                0x200000e0                USBD_StringSerial
 *(.RamFunc)
 *(.RamFunc*)
                0x200000fc                        . = ALIGN (0x4)
 *fill*         0x200000fa        0x2 
                0x200000fc                        _edata = .

.igot.plt       0x200000fc        0x0 load address 0x0800918c
 .igot.plt      0x200000fc        0x0 C:/ST/STM32CubeIDE_1.17.0/STM32CubeIDE/plugins/com.st.stm32cube.ide.mcu.externaltools.gnu-tools-for-stm32.14.3.rel1.win32_1.0.100.202602081740/tools/bin/../lib/gcc/arm-none-eabi/14.3.1/thumb/v7e-m+fp/hard/crtbegin.o
                0x200000fc                        . = ALIGN (0x4)

.bss            0x200000fc     0x1da8 load address 0x0800918c
                0x200000fc                        _sbss = .
                0x200000fc                        __bss_start__ = _sbss
 *(.bss)
 .bss           0x200000fc       0x1c C:/ST/STM32CubeIDE_1.17.0/STM32CubeIDE/plugins/com.st.stm32cube.ide.mcu.externaltools.gnu-tools-for-stm32.14.3.rel1.win32_1.0.100.202602081740/tools/bin/../lib/gcc/arm-none-eabi/14.3.1/thumb/v7e-m+fp/hard/crtbegin.o
 *(.bss*)
 .bss.hadc1     0x20000118       0x48 ./Core/Src/adc.o
                0x20000118                hadc1
 .bss.hdma_adc1
                0x20000160       0x60 ./Core/Src/adc.o
                0x20000160                hdma_adc1
 .bss.hi2c1     0x200001c0       0x54 ./Core/Src/i2c.o
                0x200001c0                hi2c1
 .bss.htim3     0x20000214       0x48 ./Core/Src/tim.o
                0x20000214                htim3
 .bss.hdma_tim3_ch1_trig
                0x2000025c       0x60 ./Core/Src/tim.o
                0x2000025c                hdma_tim3_ch1_trig
 .bss.uwTick    0x200002bc        0x4 ./Drivers/STM32F4xx_HAL_Driver/Src/stm32f4xx_hal.o
                0x200002bc                uwTick
 .bss.cfgidx.0  0x200002c0        0x1 ./Middlewares/ST/STM32_USB_Device_Library/Core/Src/usbd_ctlreq.o
 *fill*         0x200002c1        0x3 
 .bss.hUsbDeviceFS
                0x200002c4      0x2dc ./USB_DEVICE/App/usb_device.o
                0x200002c4                hUsbDeviceFS
 .bss.UserRxBufferFS
                0x200005a0      0x800 ./USB_DEVICE/App/usbd_cdc_if.o
                0x200005a0                UserRxBufferFS
 .bss.UserTxBufferFS
                0x20000da0      0x800 ./USB_DEVICE/App/usbd_cdc_if.o
                0x20000da0                UserTxBufferFS
 .bss.USBD_StrDesc
                0x200015a0      0x200 ./USB_DEVICE/App/usbd_desc.o
                0x200015a0                USBD_StrDesc
 .bss.hpcd_USB_OTG_FS
                0x200017a0      0x4e4 ./USB_DEVICE/Target/usbd_conf.o
                0x200017a0                hpcd_USB_OTG_FS
 .bss.mem.0     0x20001c84      0x220 ./USB_DEVICE/Target/usbd_conf.o
 *(COMMON)
                0x20001ea4                        . = ALIGN (0x4)
                0x20001ea4                        _ebss = .
                0x20001ea4                        __bss_end__ = _ebss

._user_heap_stack
                0x20001ea4      0x604 load address 0x0800918c
                0x20001ea8                        . = ALIGN (0x8)
 *fill*         0x20001ea4        0x4 
                [!provide]                        PROVIDE (end = .)
                0x20001ea8                        PROVIDE (_end = .)
                0x200020a8                        . = (. + _Min_Heap_Size)
 *fill*         0x20001ea8      0x200 
                0x200024a8                        . = (. + _Min_Stack_Size)
 *fill*         0x200020a8      0x400 
                0x200024a8                        . = ALIGN (0x8)

/DISCARD/
 libc.a(*)
 libm.a(*)
 libgcc.a(*)

.ARM.attributes
                0x00000000       0x30
 *(.ARM.attributes)
 .ARM.attributes
                0x00000000       0x22 C:/ST/STM32CubeIDE_1.17.0/STM32CubeIDE/plugins/com.st.stm32cube.ide.mcu.externaltools.gnu-tools-for-stm32.14.3.rel1.win32_1.0.100.202602081740/tools/bin/../lib/gcc/arm-none-eabi/14.3.1/thumb/v7e-m+fp/hard/crti.o
 .ARM.attributes
                0x00000022       0x34 C:/ST/STM32CubeIDE_1.17.0/STM32CubeIDE/plugins/com.st.stm32cube.ide.mcu.externaltools.gnu-tools-for-stm32.14.3.rel1.win32_1.0.100.202602081740/tools/bin/../lib/gcc/arm-none-eabi/14.3.1/thumb/v7e-m+fp/hard/crtbegin.o
 .ARM.attributes
                0x00000056       0x34 ./Core/Src/adc.o
 .ARM.attributes
                0x0000008a       0x34 ./Core/Src/dma.o
 .ARM.attributes
                0x000000be       0x34 ./Core/Src/gpio.o
 .ARM.attributes
                0x000000f2       0x34 ./Core/Src/i2c.o
 .ARM.attributes
                0x00000126       0x34 ./Core/Src/main.o
 .ARM.attributes
                0x0000015a       0x34 ./Core/Src/measurements.o
 .ARM.attributes
                0x0000018e       0x34 ./Core/Src/stm32f4xx_hal_msp.o
 .ARM.attributes
                0x000001c2       0x34 ./Core/Src/stm32f4xx_it.o
 .ARM.attributes
                0x000001f6       0x34 ./Core/Src/system_stm32f4xx.o
 .ARM.attributes
                0x0000022a       0x34 ./Core/Src/tim.o
 .ARM.attributes
                0x0000025e       0x21 ./Core/Startup/startup_stm32f411ceux.o
 .ARM.attributes
                0x0000027f       0x34 ./Drivers/STM32F4xx_HAL_Driver/Src/stm32f4xx_hal.o
 .ARM.attributes
                0x000002b3       0x34 ./Drivers/STM32F4xx_HAL_Driver/Src/stm32f4xx_hal_adc.o
 .ARM.attributes
                0x000002e7       0x34 ./Drivers/STM32F4xx_HAL_Driver/Src/stm32f4xx_hal_cortex.o
 .ARM.attributes
                0x0000031b       0x34 ./Drivers/STM32F4xx_HAL_Driver/Src/stm32f4xx_hal_dma.o
 .ARM.attributes
                0x0000034f       0x34 ./Drivers/STM32F4xx_HAL_Driver/Src/stm32f4xx_hal_gpio.o
 .ARM.attributes
                0x00000383       0x34 ./Drivers/STM32F4xx_HAL_Driver/Src/stm32f4xx_hal_i2c.o
 .ARM.attributes
                0x000003b7       0x34 ./Drivers/STM32F4xx_HAL_Driver/Src/stm32f4xx_hal_pcd.o
 .ARM.attributes
                0x000003eb       0x34 ./Drivers/STM32F4xx_HAL_Driver/Src/stm32f4xx_hal_pcd_ex.o
 .ARM.attributes
                0x0000041f       0x34 ./Drivers/STM32F4xx_HAL_Driver/Src/stm32f4xx_hal_rcc.o
 .ARM.attributes
                0x00000453       0x34 ./Drivers/STM32F4xx_HAL_Driver/Src/stm32f4xx_hal_tim.o
 .ARM.attributes
                0x00000487       0x34 ./Drivers/STM32F4xx_HAL_Driver/Src/stm32f4xx_hal_tim_ex.o
 .ARM.attributes
                0x000004bb       0x34 ./Drivers/STM32F4xx_HAL_Driver/Src/stm32f4xx_ll_usb.o
 .ARM.attributes
                0x000004ef       0x34 ./Middlewares/ST/STM32_USB_Device_Library/Class/CDC/Src/usbd_cdc.o
 .ARM.attributes
                0x00000523       0x34 ./Middlewares/ST/STM32_USB_Device_Library/Core/Src/usbd_core.o
 .ARM.attributes
                0x00000557       0x34 ./Middlewares/ST/STM32_USB_Device_Library/Core/Src/usbd_ctlreq.o
 .ARM.attributes
                0x0000058b       0x34 ./Middlewares/ST/STM32_USB_Device_Library/Core/Src/usbd_ioreq.o
 .ARM.attributes
                0x000005bf       0x34 ./USB_DEVICE/App/usb_device.o
 .ARM.attributes
                0x000005f3       0x34 ./USB_DEVICE/App/usbd_cdc_if.o
 .ARM.attributes
                0x00000627       0x34 ./USB_DEVICE/App/usbd_desc.o
 .ARM.attributes
                0x0000065b       0x34 ./USB_DEVICE/Target/usbd_conf.o
 .ARM.attributes
                0x0000068f       0x34 C:/ST/STM32CubeIDE_1.17.0/STM32CubeIDE/plugins/com.st.stm32cube.ide.mcu.externaltools.gnu-tools-for-stm32.14.3.rel1.win32_1.0.100.202602081740/tools/bin/../lib/gcc/arm-none-eabi/14.3.1/../../../../arm-none-eabi/lib/thumb/v7e-m+fp/hard\libc_nano.a(libc_a-memset.o)
 .ARM.attributes
                0x000006c3       0x34 C:/ST/STM32CubeIDE_1.17.0/STM32CubeIDE/plugins/com.st.stm32cube.ide.mcu.externaltools.gnu-tools-for-stm32.14.3.rel1.win32_1.0.100.202602081740/tools/bin/../lib/gcc/arm-none-eabi/14.3.1/../../../../arm-none-eabi/lib/thumb/v7e-m+fp/hard\libc_nano.a(libc_a-init.o)
 .ARM.attributes
                0x000006f7       0x22 C:/ST/STM32CubeIDE_1.17.0/STM32CubeIDE/plugins/com.st.stm32cube.ide.mcu.externaltools.gnu-tools-for-stm32.14.3.rel1.win32_1.0.100.202602081740/tools/bin/../lib/gcc/arm-none-eabi/14.3.1/thumb/v7e-m+fp/hard\libgcc.a(_aeabi_uldivmod.o)
 .ARM.attributes
                0x00000719       0x34 C:/ST/STM32CubeIDE_1.17.0/STM32CubeIDE/plugins/com.st.stm32cube.ide.mcu.externaltools.gnu-tools-for-stm32.14.3.rel1.win32_1.0.100.202602081740/tools/bin/../lib/gcc/arm-none-eabi/14.3.1/thumb/v7e-m+fp/hard\libgcc.a(_udivmoddi4.o)
 .ARM.attributes
                0x0000074d       0x22 C:/ST/STM32CubeIDE_1.17.0/STM32CubeIDE/plugins/com.st.stm32cube.ide.mcu.externaltools.gnu-tools-for-stm32.14.3.rel1.win32_1.0.100.202602081740/tools/bin/../lib/gcc/arm-none-eabi/14.3.1/thumb/v7e-m+fp/hard\libgcc.a(_dvmd_tls.o)
 .ARM.attributes
                0x0000076f       0x22 C:/ST/STM32CubeIDE_1.17.0/STM32CubeIDE/plugins/com.st.stm32cube.ide.mcu.externaltools.gnu-tools-for-stm32.14.3.rel1.win32_1.0.100.202602081740/tools/bin/../lib/gcc/arm-none-eabi/14.3.1/thumb/v7e-m+fp/hard/crtn.o
OUTPUT(f411-l817-tester.elf elf32-littlearm)
LOAD linker stubs
LOAD C:/ST/STM32CubeIDE_1.17.0/STM32CubeIDE/plugins/com.st.stm32cube.ide.mcu.externaltools.gnu-tools-for-stm32.14.3.rel1.win32_1.0.100.202602081740/tools/bin/../lib/gcc/arm-none-eabi/14.3.1/../../../../arm-none-eabi/lib/thumb/v7e-m+fp/hard\libc.a
LOAD C:/ST/STM32CubeIDE_1.17.0/STM32CubeIDE/plugins/com.st.stm32cube.ide.mcu.externaltools.gnu-tools-for-stm32.14.3.rel1.win32_1.0.100.202602081740/tools/bin/../lib/gcc/arm-none-eabi/14.3.1/../../../../arm-none-eabi/lib/thumb/v7e-m+fp/hard\libm.a
LOAD C:/ST/STM32CubeIDE_1.17.0/STM32CubeIDE/plugins/com.st.stm32cube.ide.mcu.externaltools.gnu-tools-for-stm32.14.3.rel1.win32_1.0.100.202602081740/tools/bin/../lib/gcc/arm-none-eabi/14.3.1/thumb/v7e-m+fp/hard\libgcc.a

.debug_info     0x00000000    0x1829e
 .debug_info    0x00000000      0xa06 ./Core/Src/adc.o
 .debug_info    0x00000a06      0x45e ./Core/Src/dma.o
 .debug_info    0x00000e64      0x44b ./Core/Src/gpio.o
 .debug_info    0x000012af      0x9a5 ./Core/Src/i2c.o
 .debug_info    0x00001c54      0xafa ./Core/Src/main.o
 .debug_info    0x0000274e      0x6c7 ./Core/Src/measurements.o
 .debug_info    0x00002e15      0x291 ./Core/Src/stm32f4xx_hal_msp.o
 .debug_info    0x000030a6      0x8b1 ./Core/Src/stm32f4xx_it.o
 .debug_info    0x00003957      0x53e ./Core/Src/system_stm32f4xx.o
 .debug_info    0x00003e95      0xc4e ./Core/Src/tim.o
 .debug_info    0x00004ae3       0x30 ./Core/Startup/startup_stm32f411ceux.o
 .debug_info    0x00004b13      0x8c4 ./Drivers/STM32F4xx_HAL_Driver/Src/stm32f4xx_hal.o
 .debug_info    0x000053d7      0xce0 ./Drivers/STM32F4xx_HAL_Driver/Src/stm32f4xx_hal_adc.o
 .debug_info    0x000060b7      0xcfc ./Drivers/STM32F4xx_HAL_Driver/Src/stm32f4xx_hal_cortex.o
 .debug_info    0x00006db3      0x8e6 ./Drivers/STM32F4xx_HAL_Driver/Src/stm32f4xx_hal_dma.o
 .debug_info    0x00007699      0x6f9 ./Drivers/STM32F4xx_HAL_Driver/Src/stm32f4xx_hal_gpio.o
 .debug_info    0x00007d92     0x2426 ./Drivers/STM32F4xx_HAL_Driver/Src/stm32f4xx_hal_i2c.o
 .debug_info    0x0000a1b8     0x1577 ./Drivers/STM32F4xx_HAL_Driver/Src/stm32f4xx_hal_pcd.o
 .debug_info    0x0000b72f      0x6ea ./Drivers/STM32F4xx_HAL_Driver/Src/stm32f4xx_hal_pcd_ex.o
 .debug_info    0x0000be19      0x904 ./Drivers/STM32F4xx_HAL_Driver/Src/stm32f4xx_hal_rcc.o
 .debug_info    0x0000c71d     0x2996 ./Drivers/STM32F4xx_HAL_Driver/Src/stm32f4xx_hal_tim.o
 .debug_info    0x0000f0b3     0x14d4 ./Drivers/STM32F4xx_HAL_Driver/Src/stm32f4xx_hal_tim_ex.o
 .debug_info    0x00010587     0x1993 ./Drivers/STM32F4xx_HAL_Driver/Src/stm32f4xx_ll_usb.o
 .debug_info    0x00011f1a     0x12a5 ./Middlewares/ST/STM32_USB_Device_Library/Class/CDC/Src/usbd_cdc.o
 .debug_info    0x000131bf      0xe12 ./Middlewares/ST/STM32_USB_Device_Library/Core/Src/usbd_core.o
 .debug_info    0x00013fd1      0xaeb ./Middlewares/ST/STM32_USB_Device_Library/Core/Src/usbd_ctlreq.o
 .debug_info    0x00014abc      0x762 ./Middlewares/ST/STM32_USB_Device_Library/Core/Src/usbd_ioreq.o
 .debug_info    0x0001521e      0x70e ./USB_DEVICE/App/usb_device.o
 .debug_info    0x0001592c      0x907 ./USB_DEVICE/App/usbd_cdc_if.o
 .debug_info    0x00016233      0x458 ./USB_DEVICE/App/usbd_desc.o
 .debug_info    0x0001668b     0x1c13 ./USB_DEVICE/Target/usbd_conf.o

.debug_abbrev   0x00000000     0x3ffa
 .debug_abbrev  0x00000000      0x204 ./Core/Src/adc.o
 .debug_abbrev  0x00000204      0x11b ./Core/Src/dma.o
 .debug_abbrev  0x0000031f      0x151 ./Core/Src/gpio.o
 .debug_abbrev  0x00000470      0x1f0 ./Core/Src/i2c.o
 .debug_abbrev  0x00000660      0x23c ./Core/Src/main.o
 .debug_abbrev  0x0000089c      0x18f ./Core/Src/measurements.o
 .debug_abbrev  0x00000a2b       0xd8 ./Core/Src/stm32f4xx_hal_msp.o
 .debug_abbrev  0x00000b03      0x1bf ./Core/Src/stm32f4xx_it.o
 .debug_abbrev  0x00000cc2      0x11a ./Core/Src/system_stm32f4xx.o
 .debug_abbrev  0x00000ddc      0x211 ./Core/Src/tim.o
 .debug_abbrev  0x00000fed       0x24 ./Core/Startup/startup_stm32f411ceux.o
 .debug_abbrev  0x00001011      0x24b ./Drivers/STM32F4xx_HAL_Driver/Src/stm32f4xx_hal.o
 .debug_abbrev  0x0000125c      0x20e ./Drivers/STM32F4xx_HAL_Driver/Src/stm32f4xx_hal_adc.o
 .debug_abbrev  0x0000146a      0x31d ./Drivers/STM32F4xx_HAL_Driver/Src/stm32f4xx_hal_cortex.o
 .debug_abbrev  0x00001787      0x221 ./Drivers/STM32F4xx_HAL_Driver/Src/stm32f4xx_hal_dma.o
 .debug_abbrev  0x000019a8      0x1d3 ./Drivers/STM32F4xx_HAL_Driver/Src/stm32f4xx_hal_gpio.o
 .debug_abbrev  0x00001b7b      0x2bc ./Drivers/STM32F4xx_HAL_Driver/Src/stm32f4xx_hal_i2c.o
 .debug_abbrev  0x00001e37      0x2b6 ./Drivers/STM32F4xx_HAL_Driver/Src/stm32f4xx_hal_pcd.o
 .debug_abbrev  0x000020ed      0x1da ./Drivers/STM32F4xx_HAL_Driver/Src/stm32f4xx_hal_pcd_ex.o
 .debug_abbrev  0x000022c7      0x2b6 ./Drivers/STM32F4xx_HAL_Driver/Src/stm32f4xx_hal_rcc.o
 .debug_abbrev  0x0000257d      0x28b ./Drivers/STM32F4xx_HAL_Driver/Src/stm32f4xx_hal_tim.o
 .debug_abbrev  0x00002808      0x296 ./Drivers/STM32F4xx_HAL_Driver/Src/stm32f4xx_hal_tim_ex.o
 .debug_abbrev  0x00002a9e      0x2b3 ./Drivers/STM32F4xx_HAL_Driver/Src/stm32f4xx_ll_usb.o
 .debug_abbrev  0x00002d51      0x2d2 ./Middlewares/ST/STM32_USB_Device_Library/Class/CDC/Src/usbd_cdc.o
 .debug_abbrev  0x00003023      0x27c ./Middlewares/ST/STM32_USB_Device_Library/Core/Src/usbd_core.o
 .debug_abbrev  0x0000329f      0x26f ./Middlewares/ST/STM32_USB_Device_Library/Core/Src/usbd_ctlreq.o
 .debug_abbrev  0x0000350e      0x19a ./Middlewares/ST/STM32_USB_Device_Library/Core/Src/usbd_ioreq.o
 .debug_abbrev  0x000036a8      0x195 ./USB_DEVICE/App/usb_device.o
 .debug_abbrev  0x0000383d      0x29d ./USB_DEVICE/App/usbd_cdc_if.o
 .debug_abbrev  0x00003ada      0x1e1 ./USB_DEVICE/App/usbd_desc.o
 .debug_abbrev  0x00003cbb      0x33f ./USB_DEVICE/Target/usbd_conf.o

.debug_aranges  0x00000000     0x15a8
 .debug_aranges
                0x00000000       0x30 ./Core/Src/adc.o
 .debug_aranges
                0x00000030       0x20 ./Core/Src/dma.o
 .debug_aranges
                0x00000050       0x20 ./Core/Src/gpio.o
 .debug_aranges
                0x00000070       0x30 ./Core/Src/i2c.o
 .debug_aranges
                0x000000a0       0x30 ./Core/Src/main.o
 .debug_aranges
                0x000000d0       0x20 ./Core/Src/measurements.o
 .debug_aranges
                0x000000f0       0x20 ./Core/Src/stm32f4xx_hal_msp.o
 .debug_aranges
                0x00000110       0x78 ./Core/Src/stm32f4xx_it.o
 .debug_aranges
                0x00000188       0x28 ./Core/Src/system_stm32f4xx.o
 .debug_aranges
                0x000001b0       0x38 ./Core/Src/tim.o
 .debug_aranges
                0x000001e8       0x28 ./Core/Startup/startup_stm32f411ceux.o
 .debug_aranges
                0x00000210       0xf0 ./Drivers/STM32F4xx_HAL_Driver/Src/stm32f4xx_hal.o
 .debug_aranges
                0x00000300       0xe8 ./Drivers/STM32F4xx_HAL_Driver/Src/stm32f4xx_hal_adc.o
 .debug_aranges
                0x000003e8      0x130 ./Drivers/STM32F4xx_HAL_Driver/Src/stm32f4xx_hal_cortex.o
 .debug_aranges
                0x00000518       0x90 ./Drivers/STM32F4xx_HAL_Driver/Src/stm32f4xx_hal_dma.o
 .debug_aranges
                0x000005a8       0x58 ./Drivers/STM32F4xx_HAL_Driver/Src/stm32f4xx_hal_gpio.o
 .debug_aranges
                0x00000600      0x2a8 ./Drivers/STM32F4xx_HAL_Driver/Src/stm32f4xx_hal_i2c.o
 .debug_aranges
                0x000008a8      0x148 ./Drivers/STM32F4xx_HAL_Driver/Src/stm32f4xx_hal_pcd.o
 .debug_aranges
                0x000009f0       0x38 ./Drivers/STM32F4xx_HAL_Driver/Src/stm32f4xx_hal_pcd_ex.o
 .debug_aranges
                0x00000a28       0x88 ./Drivers/STM32F4xx_HAL_Driver/Src/stm32f4xx_hal_rcc.o
 .debug_aranges
                0x00000ab0      0x3d0 ./Drivers/STM32F4xx_HAL_Driver/Src/stm32f4xx_hal_tim.o
 .debug_aranges
                0x00000e80      0x168 ./Drivers/STM32F4xx_HAL_Driver/Src/stm32f4xx_hal_tim_ex.o
 .debug_aranges
                0x00000fe8      0x1a0 ./Drivers/STM32F4xx_HAL_Driver/Src/stm32f4xx_ll_usb.o
 .debug_aranges
                0x00001188       0x90 ./Middlewares/ST/STM32_USB_Device_Library/Class/CDC/Src/usbd_cdc.o
 .debug_aranges
                0x00001218       0xd8 ./Middlewares/ST/STM32_USB_Device_Library/Core/Src/usbd_core.o
 .debug_aranges
                0x000012f0       0x90 ./Middlewares/ST/STM32_USB_Device_Library/Core/Src/usbd_ctlreq.o
 .debug_aranges
                0x00001380       0x50 ./Middlewares/ST/STM32_USB_Device_Library/Core/Src/usbd_ioreq.o
 .debug_aranges
                0x000013d0       0x20 ./USB_DEVICE/App/usb_device.o
 .debug_aranges
                0x000013f0       0x48 ./USB_DEVICE/App/usbd_cdc_if.o
 .debug_aranges
                0x00001438       0x60 ./USB_DEVICE/App/usbd_desc.o
 .debug_aranges
                0x00001498      0x110 ./USB_DEVICE/Target/usbd_conf.o

.debug_rnglists
                0x00000000     0x109b
 .debug_rnglists
                0x00000000       0x21 ./Core/Src/adc.o
 .debug_rnglists
                0x00000021       0x13 ./Core/Src/dma.o
 .debug_rnglists
                0x00000034       0x14 ./Core/Src/gpio.o
 .debug_rnglists
                0x00000048       0x20 ./Core/Src/i2c.o
 .debug_rnglists
                0x00000068       0x20 ./Core/Src/main.o
 .debug_rnglists
                0x00000088       0x13 ./Core/Src/measurements.o
 .debug_rnglists
                0x0000009b       0x13 ./Core/Src/stm32f4xx_hal_msp.o
 .debug_rnglists
                0x000000ae       0x55 ./Core/Src/stm32f4xx_it.o
 .debug_rnglists
                0x00000103       0x1a ./Core/Src/system_stm32f4xx.o
 .debug_rnglists
                0x0000011d       0x27 ./Core/Src/tim.o
 .debug_rnglists
                0x00000144       0x19 ./Core/Startup/startup_stm32f411ceux.o
 .debug_rnglists
                0x0000015d       0xaf ./Drivers/STM32F4xx_HAL_Driver/Src/stm32f4xx_hal.o
 .debug_rnglists
                0x0000020c       0xb5 ./Drivers/STM32F4xx_HAL_Driver/Src/stm32f4xx_hal_adc.o
 .debug_rnglists
                0x000002c1       0xe0 ./Drivers/STM32F4xx_HAL_Driver/Src/stm32f4xx_hal_cortex.o
 .debug_rnglists
                0x000003a1       0x70 ./Drivers/STM32F4xx_HAL_Driver/Src/stm32f4xx_hal_dma.o
 .debug_rnglists
                0x00000411       0x3f ./Drivers/STM32F4xx_HAL_Driver/Src/stm32f4xx_hal_gpio.o
 .debug_rnglists
                0x00000450      0x23c ./Drivers/STM32F4xx_HAL_Driver/Src/stm32f4xx_hal_i2c.o
 .debug_rnglists
                0x0000068c       0xfa ./Drivers/STM32F4xx_HAL_Driver/Src/stm32f4xx_hal_pcd.o
 .debug_rnglists
                0x00000786       0x26 ./Drivers/STM32F4xx_HAL_Driver/Src/stm32f4xx_hal_pcd_ex.o
 .debug_rnglists
                0x000007ac       0x66 ./Drivers/STM32F4xx_HAL_Driver/Src/stm32f4xx_hal_rcc.o
 .debug_rnglists
                0x00000812      0x31a ./Drivers/STM32F4xx_HAL_Driver/Src/stm32f4xx_hal_tim.o
 .debug_rnglists
                0x00000b2c      0x125 ./Drivers/STM32F4xx_HAL_Driver/Src/stm32f4xx_hal_tim_ex.o
 .debug_rnglists
                0x00000c51      0x147 ./Drivers/STM32F4xx_HAL_Driver/Src/stm32f4xx_ll_usb.o
 .debug_rnglists
                0x00000d98       0x6c ./Middlewares/ST/STM32_USB_Device_Library/Class/CDC/Src/usbd_cdc.o
 .debug_rnglists
                0x00000e04       0xa1 ./Middlewares/ST/STM32_USB_Device_Library/Core/Src/usbd_core.o
 .debug_rnglists
                0x00000ea5       0x6e ./Middlewares/ST/STM32_USB_Device_Library/Core/Src/usbd_ctlreq.o
 .debug_rnglists
                0x00000f13       0x37 ./Middlewares/ST/STM32_USB_Device_Library/Core/Src/usbd_ioreq.o
 .debug_rnglists
                0x00000f4a       0x13 ./USB_DEVICE/App/usb_device.o
 .debug_rnglists
                0x00000f5d       0x32 ./USB_DEVICE/App/usbd_cdc_if.o
 .debug_rnglists
                0x00000f8f       0x43 ./USB_DEVICE/App/usbd_desc.o
 .debug_rnglists
                0x00000fd2       0xc9 ./USB_DEVICE/Target/usbd_conf.o

.debug_macro    0x00000000    0x1b7ac
 .debug_macro   0x00000000      0x242 ./Core/Src/adc.o
 .debug_macro   0x00000242      0xad8 ./Core/Src/adc.o
 .debug_macro   0x00000d1a      0x2a7 ./Core/Src/adc.o
 .debug_macro   0x00000fc1       0x2e ./Core/Src/adc.o
 .debug_macro   0x00000fef       0x28 ./Core/Src/adc.o
 .debug_macro   0x00001017       0x22 ./Core/Src/adc.o
 .debug_macro   0x00001039       0x8e ./Core/Src/adc.o
 .debug_macro   0x000010c7       0x51 ./Core/Src/adc.o
 .debug_macro   0x00001118      0x103 ./Core/Src/adc.o
 .debug_macro   0x0000121b       0x6a ./Core/Src/adc.o
 .debug_macro   0x00001285      0x1df ./Core/Src/adc.o
 .debug_macro   0x00001464       0x1c ./Core/Src/adc.o
 .debug_macro   0x00001480       0x22 ./Core/Src/adc.o
 .debug_macro   0x000014a2       0xfb ./Core/Src/adc.o
 .debug_macro   0x0000159d     0x1011 ./Core/Src/adc.o
 .debug_macro   0x000025ae      0x11f ./Core/Src/adc.o
 .debug_macro   0x000026cd     0xb968 ./Core/Src/adc.o
 .debug_macro   0x0000e035       0x6d ./Core/Src/adc.o
 .debug_macro   0x0000e0a2     0x3693 ./Core/Src/adc.o
 .debug_macro   0x00011735      0x190 ./Core/Src/adc.o
 .debug_macro   0x000118c5       0x5c ./Core/Src/adc.o
 .debug_macro   0x00011921      0x45c ./Core/Src/adc.o
 .debug_macro   0x00011d7d      0x9e9 ./Core/Src/adc.o
 .debug_macro   0x00012766      0x115 ./Core/Src/adc.o
 .debug_macro   0x0001287b      0x11b ./Core/Src/adc.o
 .debug_macro   0x00012996       0xa5 ./Core/Src/adc.o
 .debug_macro   0x00012a3b      0x15f ./Core/Src/adc.o
 .debug_macro   0x00012b9a      0x287 ./Core/Src/adc.o
 .debug_macro   0x00012e21       0x5f ./Core/Src/adc.o
 .debug_macro   0x00012e80      0x236 ./Core/Src/adc.o
 .debug_macro   0x000130b6      0x9e1 ./Core/Src/adc.o
 .debug_macro   0x00013a97      0x38b ./Core/Src/adc.o
 .debug_macro   0x00013e22      0x17d ./Core/Src/adc.o
 .debug_macro   0x00013f9f       0xf9 ./Core/Src/adc.o
 .debug_macro   0x00014098      0x132 ./Core/Src/adc.o
 .debug_macro   0x000141ca      0x264 ./Core/Src/adc.o
 .debug_macro   0x0001442e       0x2e ./Core/Src/adc.o
 .debug_macro   0x0001445c      0x1b5 ./Core/Src/adc.o
 .debug_macro   0x00014611       0x22 ./Core/Src/adc.o
 .debug_macro   0x00014633       0xd6 ./Core/Src/adc.o
 .debug_macro   0x00014709      0x127 ./Core/Src/adc.o
 .debug_macro   0x00014830       0x85 ./Core/Src/adc.o
 .debug_macro   0x000148b5       0x89 ./Core/Src/adc.o
 .debug_macro   0x0001493e      0x8ed ./Core/Src/adc.o
 .debug_macro   0x0001522b       0x47 ./Core/Src/adc.o
 .debug_macro   0x00015272      0x293 ./Core/Src/adc.o
 .debug_macro   0x00015505       0xba ./Core/Src/adc.o
 .debug_macro   0x000155bf      0x126 ./Core/Src/adc.o
 .debug_macro   0x000156e5       0x34 ./Core/Src/adc.o
 .debug_macro   0x00015719      0x242 ./Core/Src/dma.o
 .debug_macro   0x0001595b      0x242 ./Core/Src/gpio.o
 .debug_macro   0x00015b9d      0x242 ./Core/Src/i2c.o
 .debug_macro   0x00015ddf      0x3dc ./Core/Src/main.o
 .debug_macro   0x000161bb       0x61 ./Core/Src/main.o
 .debug_macro   0x0001621c       0x2a ./Core/Src/main.o
 .debug_macro   0x00016246       0x43 ./Core/Src/main.o
 .debug_macro   0x00016289       0x34 ./Core/Src/main.o
 .debug_macro   0x000162bd       0x16 ./Core/Src/main.o
 .debug_macro   0x000162d3       0x3c ./Core/Src/main.o
 .debug_macro   0x0001630f      0x364 ./Core/Src/main.o
 .debug_macro   0x00016673       0x10 ./Core/Src/main.o
 .debug_macro   0x00016683       0x16 ./Core/Src/main.o
 .debug_macro   0x00016699       0x4a ./Core/Src/main.o
 .debug_macro   0x000166e3       0x34 ./Core/Src/main.o
 .debug_macro   0x00016717       0x10 ./Core/Src/main.o
 .debug_macro   0x00016727       0x58 ./Core/Src/main.o
 .debug_macro   0x0001677f       0x8e ./Core/Src/main.o
 .debug_macro   0x0001680d       0x1c ./Core/Src/main.o
 .debug_macro   0x00016829      0x17e ./Core/Src/main.o
 .debug_macro   0x000169a7       0x16 ./Core/Src/main.o
 .debug_macro   0x000169bd       0x16 ./Core/Src/main.o
 .debug_macro   0x000169d3      0x146 ./Core/Src/main.o
 .debug_macro   0x00016b19       0x16 ./Core/Src/main.o
 .debug_macro   0x00016b2f       0x16 ./Core/Src/main.o
 .debug_macro   0x00016b45       0x29 ./Core/Src/main.o
 .debug_macro   0x00016b6e       0x16 ./Core/Src/main.o
 .debug_macro   0x00016b84       0x20 ./Core/Src/main.o
 .debug_macro   0x00016ba4       0x65 ./Core/Src/main.o
 .debug_macro   0x00016c09      0x20f ./Core/Src/main.o
 .debug_macro   0x00016e18      0x233 ./Core/Src/measurements.o
 .debug_macro   0x0001704b      0x238 ./Core/Src/stm32f4xx_hal_msp.o
 .debug_macro   0x00017283      0x242 ./Core/Src/stm32f4xx_it.o
 .debug_macro   0x000174c5      0x229 ./Core/Src/system_stm32f4xx.o
 .debug_macro   0x000176ee      0x242 ./Core/Src/tim.o
 .debug_macro   0x00017930      0x289 ./Drivers/STM32F4xx_HAL_Driver/Src/stm32f4xx_hal.o
 .debug_macro   0x00017bb9      0x22a ./Drivers/STM32F4xx_HAL_Driver/Src/stm32f4xx_hal_adc.o
 .debug_macro   0x00017de3      0x229 ./Drivers/STM32F4xx_HAL_Driver/Src/stm32f4xx_hal_cortex.o
 .debug_macro   0x0001800c      0x22f ./Drivers/STM32F4xx_HAL_Driver/Src/stm32f4xx_hal_dma.o
 .debug_macro   0x0001823b      0x22f ./Drivers/STM32F4xx_HAL_Driver/Src/stm32f4xx_hal_gpio.o
 .debug_macro   0x0001846a      0x277 ./Drivers/STM32F4xx_HAL_Driver/Src/stm32f4xx_hal_i2c.o
 .debug_macro   0x000186e1      0x235 ./Drivers/STM32F4xx_HAL_Driver/Src/stm32f4xx_hal_pcd.o
 .debug_macro   0x00018916      0x229 ./Drivers/STM32F4xx_HAL_Driver/Src/stm32f4xx_hal_pcd_ex.o
 .debug_macro   0x00018b3f      0x24d ./Drivers/STM32F4xx_HAL_Driver/Src/stm32f4xx_hal_rcc.o
 .debug_macro   0x00018d8c      0x22a ./Drivers/STM32F4xx_HAL_Driver/Src/stm32f4xx_hal_tim.o
 .debug_macro   0x00018fb6      0x229 ./Drivers/STM32F4xx_HAL_Driver/Src/stm32f4xx_hal_tim_ex.o
 .debug_macro   0x000191df      0x229 ./Drivers/STM32F4xx_HAL_Driver/Src/stm32f4xx_ll_usb.o
 .debug_macro   0x00019408      0x3c7 ./Middlewares/ST/STM32_USB_Device_Library/Class/CDC/Src/usbd_cdc.o
 .debug_macro   0x000197cf       0x9e ./Middlewares/ST/STM32_USB_Device_Library/Class/CDC/Src/usbd_cdc.o
 .debug_macro   0x0001986d      0x112 ./Middlewares/ST/STM32_USB_Device_Library/Class/CDC/Src/usbd_cdc.o
 .debug_macro   0x0001997f       0x56 ./Middlewares/ST/STM32_USB_Device_Library/Class/CDC/Src/usbd_cdc.o
 .debug_macro   0x000199d5       0x95 ./Middlewares/ST/STM32_USB_Device_Library/Class/CDC/Src/usbd_cdc.o
 .debug_macro   0x00019a6a      0x3ae ./Middlewares/ST/STM32_USB_Device_Library/Core/Src/usbd_core.o
 .debug_macro   0x00019e18      0x215 ./Middlewares/ST/STM32_USB_Device_Library/Core/Src/usbd_core.o
 .debug_macro   0x0001a02d      0x3b8 ./Middlewares/ST/STM32_USB_Device_Library/Core/Src/usbd_ctlreq.o
 .debug_macro   0x0001a3e5      0x3b4 ./Middlewares/ST/STM32_USB_Device_Library/Core/Src/usbd_ioreq.o
 .debug_macro   0x0001a799      0x3e7 ./USB_DEVICE/App/usb_device.o
 .debug_macro   0x0001ab80       0x3a ./USB_DEVICE/App/usb_device.o
 .debug_macro   0x0001abba       0x22 ./USB_DEVICE/App/usb_device.o
 .debug_macro   0x0001abdc       0x16 ./USB_DEVICE/App/usb_device.o
 .debug_macro   0x0001abf2      0x3d2 ./USB_DEVICE/App/usbd_cdc_if.o
 .debug_macro   0x0001afc4       0x10 ./USB_DEVICE/App/usbd_cdc_if.o
 .debug_macro   0x0001afd4      0x3f1 ./USB_DEVICE/App/usbd_desc.o
 .debug_macro   0x0001b3c5       0x1c ./USB_DEVICE/App/usbd_desc.o
 .debug_macro   0x0001b3e1      0x3cb ./USB_DEVICE/Target/usbd_conf.o

.debug_line     0x00000000    0x1e0ac
 .debug_line    0x00000000      0x8a8 ./Core/Src/adc.o
 .debug_line    0x000008a8      0x7f4 ./Core/Src/dma.o
 .debug_line    0x0000109c      0x81f ./Core/Src/gpio.o
 .debug_line    0x000018bb      0x863 ./Core/Src/i2c.o
 .debug_line    0x0000211e      0xae7 ./Core/Src/main.o
 .debug_line    0x00002c05      0x7fe ./Core/Src/measurements.o
 .debug_line    0x00003403      0x7f5 ./Core/Src/stm32f4xx_hal_msp.o
 .debug_line    0x00003bf8      0x8ec ./Core/Src/stm32f4xx_it.o
 .debug_line    0x000044e4      0x86b ./Core/Src/system_stm32f4xx.o
 .debug_line    0x00004d4f      0x8f2 ./Core/Src/tim.o
 .debug_line    0x00005641       0x7a ./Core/Startup/startup_stm32f411ceux.o
 .debug_line    0x000056bb      0xaea ./Drivers/STM32F4xx_HAL_Driver/Src/stm32f4xx_hal.o
 .debug_line    0x000061a5     0x123e ./Drivers/STM32F4xx_HAL_Driver/Src/stm32f4xx_hal_adc.o
 .debug_line    0x000073e3      0xdb7 ./Drivers/STM32F4xx_HAL_Driver/Src/stm32f4xx_hal_cortex.o
 .debug_line    0x0000819a     0x1053 ./Drivers/STM32F4xx_HAL_Driver/Src/stm32f4xx_hal_dma.o
 .debug_line    0x000091ed      0xc00 ./Drivers/STM32F4xx_HAL_Driver/Src/stm32f4xx_hal_gpio.o
 .debug_line    0x00009ded     0x3b94 ./Drivers/STM32F4xx_HAL_Driver/Src/stm32f4xx_hal_i2c.o
 .debug_line    0x0000d981     0x1530 ./Drivers/STM32F4xx_HAL_Driver/Src/stm32f4xx_hal_pcd.o
 .debug_line    0x0000eeb1      0x8b0 ./Drivers/STM32F4xx_HAL_Driver/Src/stm32f4xx_hal_pcd_ex.o
 .debug_line    0x0000f761      0xef4 ./Drivers/STM32F4xx_HAL_Driver/Src/stm32f4xx_hal_rcc.o
 .debug_line    0x00010655     0x362c ./Drivers/STM32F4xx_HAL_Driver/Src/stm32f4xx_hal_tim.o
 .debug_line    0x00013c81     0x19e2 ./Drivers/STM32F4xx_HAL_Driver/Src/stm32f4xx_hal_tim_ex.o
 .debug_line    0x00015663     0x1dc5 ./Drivers/STM32F4xx_HAL_Driver/Src/stm32f4xx_ll_usb.o
 .debug_line    0x00017428      0xf56 ./Middlewares/ST/STM32_USB_Device_Library/Class/CDC/Src/usbd_cdc.o
 .debug_line    0x0001837e     0x100e ./Middlewares/ST/STM32_USB_Device_Library/Core/Src/usbd_core.o
 .debug_line    0x0001938c     0x11d0 ./Middlewares/ST/STM32_USB_Device_Library/Core/Src/usbd_ctlreq.o
 .debug_line    0x0001a55c      0xb15 ./Middlewares/ST/STM32_USB_Device_Library/Core/Src/usbd_ioreq.o
 .debug_line    0x0001b071      0xadb ./USB_DEVICE/App/usb_device.o
 .debug_line    0x0001bb4c      0xb2e ./USB_DEVICE/App/usbd_cdc_if.o
 .debug_line    0x0001c67a      0xb84 ./USB_DEVICE/App/usbd_desc.o
 .debug_line    0x0001d1fe      0xeae ./USB_DEVICE/Target/usbd_conf.o

.debug_str      0x00000000    0x9e28b
 .debug_str     0x00000000    0x9e28b ./Core/Src/adc.o
                              0x93ef5 (size before relaxing)
 .debug_str     0x0009e28b    0x93d57 ./Core/Src/dma.o
 .debug_str     0x0009e28b    0x93a6f ./Core/Src/gpio.o
 .debug_str     0x0009e28b    0x93f91 ./Core/Src/i2c.o
 .debug_str     0x0009e28b    0x983ca ./Core/Src/main.o
 .debug_str     0x0009e28b    0x93d71 ./Core/Src/measurements.o
 .debug_str     0x0009e28b    0x93992 ./Core/Src/stm32f4xx_hal_msp.o
 .debug_str     0x0009e28b    0x93f9a ./Core/Src/stm32f4xx_it.o
 .debug_str     0x0009e28b    0x939a1 ./Core/Src/system_stm32f4xx.o
 .debug_str     0x0009e28b    0x941ac ./Core/Src/tim.o
 .debug_str     0x0009e28b       0x6d ./Core/Startup/startup_stm32f411ceux.o
 .debug_str     0x0009e28b    0x943cd ./Drivers/STM32F4xx_HAL_Driver/Src/stm32f4xx_hal.o
 .debug_str     0x0009e28b    0x93f7c ./Drivers/STM32F4xx_HAL_Driver/Src/stm32f4xx_hal_adc.o
 .debug_str     0x0009e28b    0x94137 ./Drivers/STM32F4xx_HAL_Driver/Src/stm32f4xx_hal_cortex.o
 .debug_str     0x0009e28b    0x93da9 ./Drivers/STM32F4xx_HAL_Driver/Src/stm32f4xx_hal_dma.o
 .debug_str     0x0009e28b    0x93b1c ./Drivers/STM32F4xx_HAL_Driver/Src/stm32f4xx_hal_gpio.o
 .debug_str     0x0009e28b    0x949b2 ./Drivers/STM32F4xx_HAL_Driver/Src/stm32f4xx_hal_i2c.o
 .debug_str     0x0009e28b    0x9446d ./Drivers/STM32F4xx_HAL_Driver/Src/stm32f4xx_hal_pcd.o
 .debug_str     0x0009e28b    0x93d5d ./Drivers/STM32F4xx_HAL_Driver/Src/stm32f4xx_hal_pcd_ex.o
 .debug_str     0x0009e28b    0x93dd5 ./Drivers/STM32F4xx_HAL_Driver/Src/stm32f4xx_hal_rcc.o
 .debug_str     0x0009e28b    0x94d19 ./Drivers/STM32F4xx_HAL_Driver/Src/stm32f4xx_hal_tim.o
 .debug_str     0x0009e28b    0x94525 ./Drivers/STM32F4xx_HAL_Driver/Src/stm32f4xx_hal_tim_ex.o
 .debug_str     0x0009e28b    0x94348 ./Drivers/STM32F4xx_HAL_Driver/Src/stm32f4xx_ll_usb.o
 .debug_str     0x0009e28b    0x98a2f ./Middlewares/ST/STM32_USB_Device_Library/Class/CDC/Src/usbd_cdc.o
 .debug_str     0x0009e28b    0x9838f ./Middlewares/ST/STM32_USB_Device_Library/Core/Src/usbd_core.o
 .debug_str     0x0009e28b    0x981ba ./Middlewares/ST/STM32_USB_Device_Library/Core/Src/usbd_ctlreq.o
 .debug_str     0x0009e28b    0x9808f ./Middlewares/ST/STM32_USB_Device_Library/Core/Src/usbd_ioreq.o
 .debug_str     0x0009e28b    0x98442 ./USB_DEVICE/App/usb_device.o
 .debug_str     0x0009e28b    0x98482 ./USB_DEVICE/App/usbd_cdc_if.o
 .debug_str     0x0009e28b    0x97f87 ./USB_DEVICE/App/usbd_desc.o
 .debug_str     0x0009e28b    0x9913e ./USB_DEVICE/Target/usbd_conf.o

.comment        0x00000000       0x43
 .comment       0x00000000       0x43 ./Core/Src/adc.o
                                 0x44 (size before relaxing)
 .comment       0x00000043       0x44 ./Core/Src/dma.o
 .comment       0x00000043       0x44 ./Core/Src/gpio.o
 .comment       0x00000043       0x44 ./Core/Src/i2c.o
 .comment       0x00000043       0x44 ./Core/Src/main.o
 .comment       0x00000043       0x44 ./Core/Src/measurements.o
 .comment       0x00000043       0x44 ./Core/Src/stm32f4xx_hal_msp.o
 .comment       0x00000043       0x44 ./Core/Src/stm32f4xx_it.o
 .comment       0x00000043       0x44 ./Core/Src/system_stm32f4xx.o
 .comment       0x00000043       0x44 ./Core/Src/tim.o
 .comment       0x00000043       0x44 ./Drivers/STM32F4xx_HAL_Driver/Src/stm32f4xx_hal.o
 .comment       0x00000043       0x44 ./Drivers/STM32F4xx_HAL_Driver/Src/stm32f4xx_hal_adc.o
 .comment       0x00000043       0x44 ./Drivers/STM32F4xx_HAL_Driver/Src/stm32f4xx_hal_cortex.o
 .comment       0x00000043       0x44 ./Drivers/STM32F4xx_HAL_Driver/Src/stm32f4xx_hal_dma.o
 .comment       0x00000043       0x44 ./Drivers/STM32F4xx_HAL_Driver/Src/stm32f4xx_hal_gpio.o
 .comment       0x00000043       0x44 ./Drivers/STM32F4xx_HAL_Driver/Src/stm32f4xx_hal_i2c.o
 .comment       0x00000043       0x44 ./Drivers/STM32F4xx_HAL_Driver/Src/stm32f4xx_hal_pcd.o
 .comment       0x00000043       0x44 ./Drivers/STM32F4xx_HAL_Driver/Src/stm32f4xx_hal_pcd_ex.o
 .comment       0x00000043       0x44 ./Drivers/STM32F4xx_HAL_Driver/Src/stm32f4xx_hal_rcc.o
 .comment       0x00000043       0x44 ./Drivers/STM32F4xx_HAL_Driver/Src/stm32f4xx_hal_tim.o
 .comment       0x00000043       0x44 ./Drivers/STM32F4xx_HAL_Driver/Src/stm32f4xx_hal_tim_ex.o
 .comment       0x00000043       0x44 ./Drivers/STM32F4xx_HAL_Driver/Src/stm32f4xx_ll_usb.o
 .comment       0x00000043       0x44 ./Middlewares/ST/STM32_USB_Device_Library/Class/CDC/Src/usbd_cdc.o
 .comment       0x00000043       0x44 ./Middlewares/ST/STM32_USB_Device_Library/Core/Src/usbd_core.o
 .comment       0x00000043       0x44 ./Middlewares/ST/STM32_USB_Device_Library/Core/Src/usbd_ctlreq.o
 .comment       0x00000043       0x44 ./Middlewares/ST/STM32_USB_Device_Library/Core/Src/usbd_ioreq.o
 .comment       0x00000043       0x44 ./USB_DEVICE/App/usb_device.o
 .comment       0x00000043       0x44 ./USB_DEVICE/App/usbd_cdc_if.o
 .comment       0x00000043       0x44 ./USB_DEVICE/App/usbd_desc.o
 .comment       0x00000043       0x44 ./USB_DEVICE/Target/usbd_conf.o

.debug_frame    0x00000000     0x558c
 .debug_frame   0x00000000       0x7c ./Core/Src/adc.o
 .debug_frame   0x0000007c       0x34 ./Core/Src/dma.o
 .debug_frame   0x000000b0       0x34 ./Core/Src/gpio.o
 .debug_frame   0x000000e4       0x74 ./Core/Src/i2c.o
 .debug_frame   0x00000158       0x68 ./Core/Src/main.o
 .debug_frame   0x000001c0       0x34 ./Core/Src/measurements.o
 .debug_frame   0x000001f4       0x34 ./Core/Src/stm32f4xx_hal_msp.o
 .debug_frame   0x00000228      0x14c ./Core/Src/stm32f4xx_it.o
 .debug_frame   0x00000374       0x50 ./Core/Src/system_stm32f4xx.o
 .debug_frame   0x000003c4       0xa0 ./Core/Src/tim.o
 .debug_frame   0x00000464      0x31c ./Drivers/STM32F4xx_HAL_Driver/Src/stm32f4xx_hal.o
 .debug_frame   0x00000780      0x3bc ./Drivers/STM32F4xx_HAL_Driver/Src/stm32f4xx_hal_adc.o
 .debug_frame   0x00000b3c      0x4b8 ./Drivers/STM32F4xx_HAL_Driver/Src/stm32f4xx_hal_cortex.o
 .debug_frame   0x00000ff4      0x230 ./Drivers/STM32F4xx_HAL_Driver/Src/stm32f4xx_hal_dma.o
 .debug_frame   0x00001224      0x130 ./Drivers/STM32F4xx_HAL_Driver/Src/stm32f4xx_hal_gpio.o